// Jest Snapshot v1, https://goo.gl/fbAQLP

exports[`Select field common component Component default snapshot 1`] = `"<div id=\\"formSelectField-selectFieldId-menu\\" aria-haspopup=\\"true\\" aria-expanded=\\"false\\" class=\\"md-layover md-layover--simplified md-full-width md-menu-container md-menu--select-field react-base-form-select-field \\"><div class=\\"md-select-field__toggle\\"><label for=\\"formSelectField-selectFieldId\\" class=\\"md-floating-label md-floating-label--inactive md-floating-label--inactive-sized md-text--secondary\\">Text label</label><div id=\\"formSelectField-selectFieldId-toggle\\" role=\\"listbox\\" tabindex=\\"0\\" aria-pressed=\\"false\\" class=\\"md-paper md-paper--0 md-fake-btn md-pointer--hover md-fake-btn--no-outline md-select-field\\"><div class=\\"md-icon-separator md-text-field md-text-field--floating-margin md-select-field--text-field\\"><span class=\\"md-icon-text\\"></span><i class=\\"md-icon material-icons\\">arrow_drop_down</i></div><hr class=\\"md-divider md-divider--text-field md-divider--expand-from-left md-divider--select-field\\"><input type=\\"hidden\\" id=\\"formSelectField-selectFieldId\\" value=\\"\\"></div></div></div>"`;

exports[`Select field common component Component on blur text input 1`] = `"<div id=\\"formSelectField-selectFieldId-menu\\" aria-haspopup=\\"true\\" aria-expanded=\\"false\\" class=\\"md-layover md-layover--simplified md-full-width md-menu-container md-menu--select-field react-base-form-select-field \\"><div class=\\"md-select-field__toggle\\"><label for=\\"formSelectField-selectFieldId\\" class=\\"md-floating-label md-floating-label--inactive md-floating-label--inactive-sized md-text--secondary\\">Text label</label><div id=\\"formSelectField-selectFieldId-toggle\\" role=\\"listbox\\" tabindex=\\"0\\" aria-pressed=\\"false\\" class=\\"md-paper md-paper--0 md-fake-btn md-pointer--hover md-fake-btn--no-outline md-select-field\\"><div class=\\"md-icon-separator md-text-field md-text-field--floating-margin md-select-field--text-field\\"><span class=\\"md-icon-text md-drop-enter\\"></span><i class=\\"md-icon material-icons\\">arrow_drop_down</i></div><hr class=\\"md-divider md-divider--text-field md-divider--expand-from-left md-divider--select-field\\"><input type=\\"hidden\\" id=\\"formSelectField-selectFieldId\\" value=\\"newVal\\"></div></div></div>"`;

exports[`Select field common component Component snapshot after on force update 1`] = `"<div id=\\"formSelectField-selectFieldId-menu\\" aria-haspopup=\\"true\\" aria-expanded=\\"false\\" class=\\"md-layover md-layover--simplified md-full-width md-menu-container md-menu--select-field react-base-form-select-field \\"><div class=\\"md-select-field__toggle\\"><label for=\\"formSelectField-selectFieldId\\" class=\\"md-floating-label md-floating-label--inactive md-floating-label--inactive-sized md-text--secondary\\">Text label</label><div id=\\"formSelectField-selectFieldId-toggle\\" role=\\"listbox\\" tabindex=\\"0\\" aria-pressed=\\"false\\" class=\\"md-paper md-paper--0 md-fake-btn md-pointer--hover md-fake-btn--no-outline md-select-field\\"><div class=\\"md-icon-separator md-text-field md-text-field--floating-margin md-select-field--text-field\\"><span class=\\"md-icon-text md-drop-enter\\"></span><i class=\\"md-icon material-icons\\">arrow_drop_down</i></div><hr class=\\"md-divider md-divider--text-field md-divider--expand-from-left md-divider--select-field\\"><input type=\\"hidden\\" id=\\"formSelectField-selectFieldId\\" value=\\"forced!\\"></div></div></div>"`;

exports[`Select field common component Component snapshot with items 1`] = `"<div id=\\"formSelectField-selectFieldId-menu\\" aria-haspopup=\\"true\\" aria-expanded=\\"false\\" class=\\"md-layover md-layover--simplified md-full-width md-menu-container md-menu--select-field react-base-form-select-field \\"><div class=\\"md-select-field__toggle\\"><label for=\\"formSelectField-selectFieldId\\" class=\\"md-floating-label md-floating-label--inactive md-floating-label--inactive-sized md-text--secondary\\">Text label</label><div id=\\"formSelectField-selectFieldId-toggle\\" role=\\"listbox\\" tabindex=\\"0\\" aria-pressed=\\"false\\" class=\\"md-paper md-paper--0 md-fake-btn md-pointer--hover md-fake-btn--no-outline md-select-field\\"><div class=\\"md-icon-separator md-text-field md-text-field--floating-margin md-select-field--text-field\\"><span class=\\"md-icon-text\\"></span><i class=\\"md-icon material-icons\\">arrow_drop_down</i></div><hr class=\\"md-divider md-divider--text-field md-divider--expand-from-left md-divider--select-field\\"><input type=\\"hidden\\" id=\\"formSelectField-selectFieldId\\" value=\\"\\"></div></div></div>"`;

exports[`Select field common component Component snapshot with label with key 1`] = `"<div id=\\"formSelectField-selectFieldId-menu\\" aria-haspopup=\\"true\\" aria-expanded=\\"false\\" class=\\"md-layover md-layover--simplified md-full-width md-menu-container md-menu--select-field react-base-form-select-field \\"><div class=\\"md-select-field__toggle\\"><label for=\\"formSelectField-selectFieldId\\" class=\\"md-floating-label md-floating-label--inactive md-floating-label--inactive-sized md-text--secondary\\">lang_key</label><div id=\\"formSelectField-selectFieldId-toggle\\" role=\\"listbox\\" tabindex=\\"0\\" aria-pressed=\\"false\\" class=\\"md-paper md-paper--0 md-fake-btn md-pointer--hover md-fake-btn--no-outline md-select-field\\"><div class=\\"md-icon-separator md-text-field md-text-field--floating-margin md-select-field--text-field\\"><span class=\\"md-icon-text\\"></span><i class=\\"md-icon material-icons\\">arrow_drop_down</i></div><hr class=\\"md-divider md-divider--text-field md-divider--expand-from-left md-divider--select-field\\"><input type=\\"hidden\\" id=\\"formSelectField-selectFieldId\\" value=\\"\\"></div></div></div>"`;
