// Jest Snapshot v1, https://goo.gl/fbAQLP

exports[`File field common component Component default snapshot 1`] = `"<div class=\\"discover-form-file-field\\"><div id=\\"dropzoneContainer\\" class=\\"dropzone-outer-container\\"><div class=\\"dropzone-inner-container\\"><div class=\\"dropzone-buttons\\"><div class=\\"md-inline-block md-file-input-container\\"><label for=\\"dropzoneFileInput\\" role=\\"button\\" class=\\"md-fake-btn md-pointer--hover md-fake-btn--no-outline md-btn md-btn--raised md-btn--text md-pointer--hover md-text\\" tabindex=\\"0\\" aria-pressed=\\"false\\"><div class=\\"md-ink-container\\"></div><div class=\\"md-icon-separator\\"><span class=\\"md-icon-text\\">newsletter.digest.edit.custom_image.upload.addFiles.one</span></div></label><input id=\\"dropzoneFileInput\\" type=\\"file\\" aria-hidden=\\"true\\" class=\\"md-file-input\\" tabindex=\\"-1\\" value=\\"\\"></div><div class=\\"dropzone-help\\"><i class=\\"md-icon material-icons icon-upload\\"></i><span>newsletter.digest.edit.custom_image.upload.dropFiles.one</span></div></div></div></div></div>"`;

exports[`File field common component Component default snapshot with multiple set to true 1`] = `"<div class=\\"discover-form-file-field\\"><div id=\\"dropzoneContainer\\" class=\\"dropzone-outer-container\\"><div class=\\"dropzone-inner-container\\"><div class=\\"dropzone-buttons\\"><div class=\\"md-inline-block md-file-input-container\\"><label for=\\"dropzoneFileInput\\" role=\\"button\\" class=\\"md-fake-btn md-pointer--hover md-fake-btn--no-outline md-btn md-btn--raised md-btn--text md-pointer--hover md-text\\" tabindex=\\"0\\" aria-pressed=\\"false\\"><div class=\\"md-ink-container\\"></div><div class=\\"md-icon-separator\\"><span class=\\"md-icon-text\\">newsletter.digest.edit.custom_image.upload.addFiles.one</span></div></label><input id=\\"dropzoneFileInput\\" type=\\"file\\" multiple=\\"\\" aria-hidden=\\"true\\" class=\\"md-file-input\\" tabindex=\\"-1\\" value=\\"\\"></div><div class=\\"dropzone-help\\"><i class=\\"md-icon material-icons icon-upload\\"></i><span>newsletter.digest.edit.custom_image.upload.dropFiles.many</span></div></div></div></div></div>"`;

exports[`File field common component Component snapshot after on force update 1`] = `"<div class=\\"discover-form-file-field\\"><div id=\\"dropzoneContainer\\" class=\\"dropzone-outer-container filled-container\\"><div class=\\"dropzone-inner-container\\"><div class=\\"dropzone-buttons\\"><div class=\\"md-inline-block md-file-input-container\\"><label for=\\"dropzoneFileInput\\" role=\\"button\\" class=\\"md-fake-btn md-fake-btn--no-outline md-btn md-btn--flat md-btn--text md-btn--raised-disabled md-text--disabled\\" aria-pressed=\\"false\\" disabled=\\"\\"><div class=\\"md-icon-separator\\"><span class=\\"md-icon-text\\">newsletter.digest.edit.custom_image.upload.addFiles.one</span></div></label><input id=\\"dropzoneFileInput\\" type=\\"file\\" aria-hidden=\\"true\\" class=\\"md-file-input\\" tabindex=\\"-1\\" value=\\"\\" disabled=\\"\\"></div><div class=\\"dropzone-help\\"><i class=\\"md-icon material-icons icon-upload\\"></i><span>newsletter.digest.edit.custom_image.upload.dropFiles.one</span></div></div><div id=\\"dropzoneUploadedFiles\\"><div class=\\"dropzone-upload-files-inner\\"><div class=\\"dropzone-uploaded-file\\"><div class=\\"dropzone-uploaded-file-info\\"><div class=\\"dropzone-uploaded-file-name\\"></div></div><div class=\\"dropzone-uploaded-file-commands\\"><button id=\\"dropzoneUploadedFile0RemoveButton\\" type=\\"button\\" class=\\"md-btn md-btn--flat md-btn--text md-pointer--hover md-text md-inline-block dropzone-uploaded-file-commands-remove\\"><div class=\\"md-ink-container\\"></div><div class=\\"md-icon-separator\\"><i class=\\"md-icon material-icons md-text--inherit\\">close</i><span class=\\"md-icon-text\\"></span></div></button></div></div></div></div></div></div></div>"`;

exports[`File field common component Component snapshot on remove file 1`] = `"<div class=\\"discover-form-file-field\\"><div id=\\"dropzoneContainer\\" class=\\"dropzone-outer-container\\"><div class=\\"dropzone-inner-container\\"><div class=\\"dropzone-buttons\\"><div class=\\"md-inline-block md-file-input-container\\"><label for=\\"dropzoneFileInput\\" role=\\"button\\" class=\\"md-fake-btn md-pointer--hover md-fake-btn--no-outline md-btn md-btn--raised md-btn--text md-pointer--hover md-text\\" tabindex=\\"0\\" aria-pressed=\\"false\\"><div class=\\"md-ink-container\\"></div><div class=\\"md-icon-separator\\"><span class=\\"md-icon-text\\">newsletter.digest.edit.custom_image.upload.addFiles.one</span></div></label><input id=\\"dropzoneFileInput\\" type=\\"file\\" aria-hidden=\\"true\\" class=\\"md-file-input\\" tabindex=\\"-1\\" value=\\"\\"></div><div class=\\"dropzone-help\\"><i class=\\"md-icon material-icons icon-upload\\"></i><span>newsletter.digest.edit.custom_image.upload.dropFiles.one</span></div></div></div></div></div>"`;
