// Jest Snapshot v1, https://goo.gl/fbAQLP

exports[`App Authenticated shows routes 1`] = `
<div
  id="app"
>
  <Connect(Notifications) />
</div>
`;

exports[`App Not authenticated shows loader 1`] = `
<div
  id="appLoader"
>
  <img
    alt=""
    src="/appLoader.svg"
  />
</div>
`;
