// Jest Snapshot v1, https://goo.gl/fbAQLP

exports[`Definition social instagram accounts list Component default snaphsot 1`] = `"<div id=\\"focusFeedSocialDefinitionInstagramAccountsinclude_expressions0\\" class=\\"social-definition-instagram-accounts-list\\"><div id=\\"focusFeedDefinitionSocialInstagramAccountid1\\" class=\\"instagram-account \\"><img src=\\"fakeurl.com\\" alt=\\"\\"/><span>Girona FC</span><span>(@gironafc)</span></div><div id=\\"focusFeedDefinitionSocialInstagramAccountid2\\" class=\\"instagram-account \\"><img src=\\"fakeurl.com\\" alt=\\"\\"/><span>Fake Instagramer</span><span>(@fake_instagramer)</span></div><div id=\\"focusFeedDefinitionSocialInstagramAccountAddNew\\" class=\\"instagram-account-add\\"><i class=\\"md-icon material-icons\\">add</i><span>feed.form.instagram.legend.button_react</span></div></div>"`;

exports[`Definition social instagram accounts list Component snaphsot with an instagram account used in another expression 1`] = `"<div id=\\"focusFeedSocialDefinitionInstagramAccountsinclude_expressions0\\" class=\\"social-definition-instagram-accounts-list\\"><div id=\\"focusFeedDefinitionSocialInstagramAccountid2\\" class=\\"instagram-account \\"><img src=\\"fakeurl.com\\" alt=\\"\\"/><span>Fake Instagramer</span><span>(@fake_instagramer)</span></div><div id=\\"focusFeedDefinitionSocialInstagramAccountAddNew\\" class=\\"instagram-account-add\\"><i class=\\"md-icon material-icons\\">add</i><span>feed.form.instagram.legend.button_react</span></div></div>"`;

exports[`Definition social instagram accounts list Component snaphsot with dialog shown 1`] = `
"<div id=\\"focusFeedSocialDefinitionInstagramAccountsinclude_expressions0\\" className=\\"social-definition-instagram-accounts-list\\">
  <Connect(FocusFeedDefinitionSocialFacebookDialog) onClose={[Function: onClose]} />
  <FocusFeedDefinitionSocialInstagramAccount account={{...}} removable={false} onSelected={[Function: onSelected]} t={[Function: t]} />
  <FocusFeedDefinitionSocialInstagramAccount account={{...}} removable={false} onSelected={[Function: onSelected]} t={[Function: t]} />
  <div id=\\"focusFeedDefinitionSocialInstagramAccountAddNew\\" className=\\"instagram-account-add\\" onClick={[Function: onClick]}>
    <FontIcon iconClassName=\\"material-icons\\">
      add
    </FontIcon>
    <span>
      feed.form.instagram.legend.button_react
    </span>
  </div>
</div>"
`;

exports[`Definition social instagram accounts list Component snaphsot without instagram accounts loaded 1`] = `"<div id=\\"focusFeedSocialDefinitionInstagramAccountsinclude_expressions0\\" class=\\"social-definition-instagram-accounts-list\\"><svg id=\\"focusFeedSocialDefinitionInstagramAccountsLoadinginclude_expressions0\\" role=\\"progressbar\\" aria-valuemin=\\"0\\" aria-valuemax=\\"100\\" class=\\"md-progress md-progress--circular md-block-centered md-progress--circular-indeterminate\\" width=\\"18\\" height=\\"18\\" viewBox=\\"0 0 66 66\\"><circle class=\\"md-circular-progress-path md-circular-progress-path--animated\\" stroke-width=\\"6\\" stroke-linecap=\\"round\\" cx=\\"33\\" cy=\\"33\\" r=\\"30\\"></circle></svg></div>"`;
