// Jest Snapshot v1, https://goo.gl/fbAQLP

exports[`Definition social expression profile Component default snaphsot loading profile 1`] = `"<div class=\\"social-definition-expression profile-expression is-first-expression disabled\\"><span class=\\"definition-expression-label\\">feed.form.or</span><div class=\\"md-selection-control-container definition-expression-enabled \\"><input type=\\"checkbox\\" id=\\"focusFeedDefinitionSocialExpressionProfileEnabledexpr10\\" class=\\"md-selection-control-input\\" name=\\"focusFeedDefinitionSocialExpressionProfileEnabledexpr10\\" aria-hidden=\\"true\\"/><label for=\\"focusFeedDefinitionSocialExpressionProfileEnabledexpr10\\" class=\\"md-selection-control-label md-pointer--hover md-text\\"><div role=\\"checkbox\\" aria-checked=\\"false\\" aria-label=\\"focusFeedDefinitionSocialExpressionProfileEnabledexpr10\\" class=\\"md-fake-btn md-pointer--hover md-fake-btn--no-outline md-selection-control-toggle md-btn md-btn--icon md-text--secondary\\" tabindex=\\"0\\" aria-pressed=\\"false\\"><div class=\\"md-ink-container\\"></div><i class=\\"md-icon material-icons md-text--inherit\\">check_box_outline_blank</i></div></label></div><div class=\\"md-text-field-container md-inline-block md-text-field-container--disabled md-text-field-container--input definition-expressions-query \\"><input type=\\"text\\" value=\\"http://kketa.com\\" id=\\"focusFeedSocialExpressionProfileQueryexpr10\\" disabled=\\"\\" placeholder=\\"https://\\" class=\\"md-text-field md-text-field--margin md-text--disabled\\"/><hr class=\\"md-divider md-divider--text-field md-divider--expand-from-left\\"/></div><button type=\\"button\\" class=\\"md-btn md-btn--icon md-pointer--hover md-btn--tooltip md-inline-block social-definition-profile-expression-help-tooltip\\"><div class=\\"md-ink-container\\"></div><div class=\\"md-tooltip-container\\"><span aria-hidden=\\"true\\"></span></div><i class=\\"md-icon material-icons md-text--inherit\\">help_outline</i></button><svg id=\\"definitionExpressionProfileLoading\\" role=\\"progressbar\\" aria-valuemin=\\"0\\" aria-valuemax=\\"100\\" class=\\"md-progress md-progress--circular md-block-centered md-progress--circular-indeterminate\\" width=\\"24\\" height=\\"24\\" viewBox=\\"0 0 66 66\\"><circle class=\\"md-circular-progress-path md-circular-progress-path--animated\\" stroke-width=\\"6\\" stroke-linecap=\\"round\\" cx=\\"33\\" cy=\\"33\\" r=\\"30\\"></circle></svg><button id=\\"focusFeedSocialExpressionRemoveexpr10\\" type=\\"button\\" class=\\"md-btn md-btn--icon md-pointer--hover md-inline-block definition-expression-remove-button\\"><div class=\\"md-ink-container\\"></div><i class=\\"md-icon material-icons md-text--inherit\\">delete</i></button></div>"`;

exports[`Definition social expression profile Component default snaphsot with and index higher than 0 1`] = `"<div class=\\"social-definition-expression profile-expression disabled\\"><span class=\\"definition-expression-label\\">feed.form.or</span><div class=\\"md-selection-control-container definition-expression-enabled \\"><input type=\\"checkbox\\" id=\\"focusFeedDefinitionSocialExpressionProfileEnabledexpr11\\" class=\\"md-selection-control-input\\" name=\\"focusFeedDefinitionSocialExpressionProfileEnabledexpr11\\" aria-hidden=\\"true\\"/><label for=\\"focusFeedDefinitionSocialExpressionProfileEnabledexpr11\\" class=\\"md-selection-control-label md-pointer--hover md-text\\"><div role=\\"checkbox\\" aria-checked=\\"false\\" aria-label=\\"focusFeedDefinitionSocialExpressionProfileEnabledexpr11\\" class=\\"md-fake-btn md-pointer--hover md-fake-btn--no-outline md-selection-control-toggle md-btn md-btn--icon md-text--secondary\\" tabindex=\\"0\\" aria-pressed=\\"false\\"><div class=\\"md-ink-container\\"></div><i class=\\"md-icon material-icons md-text--inherit\\">check_box_outline_blank</i></div></label></div><div class=\\"md-text-field-container md-inline-block md-text-field-container--disabled md-text-field-container--input definition-expressions-query \\"><input type=\\"text\\" value=\\"http://kketa.com\\" id=\\"focusFeedSocialExpressionProfileQueryexpr11\\" disabled=\\"\\" placeholder=\\"https://\\" class=\\"md-text-field md-text-field--margin md-text--disabled\\"/><hr class=\\"md-divider md-divider--text-field md-divider--expand-from-left\\"/></div><button type=\\"button\\" class=\\"md-btn md-btn--icon md-pointer--hover md-btn--tooltip md-inline-block social-definition-profile-expression-help-tooltip\\"><div class=\\"md-ink-container\\"></div><div class=\\"md-tooltip-container\\"><span aria-hidden=\\"true\\"></span></div><i class=\\"md-icon material-icons md-text--inherit\\">help_outline</i></button><div class=\\"definition-expressions-profile-info\\"><i class=\\"md-icon icon-twitter definition-expression-icon\\"></i><div class=\\"md-inline-block md-avatar md-avatar--default definition-expression-avatar\\"><img src=\\"http://fakeAvatar\\" class=\\"md-avatar-img\\"/></div><a href=\\"http://kketa.com\\" target=\\"_blank\\" class=\\"definition-expression-name\\" rel=\\"noopener noreferrer\\">Fake name</a></div><button id=\\"focusFeedSocialExpressionRemoveexpr11\\" type=\\"button\\" class=\\"md-btn md-btn--icon md-pointer--hover md-inline-block definition-expression-remove-button\\"><div class=\\"md-ink-container\\"></div><i class=\\"md-icon material-icons md-text--inherit\\">delete</i></button></div>"`;

exports[`Definition social expression profile Component default snaphsot with error 1`] = `"<div class=\\"social-definition-expression profile-expression is-first-expression disabled\\"><span class=\\"definition-expression-label\\">feed.form.or</span><div class=\\"md-selection-control-container definition-expression-enabled \\"><input type=\\"checkbox\\" id=\\"focusFeedDefinitionSocialExpressionProfileEnabledexpr10\\" class=\\"md-selection-control-input\\" name=\\"focusFeedDefinitionSocialExpressionProfileEnabledexpr10\\" aria-hidden=\\"true\\"/><label for=\\"focusFeedDefinitionSocialExpressionProfileEnabledexpr10\\" class=\\"md-selection-control-label md-pointer--hover md-text\\"><div role=\\"checkbox\\" aria-checked=\\"false\\" aria-label=\\"focusFeedDefinitionSocialExpressionProfileEnabledexpr10\\" class=\\"md-fake-btn md-pointer--hover md-fake-btn--no-outline md-selection-control-toggle md-btn md-btn--icon md-text--secondary\\" tabindex=\\"0\\" aria-pressed=\\"false\\"><div class=\\"md-ink-container\\"></div><i class=\\"md-icon material-icons md-text--inherit\\">check_box_outline_blank</i></div></label></div><div class=\\"md-text-field-container md-inline-block md-text-field-container--disabled md-text-field-container--input definition-expressions-query wrong-query\\"><input type=\\"text\\" value=\\"http://kketa.com\\" id=\\"focusFeedSocialExpressionProfileQueryexpr10\\" disabled=\\"\\" placeholder=\\"https://\\" class=\\"md-text-field md-text-field--margin md-text--disabled\\"/><hr class=\\"md-divider md-divider--text-field md-divider--expand-from-left md-divider--text-field-error\\"/></div><button type=\\"button\\" class=\\"md-btn md-btn--icon md-pointer--hover md-btn--tooltip md-inline-block social-definition-profile-expression-help-tooltip\\"><div class=\\"md-ink-container\\"></div><div class=\\"md-tooltip-container\\"><span aria-hidden=\\"true\\"></span></div><i class=\\"md-icon material-icons md-text--inherit\\">help_outline</i></button><button id=\\"focusFeedSocialExpressionRemoveexpr10\\" type=\\"button\\" class=\\"md-btn md-btn--icon md-pointer--hover md-inline-block definition-expression-remove-button\\"><div class=\\"md-ink-container\\"></div><i class=\\"md-icon material-icons md-text--inherit\\">delete</i></button></div>"`;

exports[`Definition social expression profile Component default snaphsot with provider 0 1`] = `"<div class=\\"social-definition-expression profile-expression is-first-expression disabled\\"><span class=\\"definition-expression-label\\">feed.form.or</span><div class=\\"md-selection-control-container definition-expression-enabled \\"><input type=\\"checkbox\\" id=\\"focusFeedDefinitionSocialExpressionProfileEnabledexpr10\\" class=\\"md-selection-control-input\\" name=\\"focusFeedDefinitionSocialExpressionProfileEnabledexpr10\\" aria-hidden=\\"true\\"/><label for=\\"focusFeedDefinitionSocialExpressionProfileEnabledexpr10\\" class=\\"md-selection-control-label md-pointer--hover md-text\\"><div role=\\"checkbox\\" aria-checked=\\"false\\" aria-label=\\"focusFeedDefinitionSocialExpressionProfileEnabledexpr10\\" class=\\"md-fake-btn md-pointer--hover md-fake-btn--no-outline md-selection-control-toggle md-btn md-btn--icon md-text--secondary\\" tabindex=\\"0\\" aria-pressed=\\"false\\"><div class=\\"md-ink-container\\"></div><i class=\\"md-icon material-icons md-text--inherit\\">check_box_outline_blank</i></div></label></div><div class=\\"md-text-field-container md-inline-block md-text-field-container--disabled md-text-field-container--input definition-expressions-query \\"><input type=\\"text\\" value=\\"http://kketa.com\\" id=\\"focusFeedSocialExpressionProfileQueryexpr10\\" disabled=\\"\\" placeholder=\\"https://\\" class=\\"md-text-field md-text-field--margin md-text--disabled\\"/><hr class=\\"md-divider md-divider--text-field md-divider--expand-from-left\\"/></div><button type=\\"button\\" class=\\"md-btn md-btn--icon md-pointer--hover md-btn--tooltip md-inline-block social-definition-profile-expression-help-tooltip\\"><div class=\\"md-ink-container\\"></div><div class=\\"md-tooltip-container\\"><span aria-hidden=\\"true\\"></span></div><i class=\\"md-icon material-icons md-text--inherit\\">help_outline</i></button><svg id=\\"definitionExpressionProfileLoading\\" role=\\"progressbar\\" aria-valuemin=\\"0\\" aria-valuemax=\\"100\\" class=\\"md-progress md-progress--circular md-block-centered md-progress--circular-indeterminate\\" width=\\"24\\" height=\\"24\\" viewBox=\\"0 0 66 66\\"><circle class=\\"md-circular-progress-path md-circular-progress-path--animated\\" stroke-width=\\"6\\" stroke-linecap=\\"round\\" cx=\\"33\\" cy=\\"33\\" r=\\"30\\"></circle></svg><button id=\\"focusFeedSocialExpressionRemoveexpr10\\" type=\\"button\\" class=\\"md-btn md-btn--icon md-pointer--hover md-inline-block definition-expression-remove-button\\"><div class=\\"md-ink-container\\"></div><i class=\\"md-icon material-icons md-text--inherit\\">delete</i></button></div>"`;

exports[`Definition social expression profile Component default snaphsot with provider 30 1`] = `"<div class=\\"social-definition-expression profile-expression is-first-expression disabled\\"><span class=\\"definition-expression-label\\">feed.form.or</span><div class=\\"md-selection-control-container definition-expression-enabled \\"><input type=\\"checkbox\\" id=\\"focusFeedDefinitionSocialExpressionProfileEnabledexpr10\\" class=\\"md-selection-control-input\\" name=\\"focusFeedDefinitionSocialExpressionProfileEnabledexpr10\\" aria-hidden=\\"true\\"/><label for=\\"focusFeedDefinitionSocialExpressionProfileEnabledexpr10\\" class=\\"md-selection-control-label md-pointer--hover md-text\\"><div role=\\"checkbox\\" aria-checked=\\"false\\" aria-label=\\"focusFeedDefinitionSocialExpressionProfileEnabledexpr10\\" class=\\"md-fake-btn md-pointer--hover md-fake-btn--no-outline md-selection-control-toggle md-btn md-btn--icon md-text--secondary\\" tabindex=\\"0\\" aria-pressed=\\"false\\"><div class=\\"md-ink-container\\"></div><i class=\\"md-icon material-icons md-text--inherit\\">check_box_outline_blank</i></div></label></div><div class=\\"md-text-field-container md-inline-block md-text-field-container--disabled md-text-field-container--input definition-expressions-query \\"><input type=\\"text\\" value=\\"http://kketa.com\\" id=\\"focusFeedSocialExpressionProfileQueryexpr10\\" disabled=\\"\\" placeholder=\\"https://\\" class=\\"md-text-field md-text-field--margin md-text--disabled\\"/><hr class=\\"md-divider md-divider--text-field md-divider--expand-from-left\\"/></div><button type=\\"button\\" class=\\"md-btn md-btn--icon md-pointer--hover md-btn--tooltip md-inline-block social-definition-profile-expression-help-tooltip\\"><div class=\\"md-ink-container\\"></div><div class=\\"md-tooltip-container\\"><span aria-hidden=\\"true\\"></span></div><i class=\\"md-icon material-icons md-text--inherit\\">help_outline</i></button><svg id=\\"definitionExpressionProfileLoading\\" role=\\"progressbar\\" aria-valuemin=\\"0\\" aria-valuemax=\\"100\\" class=\\"md-progress md-progress--circular md-block-centered md-progress--circular-indeterminate\\" width=\\"24\\" height=\\"24\\" viewBox=\\"0 0 66 66\\"><circle class=\\"md-circular-progress-path md-circular-progress-path--animated\\" stroke-width=\\"6\\" stroke-linecap=\\"round\\" cx=\\"33\\" cy=\\"33\\" r=\\"30\\"></circle></svg><button id=\\"focusFeedSocialExpressionRemoveexpr10\\" type=\\"button\\" class=\\"md-btn md-btn--icon md-pointer--hover md-inline-block definition-expression-remove-button\\"><div class=\\"md-ink-container\\"></div><i class=\\"md-icon material-icons md-text--inherit\\">delete</i></button></div>"`;

exports[`Definition social expression profile Component default snaphsot with provider 40 1`] = `"<div class=\\"social-definition-expression profile-expression is-first-expression disabled\\"><span class=\\"definition-expression-label\\">feed.form.or</span><div class=\\"md-selection-control-container definition-expression-enabled \\"><input type=\\"checkbox\\" id=\\"focusFeedDefinitionSocialExpressionProfileEnabledexpr10\\" class=\\"md-selection-control-input\\" name=\\"focusFeedDefinitionSocialExpressionProfileEnabledexpr10\\" aria-hidden=\\"true\\"/><label for=\\"focusFeedDefinitionSocialExpressionProfileEnabledexpr10\\" class=\\"md-selection-control-label md-pointer--hover md-text\\"><div role=\\"checkbox\\" aria-checked=\\"false\\" aria-label=\\"focusFeedDefinitionSocialExpressionProfileEnabledexpr10\\" class=\\"md-fake-btn md-pointer--hover md-fake-btn--no-outline md-selection-control-toggle md-btn md-btn--icon md-text--secondary\\" tabindex=\\"0\\" aria-pressed=\\"false\\"><div class=\\"md-ink-container\\"></div><i class=\\"md-icon material-icons md-text--inherit\\">check_box_outline_blank</i></div></label></div><div class=\\"md-text-field-container md-inline-block md-text-field-container--disabled md-text-field-container--input definition-expressions-query \\"><input type=\\"text\\" value=\\"http://kketa.com\\" id=\\"focusFeedSocialExpressionProfileQueryexpr10\\" disabled=\\"\\" placeholder=\\"https://\\" class=\\"md-text-field md-text-field--margin md-text--disabled\\"/><hr class=\\"md-divider md-divider--text-field md-divider--expand-from-left\\"/></div><button type=\\"button\\" class=\\"md-btn md-btn--icon md-pointer--hover md-btn--tooltip md-inline-block social-definition-profile-expression-help-tooltip\\"><div class=\\"md-ink-container\\"></div><div class=\\"md-tooltip-container\\"><span aria-hidden=\\"true\\"></span></div><i class=\\"md-icon material-icons md-text--inherit\\">help_outline</i></button><svg id=\\"definitionExpressionProfileLoading\\" role=\\"progressbar\\" aria-valuemin=\\"0\\" aria-valuemax=\\"100\\" class=\\"md-progress md-progress--circular md-block-centered md-progress--circular-indeterminate\\" width=\\"24\\" height=\\"24\\" viewBox=\\"0 0 66 66\\"><circle class=\\"md-circular-progress-path md-circular-progress-path--animated\\" stroke-width=\\"6\\" stroke-linecap=\\"round\\" cx=\\"33\\" cy=\\"33\\" r=\\"30\\"></circle></svg><button id=\\"focusFeedSocialExpressionRemoveexpr10\\" type=\\"button\\" class=\\"md-btn md-btn--icon md-pointer--hover md-inline-block definition-expression-remove-button\\"><div class=\\"md-ink-container\\"></div><i class=\\"md-icon material-icons md-text--inherit\\">delete</i></button></div>"`;

exports[`Definition social expression profile Component default snaphsot with provider 51 1`] = `"<div class=\\"social-definition-expression profile-expression is-first-expression disabled\\"><span class=\\"definition-expression-label\\">feed.form.or</span><div class=\\"md-selection-control-container definition-expression-enabled \\"><input type=\\"checkbox\\" id=\\"focusFeedDefinitionSocialExpressionProfileEnabledexpr10\\" class=\\"md-selection-control-input\\" name=\\"focusFeedDefinitionSocialExpressionProfileEnabledexpr10\\" aria-hidden=\\"true\\"/><label for=\\"focusFeedDefinitionSocialExpressionProfileEnabledexpr10\\" class=\\"md-selection-control-label md-pointer--hover md-text\\"><div role=\\"checkbox\\" aria-checked=\\"false\\" aria-label=\\"focusFeedDefinitionSocialExpressionProfileEnabledexpr10\\" class=\\"md-fake-btn md-pointer--hover md-fake-btn--no-outline md-selection-control-toggle md-btn md-btn--icon md-text--secondary\\" tabindex=\\"0\\" aria-pressed=\\"false\\"><div class=\\"md-ink-container\\"></div><i class=\\"md-icon material-icons md-text--inherit\\">check_box_outline_blank</i></div></label></div><div class=\\"md-text-field-container md-inline-block md-text-field-container--disabled md-text-field-container--input definition-expressions-query \\"><input type=\\"text\\" value=\\"http://kketa.com\\" id=\\"focusFeedSocialExpressionProfileQueryexpr10\\" disabled=\\"\\" placeholder=\\"https://\\" class=\\"md-text-field md-text-field--margin md-text--disabled\\"/><hr class=\\"md-divider md-divider--text-field md-divider--expand-from-left\\"/></div><button type=\\"button\\" class=\\"md-btn md-btn--icon md-pointer--hover md-btn--tooltip md-inline-block social-definition-profile-expression-help-tooltip\\"><div class=\\"md-ink-container\\"></div><div class=\\"md-tooltip-container\\"><span aria-hidden=\\"true\\"></span></div><i class=\\"md-icon material-icons md-text--inherit\\">help_outline</i></button><svg id=\\"definitionExpressionProfileLoading\\" role=\\"progressbar\\" aria-valuemin=\\"0\\" aria-valuemax=\\"100\\" class=\\"md-progress md-progress--circular md-block-centered md-progress--circular-indeterminate\\" width=\\"24\\" height=\\"24\\" viewBox=\\"0 0 66 66\\"><circle class=\\"md-circular-progress-path md-circular-progress-path--animated\\" stroke-width=\\"6\\" stroke-linecap=\\"round\\" cx=\\"33\\" cy=\\"33\\" r=\\"30\\"></circle></svg><button id=\\"focusFeedSocialExpressionRemoveexpr10\\" type=\\"button\\" class=\\"md-btn md-btn--icon md-pointer--hover md-inline-block definition-expression-remove-button\\"><div class=\\"md-ink-container\\"></div><i class=\\"md-icon material-icons md-text--inherit\\">delete</i></button></div>"`;

exports[`Definition social expression profile Component default snaphsot with provider 60 1`] = `"<div class=\\"social-definition-expression profile-expression is-first-expression disabled\\"><span class=\\"definition-expression-label\\">feed.form.or</span><div class=\\"md-selection-control-container definition-expression-enabled \\"><input type=\\"checkbox\\" id=\\"focusFeedDefinitionSocialExpressionProfileEnabledexpr10\\" class=\\"md-selection-control-input\\" name=\\"focusFeedDefinitionSocialExpressionProfileEnabledexpr10\\" aria-hidden=\\"true\\"/><label for=\\"focusFeedDefinitionSocialExpressionProfileEnabledexpr10\\" class=\\"md-selection-control-label md-pointer--hover md-text\\"><div role=\\"checkbox\\" aria-checked=\\"false\\" aria-label=\\"focusFeedDefinitionSocialExpressionProfileEnabledexpr10\\" class=\\"md-fake-btn md-pointer--hover md-fake-btn--no-outline md-selection-control-toggle md-btn md-btn--icon md-text--secondary\\" tabindex=\\"0\\" aria-pressed=\\"false\\"><div class=\\"md-ink-container\\"></div><i class=\\"md-icon material-icons md-text--inherit\\">check_box_outline_blank</i></div></label></div><div class=\\"md-text-field-container md-inline-block md-text-field-container--disabled md-text-field-container--input definition-expressions-query \\"><input type=\\"text\\" value=\\"http://kketa.com\\" id=\\"focusFeedSocialExpressionProfileQueryexpr10\\" disabled=\\"\\" placeholder=\\"https://\\" class=\\"md-text-field md-text-field--margin md-text--disabled\\"/><hr class=\\"md-divider md-divider--text-field md-divider--expand-from-left\\"/></div><button type=\\"button\\" class=\\"md-btn md-btn--icon md-pointer--hover md-btn--tooltip md-inline-block social-definition-profile-expression-help-tooltip\\"><div class=\\"md-ink-container\\"></div><div class=\\"md-tooltip-container\\"><span aria-hidden=\\"true\\"></span></div><i class=\\"md-icon material-icons md-text--inherit\\">help_outline</i></button><svg id=\\"definitionExpressionProfileLoading\\" role=\\"progressbar\\" aria-valuemin=\\"0\\" aria-valuemax=\\"100\\" class=\\"md-progress md-progress--circular md-block-centered md-progress--circular-indeterminate\\" width=\\"24\\" height=\\"24\\" viewBox=\\"0 0 66 66\\"><circle class=\\"md-circular-progress-path md-circular-progress-path--animated\\" stroke-width=\\"6\\" stroke-linecap=\\"round\\" cx=\\"33\\" cy=\\"33\\" r=\\"30\\"></circle></svg><button id=\\"focusFeedSocialExpressionRemoveexpr10\\" type=\\"button\\" class=\\"md-btn md-btn--icon md-pointer--hover md-inline-block definition-expression-remove-button\\"><div class=\\"md-ink-container\\"></div><i class=\\"md-icon material-icons md-text--inherit\\">delete</i></button></div>"`;

exports[`Definition social expression profile Component default snaphsot with query enabled 1`] = `"<div class=\\"social-definition-expression profile-expression is-first-expression enabled\\"><span class=\\"definition-expression-label\\">feed.form.or</span><div class=\\"md-selection-control-container definition-expression-enabled checkbox-green\\"><input type=\\"checkbox\\" id=\\"focusFeedDefinitionSocialExpressionProfileEnabledexpr10\\" checked=\\"\\" class=\\"md-selection-control-input\\" name=\\"focusFeedDefinitionSocialExpressionProfileEnabledexpr10\\" aria-hidden=\\"true\\"/><label for=\\"focusFeedDefinitionSocialExpressionProfileEnabledexpr10\\" class=\\"md-selection-control-label md-pointer--hover md-text\\"><div role=\\"checkbox\\" aria-checked=\\"true\\" aria-label=\\"focusFeedDefinitionSocialExpressionProfileEnabledexpr10\\" class=\\"md-fake-btn md-pointer--hover md-fake-btn--no-outline md-selection-control-toggle md-btn md-btn--icon md-text--theme-secondary\\" tabindex=\\"0\\" aria-pressed=\\"false\\"><div class=\\"md-ink-container\\"></div><i class=\\"md-icon material-icons md-text--inherit\\">check_box</i></div></label></div><div class=\\"md-text-field-container md-inline-block md-text-field-container--input definition-expressions-query \\"><input type=\\"text\\" value=\\"http://kketa.com\\" id=\\"focusFeedSocialExpressionProfileQueryexpr10\\" placeholder=\\"https://\\" class=\\"md-text-field md-text-field--margin md-text\\"/><hr class=\\"md-divider md-divider--text-field md-divider--expand-from-left\\"/></div><button type=\\"button\\" class=\\"md-btn md-btn--icon md-pointer--hover md-btn--tooltip md-inline-block social-definition-profile-expression-help-tooltip\\"><div class=\\"md-ink-container\\"></div><div class=\\"md-tooltip-container\\"><span aria-hidden=\\"true\\"></span></div><i class=\\"md-icon material-icons md-text--inherit\\">help_outline</i></button><div class=\\"definition-expressions-profile-info\\"><i class=\\"md-icon icon-twitter definition-expression-icon\\"></i><div class=\\"md-inline-block md-avatar md-avatar--default definition-expression-avatar\\"><img src=\\"http://fakeAvatar\\" class=\\"md-avatar-img\\"/></div><a href=\\"http://kketa.com\\" target=\\"_blank\\" class=\\"definition-expression-name\\" rel=\\"noopener noreferrer\\">Fake name</a></div><button id=\\"focusFeedSocialExpressionRemoveexpr10\\" type=\\"button\\" class=\\"md-btn md-btn--icon md-pointer--hover md-inline-block definition-expression-remove-button\\"><div class=\\"md-ink-container\\"></div><i class=\\"md-icon material-icons md-text--inherit\\">delete</i></button></div>"`;

exports[`Definition social expression profile Focus query input if query is empty 1`] = `"<div class=\\"social-definition-expression profile-expression is-first-expression enabled\\"><span class=\\"definition-expression-label\\">feed.form.or</span><div class=\\"md-selection-control-container definition-expression-enabled checkbox-green\\"><input id=\\"focusFeedDefinitionSocialExpressionProfileEnabledexpr10\\" type=\\"checkbox\\" class=\\"md-selection-control-input\\" name=\\"focusFeedDefinitionSocialExpressionProfileEnabledexpr10\\" aria-hidden=\\"true\\" value=\\"\\" checked=\\"\\"><label for=\\"focusFeedDefinitionSocialExpressionProfileEnabledexpr10\\" class=\\"md-selection-control-label md-pointer--hover md-text\\"><div role=\\"checkbox\\" aria-checked=\\"true\\" aria-label=\\"focusFeedDefinitionSocialExpressionProfileEnabledexpr10\\" class=\\"md-fake-btn md-pointer--hover md-fake-btn--no-outline md-selection-control-toggle md-btn md-btn--icon md-text--theme-secondary\\" tabindex=\\"0\\" aria-pressed=\\"false\\"><div class=\\"md-ink-container\\"></div><i class=\\"md-icon material-icons md-text--inherit\\">check_box</i></div></label></div><div class=\\"md-text-field-container md-inline-block md-text-field-container--input definition-expressions-query \\"><input id=\\"focusFeedSocialExpressionProfileQueryexpr10\\" placeholder=\\"https://\\" type=\\"text\\" class=\\"md-text-field md-text-field--margin md-text\\" value=\\"\\"><hr class=\\"md-divider md-divider--text-field md-divider--expand-from-left\\"></div><button type=\\"button\\" class=\\"md-btn md-btn--icon md-pointer--hover md-btn--tooltip md-inline-block social-definition-profile-expression-help-tooltip\\"><div class=\\"md-ink-container\\"></div><div class=\\"md-tooltip-container\\"><span aria-hidden=\\"true\\"></span></div><i class=\\"md-icon material-icons md-text--inherit\\">help_outline</i></button><button id=\\"focusFeedSocialExpressionRemoveexpr10\\" type=\\"button\\" class=\\"md-btn md-btn--icon md-pointer--hover md-inline-block definition-expression-remove-button\\"><div class=\\"md-ink-container\\"></div><i class=\\"md-icon material-icons md-text--inherit\\">delete</i></button></div>"`;
