// Jest Snapshot v1, https://goo.gl/fbAQLP

exports[`Definition social expression Component default snaphsot 1`] = `"<div class=\\"social-definition-expression content-expression is-first-expression disabled\\"><div class=\\"md-selection-control-container definition-expression-enabled  \\"><input type=\\"checkbox\\" id=\\"focusFeedDefinitionSocialExpressionEnabledinclude_expressions0\\" class=\\"md-selection-control-input\\" name=\\"focusFeedDefinitionSocialExpressionEnabledinclude_expressions0\\" aria-hidden=\\"true\\"/><label for=\\"focusFeedDefinitionSocialExpressionEnabledinclude_expressions0\\" class=\\"md-selection-control-label md-pointer--hover md-text\\"><div role=\\"checkbox\\" aria-checked=\\"false\\" aria-label=\\"focusFeedDefinitionSocialExpressionEnabledinclude_expressions0\\" class=\\"md-fake-btn md-pointer--hover md-fake-btn--no-outline md-selection-control-toggle md-btn md-btn--icon md-text--secondary\\" tabindex=\\"0\\" aria-pressed=\\"false\\"><div class=\\"md-ink-container\\"></div><i class=\\"md-icon material-icons md-text--inherit\\">check_box_outline_blank</i></div></label></div><span class=\\"definition-expression-label\\">feed.form.or</span><div id=\\"focusFeedSocialDefinitionExpressionScopeinclude_expressions0-menu\\" aria-haspopup=\\"true\\" aria-expanded=\\"false\\" class=\\"md-layover md-layover--simplified md-inline-block md-menu-container md-menu--select-field definition-expression-scope\\"><div class=\\"md-select-field__toggle\\"><div id=\\"focusFeedSocialDefinitionExpressionScopeinclude_expressions0-toggle\\" role=\\"listbox\\" disabled=\\"\\" aria-pressed=\\"false\\" class=\\"md-paper md-paper--0 md-fake-btn md-fake-btn--no-outline md-select-field md-text--disabled\\"><div class=\\"md-icon-separator md-text-field md-text-field--margin md-select-field--text-field\\"><span class=\\"md-icon-text\\">feed.form.scope.option.tag</span><i class=\\"md-icon material-icons md-text--disabled\\">arrow_drop_down</i></div><hr class=\\"md-divider md-divider--text-field md-divider--expand-from-left md-divider--select-field\\"/><input type=\\"hidden\\" id=\\"focusFeedSocialDefinitionExpressionScopeinclude_expressions0\\" value=\\"tags\\" disabled=\\"\\"/></div></div></div><div class=\\"md-text-field-container md-inline-block md-text-field-container--disabled md-text-field-container--input definition-expressions-query \\"><input type=\\"text\\" value=\\"kketa\\" id=\\"focusFeedSocialExpressionQueryinclude_expressions0\\" disabled=\\"\\" class=\\"md-text-field md-text-field--margin md-text--disabled\\"/><hr class=\\"md-divider md-divider--text-field md-divider--expand-from-left\\"/></div><button id=\\"focusFeedSocialExpressionRemoveinclude_expressions0\\" type=\\"button\\" class=\\"md-btn md-btn--icon md-pointer--hover md-inline-block definition-expression-remove-button\\"><div class=\\"md-ink-container\\"></div><i class=\\"md-icon material-icons md-text--inherit\\">delete</i></button></div>"`;

exports[`Definition social expression Component default snaphsot being main expression 1`] = `"<div class=\\"social-definition-expression content-expression main-expression disabled\\"><div class=\\"md-selection-control-container definition-expression-enabled  \\"><input type=\\"checkbox\\" id=\\"focusFeedDefinitionSocialExpressionEnabledmain0\\" class=\\"md-selection-control-input\\" name=\\"focusFeedDefinitionSocialExpressionEnabledmain0\\" aria-hidden=\\"true\\"/><label for=\\"focusFeedDefinitionSocialExpressionEnabledmain0\\" class=\\"md-selection-control-label md-pointer--hover md-text\\"><div role=\\"checkbox\\" aria-checked=\\"false\\" aria-label=\\"focusFeedDefinitionSocialExpressionEnabledmain0\\" class=\\"md-fake-btn md-pointer--hover md-fake-btn--no-outline md-selection-control-toggle md-btn md-btn--icon md-text--secondary\\" tabindex=\\"0\\" aria-pressed=\\"false\\"><div class=\\"md-ink-container\\"></div><i class=\\"md-icon material-icons md-text--inherit\\">check_box_outline_blank</i></div></label></div><span class=\\"definition-expression-label\\">feed.form.label.main_expression_social_media_react</span><div id=\\"focusFeedSocialDefinitionExpressionScopemain0-menu\\" aria-haspopup=\\"true\\" aria-expanded=\\"false\\" class=\\"md-layover md-layover--simplified md-inline-block md-menu-container md-menu--select-field definition-expression-scope\\"><div class=\\"md-select-field__toggle\\"><div id=\\"focusFeedSocialDefinitionExpressionScopemain0-toggle\\" role=\\"listbox\\" disabled=\\"\\" aria-pressed=\\"false\\" class=\\"md-paper md-paper--0 md-fake-btn md-fake-btn--no-outline md-select-field md-text--disabled\\"><div class=\\"md-icon-separator md-text-field md-text-field--margin md-select-field--text-field\\"><span class=\\"md-icon-text\\">feed.form.scope.option.tag</span><i class=\\"md-icon material-icons md-text--disabled\\">arrow_drop_down</i></div><hr class=\\"md-divider md-divider--text-field md-divider--expand-from-left md-divider--select-field\\"/><input type=\\"hidden\\" id=\\"focusFeedSocialDefinitionExpressionScopemain0\\" value=\\"tags\\" disabled=\\"\\"/></div></div></div><div class=\\"md-text-field-container md-inline-block md-text-field-container--disabled md-text-field-container--input definition-expressions-query \\"><input type=\\"text\\" value=\\"kketa\\" id=\\"focusFeedSocialExpressionQuerymain0\\" disabled=\\"\\" class=\\"md-text-field md-text-field--margin md-text--disabled\\"/><hr class=\\"md-divider md-divider--text-field md-divider--expand-from-left\\"/></div></div>"`;

exports[`Definition social expression Component default snaphsot with error 1`] = `"<div class=\\"social-definition-expression content-expression is-first-expression disabled\\"><div class=\\"md-selection-control-container definition-expression-enabled  \\"><input type=\\"checkbox\\" id=\\"focusFeedDefinitionSocialExpressionEnabledinclude_expressions0\\" class=\\"md-selection-control-input\\" name=\\"focusFeedDefinitionSocialExpressionEnabledinclude_expressions0\\" aria-hidden=\\"true\\"/><label for=\\"focusFeedDefinitionSocialExpressionEnabledinclude_expressions0\\" class=\\"md-selection-control-label md-pointer--hover md-text\\"><div role=\\"checkbox\\" aria-checked=\\"false\\" aria-label=\\"focusFeedDefinitionSocialExpressionEnabledinclude_expressions0\\" class=\\"md-fake-btn md-pointer--hover md-fake-btn--no-outline md-selection-control-toggle md-btn md-btn--icon md-text--secondary\\" tabindex=\\"0\\" aria-pressed=\\"false\\"><div class=\\"md-ink-container\\"></div><i class=\\"md-icon material-icons md-text--inherit\\">check_box_outline_blank</i></div></label></div><span class=\\"definition-expression-label\\">feed.form.or</span><div id=\\"focusFeedSocialDefinitionExpressionScopeinclude_expressions0-menu\\" aria-haspopup=\\"true\\" aria-expanded=\\"false\\" class=\\"md-layover md-layover--simplified md-inline-block md-menu-container md-menu--select-field definition-expression-scope\\"><div class=\\"md-select-field__toggle\\"><div id=\\"focusFeedSocialDefinitionExpressionScopeinclude_expressions0-toggle\\" role=\\"listbox\\" disabled=\\"\\" aria-pressed=\\"false\\" class=\\"md-paper md-paper--0 md-fake-btn md-fake-btn--no-outline md-select-field md-text--disabled\\"><div class=\\"md-icon-separator md-text-field md-text-field--margin md-select-field--text-field\\"><span class=\\"md-icon-text\\">feed.form.scope.option.tag</span><i class=\\"md-icon material-icons md-text--disabled\\">arrow_drop_down</i></div><hr class=\\"md-divider md-divider--text-field md-divider--expand-from-left md-divider--select-field\\"/><input type=\\"hidden\\" id=\\"focusFeedSocialDefinitionExpressionScopeinclude_expressions0\\" value=\\"tags\\" disabled=\\"\\"/></div></div></div><div class=\\"md-text-field-container md-inline-block md-text-field-container--disabled md-text-field-container--input definition-expressions-query wrong-query\\"><input type=\\"text\\" value=\\"kketa\\" id=\\"focusFeedSocialExpressionQueryinclude_expressions0\\" disabled=\\"\\" class=\\"md-text-field md-text-field--margin md-text--disabled\\"/><hr class=\\"md-divider md-divider--text-field md-divider--expand-from-left md-divider--text-field-error\\"/></div><button id=\\"focusFeedSocialExpressionRemoveinclude_expressions0\\" type=\\"button\\" class=\\"md-btn md-btn--icon md-pointer--hover md-inline-block definition-expression-remove-button\\"><div class=\\"md-ink-container\\"></div><i class=\\"md-icon material-icons md-text--inherit\\">delete</i></button></div>"`;

exports[`Definition social expression Component default snaphsot with query enabled 1`] = `"<div class=\\"social-definition-expression content-expression is-first-expression enabled\\"><div class=\\"md-selection-control-container definition-expression-enabled checkbox-green \\"><input type=\\"checkbox\\" id=\\"focusFeedDefinitionSocialExpressionEnabledinclude_expressions0\\" checked=\\"\\" class=\\"md-selection-control-input\\" name=\\"focusFeedDefinitionSocialExpressionEnabledinclude_expressions0\\" aria-hidden=\\"true\\"/><label for=\\"focusFeedDefinitionSocialExpressionEnabledinclude_expressions0\\" class=\\"md-selection-control-label md-pointer--hover md-text\\"><div role=\\"checkbox\\" aria-checked=\\"true\\" aria-label=\\"focusFeedDefinitionSocialExpressionEnabledinclude_expressions0\\" class=\\"md-fake-btn md-pointer--hover md-fake-btn--no-outline md-selection-control-toggle md-btn md-btn--icon md-text--theme-secondary\\" tabindex=\\"0\\" aria-pressed=\\"false\\"><div class=\\"md-ink-container\\"></div><i class=\\"md-icon material-icons md-text--inherit\\">check_box</i></div></label></div><span class=\\"definition-expression-label\\">feed.form.or</span><div id=\\"focusFeedSocialDefinitionExpressionScopeinclude_expressions0-menu\\" aria-haspopup=\\"true\\" aria-expanded=\\"false\\" class=\\"md-layover md-layover--simplified md-inline-block md-menu-container md-menu--select-field definition-expression-scope\\"><div class=\\"md-select-field__toggle\\"><div id=\\"focusFeedSocialDefinitionExpressionScopeinclude_expressions0-toggle\\" role=\\"listbox\\" tabindex=\\"0\\" aria-pressed=\\"false\\" class=\\"md-paper md-paper--0 md-fake-btn md-pointer--hover md-fake-btn--no-outline md-select-field md-text\\"><div class=\\"md-icon-separator md-text-field md-text-field--margin md-select-field--text-field\\"><span class=\\"md-icon-text\\">feed.form.scope.option.tag</span><i class=\\"md-icon material-icons\\">arrow_drop_down</i></div><hr class=\\"md-divider md-divider--text-field md-divider--expand-from-left md-divider--select-field\\"/><input type=\\"hidden\\" id=\\"focusFeedSocialDefinitionExpressionScopeinclude_expressions0\\" value=\\"tags\\"/></div></div></div><div class=\\"md-text-field-container md-inline-block md-text-field-container--input definition-expressions-query \\"><input type=\\"text\\" value=\\"kketa\\" id=\\"focusFeedSocialExpressionQueryinclude_expressions0\\" class=\\"md-text-field md-text-field--margin md-text\\"/><hr class=\\"md-divider md-divider--text-field md-divider--expand-from-left\\"/></div><button id=\\"focusFeedSocialExpressionRemoveinclude_expressions0\\" type=\\"button\\" class=\\"md-btn md-btn--icon md-pointer--hover md-inline-block definition-expression-remove-button\\"><div class=\\"md-ink-container\\"></div><i class=\\"md-icon material-icons md-text--inherit\\">delete</i></button></div>"`;

exports[`Definition social expression Component snapshot showing instagram accounts list 1`] = `"<div class=\\"social-definition-expression content-expression is-first-expression disabled\\"><div class=\\"md-selection-control-container definition-expression-enabled  \\"><input type=\\"checkbox\\" id=\\"focusFeedDefinitionSocialExpressionEnabledinclude_expressions0\\" class=\\"md-selection-control-input\\" name=\\"focusFeedDefinitionSocialExpressionEnabledinclude_expressions0\\" aria-hidden=\\"true\\"/><label for=\\"focusFeedDefinitionSocialExpressionEnabledinclude_expressions0\\" class=\\"md-selection-control-label md-pointer--hover md-text\\"><div role=\\"checkbox\\" aria-checked=\\"false\\" aria-label=\\"focusFeedDefinitionSocialExpressionEnabledinclude_expressions0\\" class=\\"md-fake-btn md-pointer--hover md-fake-btn--no-outline md-selection-control-toggle md-btn md-btn--icon md-text--secondary\\" tabindex=\\"0\\" aria-pressed=\\"false\\"><div class=\\"md-ink-container\\"></div><i class=\\"md-icon material-icons md-text--inherit\\">check_box_outline_blank</i></div></label></div><span class=\\"definition-expression-label\\">feed.form.or</span><div id=\\"focusFeedSocialDefinitionExpressionScopeinclude_expressions0-menu\\" aria-haspopup=\\"true\\" aria-expanded=\\"false\\" class=\\"md-layover md-layover--simplified md-inline-block md-menu-container md-menu--select-field definition-expression-scope\\"><div class=\\"md-select-field__toggle\\"><div id=\\"focusFeedSocialDefinitionExpressionScopeinclude_expressions0-toggle\\" role=\\"listbox\\" disabled=\\"\\" aria-pressed=\\"false\\" class=\\"md-paper md-paper--0 md-fake-btn md-fake-btn--no-outline md-select-field md-text--disabled\\"><div class=\\"md-icon-separator md-text-field md-text-field--margin md-select-field--text-field\\"><span class=\\"md-icon-text\\">feed.form.scope.option.mention_react</span><i class=\\"md-icon material-icons md-text--disabled\\">arrow_drop_down</i></div><hr class=\\"md-divider md-divider--text-field md-divider--expand-from-left md-divider--select-field\\"/><input type=\\"hidden\\" id=\\"focusFeedSocialDefinitionExpressionScopeinclude_expressions0\\" value=\\"mentions\\" disabled=\\"\\"/></div></div></div><div class=\\"md-text-field-container md-inline-block md-text-field-container--disabled md-text-field-container--input definition-expressions-query \\"><input type=\\"text\\" value=\\"kketa\\" id=\\"focusFeedSocialExpressionQueryinclude_expressions0\\" disabled=\\"\\" class=\\"md-text-field md-text-field--margin md-text--disabled\\"/><hr class=\\"md-divider md-divider--text-field md-divider--expand-from-left\\"/></div><button id=\\"focusFeedSocialExpressionRemoveinclude_expressions0\\" type=\\"button\\" class=\\"md-btn md-btn--icon md-pointer--hover md-inline-block definition-expression-remove-button\\"><div class=\\"md-ink-container\\"></div><i class=\\"md-icon material-icons md-text--inherit\\">delete</i></button><div id=\\"focusFeedSocialDefinitionInstagramAccountsinclude_expressions0\\" class=\\"social-definition-instagram-accounts-list\\"><div id=\\"focusFeedDefinitionSocialInstagramAccountid1\\" class=\\"instagram-account \\"><img src=\\"fakeurl.com\\" alt=\\"\\"/><span>Girona FC</span><span>(@gironafc)</span></div><div id=\\"focusFeedDefinitionSocialInstagramAccountAddNew\\" class=\\"instagram-account-add\\"><i class=\\"md-icon material-icons\\">add</i><span>feed.form.instagram.legend.button_react</span></div></div></div>"`;

exports[`Definition social expression Component snapshot with selected instagram account 1`] = `"<div class=\\"social-definition-expression content-expression is-first-expression disabled\\"><div class=\\"md-selection-control-container definition-expression-enabled  \\"><input type=\\"checkbox\\" id=\\"focusFeedDefinitionSocialExpressionEnabledinclude_expressions0\\" class=\\"md-selection-control-input\\" name=\\"focusFeedDefinitionSocialExpressionEnabledinclude_expressions0\\" aria-hidden=\\"true\\"/><label for=\\"focusFeedDefinitionSocialExpressionEnabledinclude_expressions0\\" class=\\"md-selection-control-label md-pointer--hover md-text\\"><div role=\\"checkbox\\" aria-checked=\\"false\\" aria-label=\\"focusFeedDefinitionSocialExpressionEnabledinclude_expressions0\\" class=\\"md-fake-btn md-pointer--hover md-fake-btn--no-outline md-selection-control-toggle md-btn md-btn--icon md-text--secondary\\" tabindex=\\"0\\" aria-pressed=\\"false\\"><div class=\\"md-ink-container\\"></div><i class=\\"md-icon material-icons md-text--inherit\\">check_box_outline_blank</i></div></label></div><span class=\\"definition-expression-label\\">feed.form.or</span><div id=\\"focusFeedSocialDefinitionExpressionScopeinclude_expressions0-menu\\" aria-haspopup=\\"true\\" aria-expanded=\\"false\\" class=\\"md-layover md-layover--simplified md-inline-block md-menu-container md-menu--select-field definition-expression-scope\\"><div class=\\"md-select-field__toggle\\"><div id=\\"focusFeedSocialDefinitionExpressionScopeinclude_expressions0-toggle\\" role=\\"listbox\\" disabled=\\"\\" aria-pressed=\\"false\\" class=\\"md-paper md-paper--0 md-fake-btn md-fake-btn--no-outline md-select-field md-text--disabled\\"><div class=\\"md-icon-separator md-text-field md-text-field--margin md-select-field--text-field\\"><span class=\\"md-icon-text\\">feed.form.scope.option.tag</span><i class=\\"md-icon material-icons md-text--disabled\\">arrow_drop_down</i></div><hr class=\\"md-divider md-divider--text-field md-divider--expand-from-left md-divider--select-field\\"/><input type=\\"hidden\\" id=\\"focusFeedSocialDefinitionExpressionScopeinclude_expressions0\\" value=\\"tags\\" disabled=\\"\\"/></div></div></div><div id=\\"focusFeedDefinitionSocialInstagramAccountid1\\" class=\\"instagram-account \\"><img src=\\"fakeurl.com\\" alt=\\"\\"/><span>Girona FC</span><span>(@gironafc)</span><i class=\\"md-icon material-icons\\">clear</i></div><button id=\\"focusFeedSocialExpressionRemoveinclude_expressions0\\" type=\\"button\\" class=\\"md-btn md-btn--icon md-pointer--hover md-inline-block definition-expression-remove-button\\"><div class=\\"md-ink-container\\"></div><i class=\\"md-icon material-icons md-text--inherit\\">delete</i></button></div>"`;

exports[`Definition social expression Component snapshot with selected instagram account but without instagram accounts loaded 1`] = `"<div class=\\"social-definition-expression content-expression is-first-expression disabled\\"><div class=\\"md-selection-control-container definition-expression-enabled  \\"><input type=\\"checkbox\\" id=\\"focusFeedDefinitionSocialExpressionEnabledinclude_expressions0\\" class=\\"md-selection-control-input\\" name=\\"focusFeedDefinitionSocialExpressionEnabledinclude_expressions0\\" aria-hidden=\\"true\\"/><label for=\\"focusFeedDefinitionSocialExpressionEnabledinclude_expressions0\\" class=\\"md-selection-control-label md-pointer--hover md-text\\"><div role=\\"checkbox\\" aria-checked=\\"false\\" aria-label=\\"focusFeedDefinitionSocialExpressionEnabledinclude_expressions0\\" class=\\"md-fake-btn md-pointer--hover md-fake-btn--no-outline md-selection-control-toggle md-btn md-btn--icon md-text--secondary\\" tabindex=\\"0\\" aria-pressed=\\"false\\"><div class=\\"md-ink-container\\"></div><i class=\\"md-icon material-icons md-text--inherit\\">check_box_outline_blank</i></div></label></div><span class=\\"definition-expression-label\\">feed.form.or</span><div id=\\"focusFeedSocialDefinitionExpressionScopeinclude_expressions0-menu\\" aria-haspopup=\\"true\\" aria-expanded=\\"false\\" class=\\"md-layover md-layover--simplified md-inline-block md-menu-container md-menu--select-field definition-expression-scope\\"><div class=\\"md-select-field__toggle\\"><div id=\\"focusFeedSocialDefinitionExpressionScopeinclude_expressions0-toggle\\" role=\\"listbox\\" disabled=\\"\\" aria-pressed=\\"false\\" class=\\"md-paper md-paper--0 md-fake-btn md-fake-btn--no-outline md-select-field md-text--disabled\\"><div class=\\"md-icon-separator md-text-field md-text-field--margin md-select-field--text-field\\"><span class=\\"md-icon-text\\">feed.form.scope.option.tag</span><i class=\\"md-icon material-icons md-text--disabled\\">arrow_drop_down</i></div><hr class=\\"md-divider md-divider--text-field md-divider--expand-from-left md-divider--select-field\\"/><input type=\\"hidden\\" id=\\"focusFeedSocialDefinitionExpressionScopeinclude_expressions0\\" value=\\"tags\\" disabled=\\"\\"/></div></div></div><div></div><button id=\\"focusFeedSocialExpressionRemoveinclude_expressions0\\" type=\\"button\\" class=\\"md-btn md-btn--icon md-pointer--hover md-inline-block definition-expression-remove-button\\"><div class=\\"md-ink-container\\"></div><i class=\\"md-icon material-icons md-text--inherit\\">delete</i></button></div>"`;

exports[`Definition social expression Focus query input if query is empty 1`] = `"<div class=\\"social-definition-expression content-expression is-first-expression disabled\\"><div class=\\"md-selection-control-container definition-expression-enabled  \\"><input id=\\"focusFeedDefinitionSocialExpressionEnabledinclude_expressions0\\" type=\\"checkbox\\" class=\\"md-selection-control-input\\" name=\\"focusFeedDefinitionSocialExpressionEnabledinclude_expressions0\\" aria-hidden=\\"true\\" value=\\"\\"><label for=\\"focusFeedDefinitionSocialExpressionEnabledinclude_expressions0\\" class=\\"md-selection-control-label md-pointer--hover md-text\\"><div role=\\"checkbox\\" aria-checked=\\"false\\" aria-label=\\"focusFeedDefinitionSocialExpressionEnabledinclude_expressions0\\" class=\\"md-fake-btn md-pointer--hover md-fake-btn--no-outline md-selection-control-toggle md-btn md-btn--icon md-text--secondary\\" tabindex=\\"0\\" aria-pressed=\\"false\\"><div class=\\"md-ink-container\\"></div><i class=\\"md-icon material-icons md-text--inherit\\">check_box_outline_blank</i></div></label></div><span class=\\"definition-expression-label\\">feed.form.or</span><div id=\\"focusFeedSocialDefinitionExpressionScopeinclude_expressions0-menu\\" aria-haspopup=\\"true\\" aria-expanded=\\"false\\" class=\\"md-layover md-layover--simplified md-inline-block md-menu-container md-menu--select-field definition-expression-scope\\"><div class=\\"md-select-field__toggle\\"><div id=\\"focusFeedSocialDefinitionExpressionScopeinclude_expressions0-toggle\\" role=\\"listbox\\" disabled=\\"\\" aria-pressed=\\"false\\" class=\\"md-paper md-paper--0 md-fake-btn md-fake-btn--no-outline md-select-field md-text--disabled\\"><div class=\\"md-icon-separator md-text-field md-text-field--margin md-select-field--text-field\\"><span class=\\"md-icon-text\\">feed.form.scope.option.tag</span><i class=\\"md-icon material-icons md-text--disabled\\">arrow_drop_down</i></div><hr class=\\"md-divider md-divider--text-field md-divider--expand-from-left md-divider--select-field\\"><input type=\\"hidden\\" id=\\"focusFeedSocialDefinitionExpressionScopeinclude_expressions0\\" disabled=\\"\\" value=\\"tags\\"></div></div></div><div class=\\"md-text-field-container md-inline-block md-text-field-container--disabled md-text-field-container--input definition-expressions-query \\"><input id=\\"focusFeedSocialExpressionQueryinclude_expressions0\\" disabled=\\"\\" type=\\"text\\" class=\\"md-text-field md-text-field--margin md-text--disabled\\" value=\\"\\"><hr class=\\"md-divider md-divider--text-field md-divider--expand-from-left\\"></div><button id=\\"focusFeedSocialExpressionRemoveinclude_expressions0\\" type=\\"button\\" class=\\"md-btn md-btn--icon md-pointer--hover md-inline-block definition-expression-remove-button\\"><div class=\\"md-ink-container\\"></div><i class=\\"md-icon material-icons md-text--inherit\\">delete</i></button></div>"`;
