// Jest Snapshot v1, https://goo.gl/fbAQLP

exports[`Search Results Test categorization visibility 1`] = `
"<div id=\\"results\\">
  <div id=\\"document-15543594571385654087\\" className=\\"document-results-item\\">
    <div className=\\"document-results-item-select\\">
      <Checkbox id=\\"documentSelect-15543594571385654087\\" className=\\"document-results-item-select-checkbox\\" name=\\"documentSelect\\" aria-label=\\"15543594571385654087\\" checked={false} onChange={[Function: onChange]} checkedIcon={{...}} uncheckedIcon={{...}} />
    </div>
    <DocumentPlaceHolder document={{...}} />
    <div className=\\"document-results-item-actions\\">
      <withInk(withTooltip(Button)) icon={true} data-id=\\"15543594571385654087\\" className=\\"icon-cancel remove-document-button\\" title=\\"result.remove\\" onClick={[Function: onClick]} inkTransitionOverlap={150} inkTransitionEnterTimeout={450} inkTransitionLeaveTimeout={300} />
    </div>
  </div>
</div>"
`;

exports[`Search Results Test categorization visibility 2`] = `
"<div id=\\"results\\">
  <div id=\\"document-15543594571385654087\\" className=\\"document-results-item\\">
    <div className=\\"document-results-item-select\\">
      <Checkbox id=\\"documentSelect-15543594571385654087\\" className=\\"document-results-item-select-checkbox\\" name=\\"documentSelect\\" aria-label=\\"15543594571385654087\\" checked={false} onChange={[Function: onChange]} checkedIcon={{...}} uncheckedIcon={{...}} />
    </div>
    <DocumentPlaceHolder document={{...}} />
    <div className=\\"document-results-item-actions\\">
      <withInk(withTooltip(Button)) icon={true} data-id=\\"15543594571385654087\\" className=\\"icon-cancel remove-document-button\\" title=\\"result.remove\\" onClick={[Function: onClick]} inkTransitionOverlap={150} inkTransitionEnterTimeout={450} inkTransitionLeaveTimeout={300} />
      <Connect(DocumentCategorization) document={{...}} />
    </div>
  </div>
</div>"
`;

exports[`Search Results Test categorization visibility 3`] = `
"<div id=\\"results\\">
  <div id=\\"document-15543594571385654087\\" className=\\"document-results-item\\">
    <div className=\\"document-results-item-select\\">
      <Checkbox id=\\"documentSelect-15543594571385654087\\" className=\\"document-results-item-select-checkbox\\" name=\\"documentSelect\\" aria-label=\\"15543594571385654087\\" checked={false} onChange={[Function: onChange]} checkedIcon={{...}} uncheckedIcon={{...}} />
    </div>
    <DocumentPlaceHolder document={{...}} />
    <div className=\\"document-results-item-actions\\">
      <withInk(withTooltip(Button)) icon={true} data-id=\\"15543594571385654087\\" className=\\"icon-cancel remove-document-button\\" title=\\"result.remove\\" onClick={[Function: onClick]} inkTransitionOverlap={150} inkTransitionEnterTimeout={450} inkTransitionLeaveTimeout={300} />
      <Connect(DocumentCategorization) document={{...}} />
    </div>
  </div>
</div>"
`;

exports[`Search Results Test categorization visibility 4`] = `
"<div id=\\"results\\">
  <div id=\\"document-15543594571385654087\\" className=\\"document-results-item\\">
    <div className=\\"document-results-item-select\\">
      <Checkbox id=\\"documentSelect-15543594571385654087\\" className=\\"document-results-item-select-checkbox\\" name=\\"documentSelect\\" aria-label=\\"15543594571385654087\\" checked={false} onChange={[Function: onChange]} checkedIcon={{...}} uncheckedIcon={{...}} />
    </div>
    <DocumentPlaceHolder document={{...}} />
    <div className=\\"document-results-item-actions\\">
      <withInk(withTooltip(Button)) icon={true} data-id=\\"15543594571385654087\\" className=\\"icon-cancel remove-document-button\\" title=\\"result.remove\\" onClick={[Function: onClick]} inkTransitionOverlap={150} inkTransitionEnterTimeout={450} inkTransitionLeaveTimeout={300} />
      <Connect(DocumentCategorization) document={{...}} />
    </div>
  </div>
</div>"
`;

exports[`Search Results Test component loading article documents 1`] = `"<div id=\\"results\\"><div class=\\"document-place-holder\\"><div class=\\"document-place-holder-left-info\\"><div class=\\"document-place-holder-provider-icon animated\\"></div><div class=\\"document-place-holder-counters animated\\"></div></div><div class=\\"document-place-holder-content\\"><div class=\\"document-place-holder-content-title animated\\"></div><div class=\\"document-place-holder-content-source animated\\"></div></div></div></div>"`;

exports[`Search Results Test component loading documents 1`] = `"<div id=\\"results\\"><svg id=\\"documentResultsLoading\\" role=\\"progressbar\\" aria-valuemin=\\"0\\" aria-valuemax=\\"100\\" class=\\"md-progress md-progress--circular md-block-centered md-progress--circular-indeterminate\\" width=\\"30\\" height=\\"30\\" viewBox=\\"0 0 66 66\\"><circle class=\\"md-circular-progress-path md-circular-progress-path--animated\\" stroke-width=\\"6\\" stroke-linecap=\\"round\\" cx=\\"33\\" cy=\\"33\\" r=\\"30\\"></circle></svg></div>"`;

exports[`Search Results Test component loading documents with document source 1`] = `"<div id=\\"results\\"><div id=\\"document-15543594571385654087\\" class=\\"document-results-item\\"><div class=\\"document-results-item-select\\"><div class=\\"md-selection-control-container document-results-item-select-checkbox\\"><input id=\\"documentSelect-15543594571385654087\\" type=\\"checkbox\\" class=\\"md-selection-control-input\\" name=\\"documentSelect\\" aria-hidden=\\"true\\" value=\\"\\"><label for=\\"documentSelect-15543594571385654087\\" class=\\"md-selection-control-label md-pointer--hover md-text\\"><div role=\\"checkbox\\" aria-checked=\\"false\\" aria-label=\\"15543594571385654087\\" class=\\"md-fake-btn md-pointer--hover md-fake-btn--no-outline md-selection-control-toggle md-btn md-btn--icon md-text--secondary\\" tabindex=\\"0\\" aria-pressed=\\"false\\"><div class=\\"md-ink-container\\"></div><i class=\\"md-icon material-icons md-text--inherit\\">check_box_outline_blank</i></div></label></div></div><div class=\\"document-item\\"><div class=\\"document-item-left-info\\"><div class=\\"document-item-provider-icon-box\\"><i class=\\"md-icon icon-news document-item-provider-icon News\\"></i></div><div class=\\"document-item-counters\\"><div class=\\"document-item-counter-value\\"><span title=\\"Reach/Subscribers: 61.4M visitors\\">61.4M</span><i class=\\"documen-item-counter-icon reach material-icons\\" title=\\"Reach/Subscribers: 61.4M visitors\\">wifi</i></div><div class=\\"document-item-counter-value\\"><span title=\\"Engagement/Views: 0 shares\\">0</span><i class=\\"documen-item-counter-icon icon-like\\" title=\\"Engagement/Views: 0 shares\\"></i></div></div></div><div class=\\"document-item-author-info\\"><div class=\\"document-item-author-icon\\"><a href=\\"http://www.terra.com.br\\" target=\\"_blank\\" rel=\\"noopener noreferrer\\"><img src=\\"https://faviewhaiy.s3.amazonaws.com/1/1233730921.ico\\" alt=\\"\\"></a></div><div class=\\"document-item-author-name\\"><a href=\\"http://www.terra.com.br\\" target=\\"_blank\\" rel=\\"noopener noreferrer\\"><div>http://www.terra.com.br (BR)</div></a></div><div class=\\"document-item-date\\" title=\\"Thursday, April 4, 2019 6:30 AM\\">Apr 04</div><div class=\\"document-item-page\\"></div></div><div class=\\"document-item-content\\"><a href=\\"http://discover.staging.launchmetrics.com/r/d/17Xw6MAhy0c=_ckkDAAAAAAAAAAAAAAAAAA==\\" target=\\"_blank\\" rel=\\"noopener noreferrer\\"><div class=\\"document-item-content-title\\">Peça 'O Aniversário de Jean Lucca' retrata a 'cultura da indiferença' na sociedade brasileira</div></a><a href=\\"http://discover.staging.launchmetrics.com/r/d/17Xw6MAhy0c=_ckkDAAAAAAAAAAAAAAAAAA==\\" target=\\"_blank\\" rel=\\"noopener noreferrer\\"><div class=\\"document-item-content-source\\">content</div></a></div><div class=\\"document-item-image\\"><a href=\\"http://discover.staging.launchmetrics.com/r/d/17Xw6MAhy0c=_ckkDAAAAAAAAAAAAAAAAAA==\\" target=\\"_blank\\" rel=\\"noopener noreferrer\\" type=\\"main\\" class=\\"document-item-image-link active-image\\"><img src=\\"\\" alt=\\"\\"></a></div></div><div class=\\"document-results-item-actions\\"><button data-id=\\"15543594571385654087\\" title=\\"result.remove\\" type=\\"button\\" class=\\"md-btn md-btn--icon md-pointer--hover md-inline-block icon-cancel remove-document-button\\"><div class=\\"md-ink-container\\"></div><i class=\\"md-icon material-icons md-text--inherit\\"></i></button></div></div></div>"`;

exports[`Search Results Test component loading documents with document source 2`] = `"<div id=\\"results\\"></div>"`;

exports[`Search Results Test component loading documents without documents 1`] = `"<div id=\\"results\\"></div>"`;

exports[`Search Results Test component loading documents without documents sources 1`] = `"<div id=\\"results\\"><div id=\\"documentResultsNoResults\\">results.no_results</div></div>"`;

exports[`Search Results Test component loading preview documents 1`] = `"<div id=\\"results\\"><div class=\\"document-place-holder\\"><div class=\\"document-place-holder-left-info\\"><div class=\\"document-place-holder-provider-icon animated\\"></div><div class=\\"document-place-holder-counters animated\\"></div></div><div class=\\"document-place-holder-content\\"><div class=\\"document-place-holder-content-title animated\\"></div><div class=\\"document-place-holder-content-source animated\\"></div></div></div></div>"`;

exports[`Search Results Test component loading remove document 1`] = `"<div id=\\"results\\"><div class=\\"removing-document\\"><div class=\\"removing-document-box\\"><svg id=\\"removingDocument-1234\\" role=\\"progressbar\\" aria-valuemin=\\"0\\" aria-valuemax=\\"100\\" class=\\"md-progress md-progress--circular md-block-centered md-progress--circular-indeterminate removing-document-loading\\" width=\\"30\\" height=\\"30\\" viewBox=\\"0 0 66 66\\"><circle class=\\"md-circular-progress-path md-circular-progress-path--animated\\" stroke-width=\\"6\\" stroke-linecap=\\"round\\" cx=\\"33\\" cy=\\"33\\" r=\\"30\\"></circle></svg></div><div id=\\"document-1234\\" class=\\"document-results-item\\"><div class=\\"document-results-item-select\\"><div class=\\"md-selection-control-container document-results-item-select-checkbox\\"><input id=\\"documentSelect-1234\\" type=\\"checkbox\\" class=\\"md-selection-control-input\\" name=\\"documentSelect\\" aria-hidden=\\"true\\" value=\\"\\"><label for=\\"documentSelect-1234\\" class=\\"md-selection-control-label md-pointer--hover md-text\\"><div role=\\"checkbox\\" aria-checked=\\"false\\" aria-label=\\"1234\\" class=\\"md-fake-btn md-pointer--hover md-fake-btn--no-outline md-selection-control-toggle md-btn md-btn--icon md-text--secondary\\" tabindex=\\"0\\" aria-pressed=\\"false\\"><div class=\\"md-ink-container\\"></div><i class=\\"md-icon material-icons md-text--inherit\\">check_box_outline_blank</i></div></label></div></div><div class=\\"document-item\\"><div class=\\"document-item-left-info\\"><div class=\\"document-item-provider-icon-box\\"><i class=\\"md-icon icon-news document-item-provider-icon News\\"></i></div><div class=\\"document-item-counters\\"><div class=\\"document-item-counter-value\\"><span title=\\"Reach/Subscribers: 61.4M visitors\\">61.4M</span><i class=\\"documen-item-counter-icon reach material-icons\\" title=\\"Reach/Subscribers: 61.4M visitors\\">wifi</i></div><div class=\\"document-item-counter-value\\"><span title=\\"Engagement/Views: 0 shares\\">0</span><i class=\\"documen-item-counter-icon icon-like\\" title=\\"Engagement/Views: 0 shares\\"></i></div></div></div><div class=\\"document-item-author-info\\"><div class=\\"document-item-author-icon\\"><a href=\\"http://www.terra.com.br\\" target=\\"_blank\\" rel=\\"noopener noreferrer\\"><img src=\\"https://faviewhaiy.s3.amazonaws.com/1/1233730921.ico\\" alt=\\"\\"></a></div><div class=\\"document-item-author-name\\"><a href=\\"http://www.terra.com.br\\" target=\\"_blank\\" rel=\\"noopener noreferrer\\"><div>http://www.terra.com.br (BR)</div></a></div><div class=\\"document-item-date\\" title=\\"Thursday, April 4, 2019 6:30 AM\\">Apr 04</div><div class=\\"document-item-page\\"></div></div><div class=\\"document-item-content\\"><a href=\\"http://discover.staging.launchmetrics.com/r/d/17Xw6MAhy0c=_ckkDAAAAAAAAAAAAAAAAAA==\\" target=\\"_blank\\" rel=\\"noopener noreferrer\\"><div class=\\"document-item-content-title\\">Peça 'O Aniversário de Jean Lucca' retrata a 'cultura da indiferença' na sociedade brasileira</div></a><a href=\\"http://discover.staging.launchmetrics.com/r/d/17Xw6MAhy0c=_ckkDAAAAAAAAAAAAAAAAAA==\\" target=\\"_blank\\" rel=\\"noopener noreferrer\\"><div class=\\"document-item-content-source\\">content</div></a></div><div class=\\"document-item-image\\"><a href=\\"http://discover.staging.launchmetrics.com/r/d/17Xw6MAhy0c=_ckkDAAAAAAAAAAAAAAAAAA==\\" target=\\"_blank\\" rel=\\"noopener noreferrer\\" type=\\"main\\" class=\\"document-item-image-link active-image\\"><img src=\\"\\" alt=\\"\\"></a></div></div><div class=\\"document-results-item-actions\\"><button data-id=\\"1234\\" title=\\"result.remove\\" type=\\"button\\" class=\\"md-btn md-btn--icon md-pointer--hover md-inline-block icon-cancel remove-document-button\\"><div class=\\"md-ink-container\\"></div><i class=\\"md-icon material-icons md-text--inherit\\"></i></button></div></div></div></div>"`;
