// Jest Snapshot v1, https://goo.gl/fbAQLP

exports[`<Dialog /> Test Dialog component snapshot 1`] = `"<span class=\\"md-dialog-container md-overlay md-overlay--active md-pointer--hover launchmetrics-dialog\\" tabindex=\\"-1\\"><div aria-labelledby=\\"launchmetrics-dialog\\" id=\\"dialog-id\\" role=\\"dialog\\" class=\\"md-paper md-paper--5 md-dialog md-dialog--centered md-background--card\\"><h2 id=\\"dialog-id-title\\" class=\\"md-title md-title--dialog\\"><div class=\\"dialog-close\\"><button id=\\"launchMetricsDialogClosBtn\\" type=\\"button\\" class=\\"md-btn md-btn--flat md-btn--text md-pointer--hover md-text md-inline-block btn--no-background\\"><div class=\\"md-ink-container\\"></div><i class=\\"md-icon material-icons\\">clear</i></button></div><div class=\\"dialog-header md-grid\\"><div class=\\"dialog-logo\\"><i class=\\"md-icon material-icons\\">warning</i></div><div class=\\"dialog-title\\">Dialog title</div></div></h2><section class=\\"md-dialog-content md-dialog-content--padded\\"><span aria-hidden=\\"true\\"></span><div class=\\"dialog-container\\"><div class=\\"dialog-content\\"><div id=\\"dialog-content\\"></div></div></div></section><footer class=\\"md-dialog-footer md-dialog-footer--stacked dialog-footer md-grid \\"><button id=\\"launchmetricsDialogCancelBtn\\" type=\\"button\\" class=\\"md-btn md-btn--flat md-btn--text md-pointer--hover md-text md-inline-block md-btn--dialog btn--grey btn--no-background\\"><div class=\\"md-ink-container\\"></div>Cancel</button><button id=\\"launchmetricsDialogAcceptBtn\\" type=\\"button\\" class=\\"md-btn md-btn--flat md-btn--text md-pointer--hover md-text md-inline-block md-btn--dialog btn--green btn--no-background\\"><div class=\\"md-ink-container\\"></div>Accept</button></footer></div></span>"`;
