// Jest Snapshot v1, https://goo.gl/fbAQLP

exports[`<FocusListDialog /> Test FocusListDialog snapshot creating a focus 1`] = `"<span class=\\"md-dialog-container md-overlay md-overlay--active md-pointer--hover launchmetrics-simple-dialog\\" tabindex=\\"-1\\"><div aria-labelledby=\\"launchmetrics-dialog\\" id=\\"focusListSimpleDialog\\" role=\\"dialog\\" class=\\"md-paper md-paper--5 md-dialog md-dialog--centered md-background--card\\"><section class=\\"md-dialog-content md-dialog-content--padded\\"><span aria-hidden=\\"true\\"></span><div class=\\"dialog-container\\"><div class=\\"dialog-header md-grid\\"><div class=\\"dialog-text\\">focus.prompt_new_focus</div></div><div class=\\"dialog-content\\"><div class=\\"md-text-field-container md-full-width md-text-field-container--input\\"><label for=\\"focusListCreateFocusInput\\" class=\\"md-floating-label md-floating-label--inactive md-floating-label--inactive-sized md-text--secondary\\">name</label><input id=\\"focusListCreateFocusInput\\" type=\\"text\\" class=\\"md-text-field md-text-field--floating-margin md-full-width md-text\\" value=\\"\\"><hr class=\\"md-divider md-divider--text-field md-divider--expand-from-left\\"></div></div><div class=\\"dialog-footer md-grid \\"><button id=\\"launchmetricsDialogCancelBtn\\" type=\\"button\\" class=\\"md-btn md-btn--flat md-btn--text md-pointer--hover md-text md-inline-block btn--grey btn--no-background\\"><div class=\\"md-ink-container\\"></div>form.cancel</button><button id=\\"launchmetricsDialogAcceptBtn\\" type=\\"button\\" class=\\"md-btn md-btn--flat md-btn--text md-pointer--hover md-text md-inline-block btn--green btn--no-background\\"><div class=\\"md-ink-container\\"></div>form.accept</button></div></div></section></div></span>"`;

exports[`<FocusListDialog /> Test FocusListDialog snapshot removing a feed 1`] = `"<span class=\\"md-dialog-container md-overlay md-overlay--active md-pointer--hover launchmetrics-simple-dialog\\" tabindex=\\"-1\\"><div aria-labelledby=\\"launchmetrics-dialog\\" id=\\"focusListSimpleDialog\\" role=\\"dialog\\" class=\\"md-paper md-paper--5 md-dialog md-dialog--centered md-background--card\\"><section class=\\"md-dialog-content md-dialog-content--padded\\"><span aria-hidden=\\"true\\"></span><div class=\\"dialog-container\\"><div class=\\"dialog-header md-grid\\"><div class=\\"dialog-text\\">focus.remove.confirm</div></div><div class=\\"dialog-content\\"><div>focus.remove.notice</div></div><div class=\\"dialog-footer md-grid \\"><button id=\\"launchmetricsDialogCancelBtn\\" type=\\"button\\" class=\\"md-btn md-btn--flat md-btn--text md-pointer--hover md-text md-inline-block btn--grey btn--no-background\\"><div class=\\"md-ink-container\\"></div>form.cancel</button><button id=\\"launchmetricsDialogAcceptBtn\\" type=\\"button\\" class=\\"md-btn md-btn--flat md-btn--text md-pointer--hover md-text md-inline-block btn--green btn--no-background\\"><div class=\\"md-ink-container\\"></div>form.accept</button></div></div></section></div></span>"`;

exports[`<FocusListDialog /> Test FocusListDialog snapshot removing a focus 1`] = `"<span class=\\"md-dialog-container md-overlay md-overlay--active md-pointer--hover launchmetrics-simple-dialog\\" tabindex=\\"-1\\"><div aria-labelledby=\\"launchmetrics-dialog\\" id=\\"focusListSimpleDialog\\" role=\\"dialog\\" class=\\"md-paper md-paper--5 md-dialog md-dialog--centered md-background--card\\"><section class=\\"md-dialog-content md-dialog-content--padded\\"><span aria-hidden=\\"true\\"></span><div class=\\"dialog-container\\"><div class=\\"dialog-header md-grid\\"><div class=\\"dialog-text\\">focus.remove.confirm</div></div><div class=\\"dialog-content\\"><div>focus.remove.notice</div></div><div class=\\"dialog-footer md-grid \\"><button id=\\"launchmetricsDialogCancelBtn\\" type=\\"button\\" class=\\"md-btn md-btn--flat md-btn--text md-pointer--hover md-text md-inline-block btn--grey btn--no-background\\"><div class=\\"md-ink-container\\"></div>form.cancel</button><button id=\\"launchmetricsDialogAcceptBtn\\" type=\\"button\\" class=\\"md-btn md-btn--flat md-btn--text md-pointer--hover md-text md-inline-block btn--green btn--no-background\\"><div class=\\"md-ink-container\\"></div>form.accept</button></div></div></section></div></span>"`;

exports[`<FocusListDialog /> Test FocusListDialog snapshot renaming a focus 1`] = `"<span class=\\"md-dialog-container md-overlay md-overlay--active md-pointer--hover launchmetrics-simple-dialog\\" tabindex=\\"-1\\"><div aria-labelledby=\\"launchmetrics-dialog\\" id=\\"focusListSimpleDialog\\" role=\\"dialog\\" class=\\"md-paper md-paper--5 md-dialog md-dialog--centered md-background--card\\"><section class=\\"md-dialog-content md-dialog-content--padded\\"><span aria-hidden=\\"true\\"></span><div class=\\"dialog-container\\"><div class=\\"dialog-header md-grid\\"><div class=\\"dialog-text\\">focus.rename.title</div></div><div class=\\"dialog-content\\"><div class=\\"md-text-field-container md-full-width md-text-field-container--input\\"><label for=\\"focusListRenameFocusInput\\" class=\\"md-floating-label md-floating-label--inactive md-floating-label--inactive-sized md-text--secondary\\">name</label><input id=\\"focusListRenameFocusInput\\" type=\\"text\\" class=\\"md-text-field md-text-field--floating-margin md-full-width md-text\\" value=\\"focus-name-1\\"><hr class=\\"md-divider md-divider--text-field md-divider--expand-from-left\\"></div></div><div class=\\"dialog-footer md-grid \\"><button id=\\"launchmetricsDialogCancelBtn\\" type=\\"button\\" class=\\"md-btn md-btn--flat md-btn--text md-pointer--hover md-text md-inline-block btn--grey btn--no-background\\"><div class=\\"md-ink-container\\"></div>form.cancel</button><button id=\\"launchmetricsDialogAcceptBtn\\" type=\\"button\\" class=\\"md-btn md-btn--flat md-btn--text md-pointer--hover md-text md-inline-block btn--green btn--no-background\\"><div class=\\"md-ink-container\\"></div>form.accept</button></div></div></section></div></span>"`;
