// Jest Snapshot v1, https://goo.gl/fbAQLP

exports[`FocusFeedForm Component snapshot 1`] = `"<div id=\\"focusFeedForm\\"><div><div><span class=\\"focus-feed-results-preview-text\\">feed.labels.results</span></div><button id=\\"focusFeedFormRecoverBtn\\" type=\\"button\\" class=\\"md-btn md-btn--flat md-btn--text md-pointer--hover md-text md-inline-block\\"><div class=\\"md-ink-container\\"></div>feed.form.recovery.button</button></div><div class=\\"flex-end\\"><div id=\\"focusFeedSortBySelectField-menu\\" aria-haspopup=\\"true\\" aria-expanded=\\"false\\" class=\\"md-layover md-layover--simplified md-inline-block md-menu-container md-menu--select-field\\"><div class=\\"md-select-field__toggle\\"><label for=\\"focusFeedSortBySelectField\\" class=\\"md-floating-label md-floating-label--floating md-text--secondary\\">results.sort.value</label><div id=\\"focusFeedSortBySelectField-toggle\\" role=\\"listbox\\" tabindex=\\"0\\" aria-pressed=\\"false\\" class=\\"md-paper md-paper--0 md-fake-btn md-pointer--hover md-fake-btn--no-outline md-select-field md-text\\"><div class=\\"md-icon-separator md-text-field md-text-field--floating-margin md-select-field--text-field\\"><span class=\\"md-icon-text\\">results.sort.publication_date</span><i class=\\"md-icon material-icons\\">arrow_drop_down</i></div><hr class=\\"md-divider md-divider--text-field md-divider--expand-from-left md-divider--select-field\\"/><input type=\\"hidden\\" id=\\"focusFeedSortBySelectField\\" value=\\"publication_date:desc\\"/></div></div></div><div id=\\"focusFeedFormPeriodContainer\\"><div id=\\"focusFeedDateSelectors\\"></div><div id=\\"focusFeedFormPeriodSelect-menu\\" aria-haspopup=\\"true\\" aria-expanded=\\"false\\" class=\\"md-layover md-layover--simplified md-inline-block md-menu-container md-menu--select-field\\"><div class=\\"md-select-field__toggle\\"><label for=\\"focusFeedFormPeriodSelect\\" class=\\"md-floating-label md-floating-label--floating md-text--secondary\\">filters.period.value</label><div id=\\"focusFeedFormPeriodSelect-toggle\\" role=\\"listbox\\" tabindex=\\"0\\" aria-pressed=\\"false\\" class=\\"md-paper md-paper--0 md-fake-btn md-pointer--hover md-fake-btn--no-outline md-select-field md-text\\"><div class=\\"md-icon-separator md-text-field md-text-field--floating-margin md-select-field--text-field\\"><span class=\\"md-icon-text\\">filters.period.last_month</span><i class=\\"md-icon material-icons\\">arrow_drop_down</i></div><hr class=\\"md-divider md-divider--text-field md-divider--expand-from-left md-divider--select-field\\"/><input type=\\"hidden\\" id=\\"focusFeedFormPeriodSelect\\" value=\\"last_month\\"/></div></div></div></div></div></div>"`;

exports[`FocusFeedForm Component snapshot with custom period 1`] = `
"<div id=\\"focusFeedForm\\">
  <div>
    <div>
      <span className=\\"focus-feed-results-preview-text\\">
        feed.labels.results
      </span>
    </div>
    <withInk(withTooltip(Button)) id=\\"focusFeedFormRecoverBtn\\" flat={true} onClick={[Function: onClick]} inkTransitionOverlap={150} inkTransitionEnterTimeout={450} inkTransitionLeaveTimeout={300}>
      feed.form.recovery.button
    </withInk(withTooltip(Button))>
  </div>
  <div className=\\"flex-end\\">
    <SelectField id=\\"focusFeedSortBySelectField\\" label=\\"results.sort.value\\" repositionOnResize={true} menuItems={{...}} onChange={[Function: onChange]} defaultValue=\\"publication_date:desc\\" value=\\"publication_date:desc\\" anchor={{...}} fixedTo={{...}} position=\\"tl\\" itemLabel=\\"label\\" itemValue=\\"value\\" itemProps=\\"getProps\\" dropdownIcon={{...}} lineDirection=\\"left\\" defaultVisible={false} keyboardMatchingTimeout={1000} transitionName=\\"md-drop\\" transitionTime={300} repositionOnScroll={true} />
    <div id=\\"focusFeedFormPeriodContainer\\">
      <div id=\\"focusFeedDateSelectors\\">
        <CSSTransition id=\\"focusFeedDateSelectorsTransition\\" classNames=\\"focus-feed-form-show-date-selectors\\" timeout={500} in={true} onExited={[Function: onExited]}>
          <Connect(SearchDateRange) />
        </CSSTransition>
      </div>
      <SelectField id=\\"focusFeedFormPeriodSelect\\" label=\\"filters.period.value\\" placeholder=\\"filters.period.value\\" menuItems={{...}} defaultValue=\\"custom\\" value=\\"custom\\" position=\\"tr\\" onChange={[Function: onChange]} anchor={{...}} fixedTo={{...}} itemLabel=\\"label\\" itemValue=\\"value\\" itemProps=\\"getProps\\" dropdownIcon={{...}} lineDirection=\\"left\\" defaultVisible={false} keyboardMatchingTimeout={1000} transitionName=\\"md-drop\\" transitionTime={300} repositionOnScroll={true} repositionOnResize={false} />
    </div>
  </div>
</div>"
`;

exports[`FocusFeedForm Component snapshot with date range animation in action 1`] = `
"<div id=\\"focusFeedForm\\">
  <div>
    <div>
      <span className=\\"focus-feed-results-preview-text\\">
        feed.labels.results
      </span>
    </div>
    <withInk(withTooltip(Button)) id=\\"focusFeedFormRecoverBtn\\" flat={true} onClick={[Function: onClick]} inkTransitionOverlap={150} inkTransitionEnterTimeout={450} inkTransitionLeaveTimeout={300}>
      feed.form.recovery.button
    </withInk(withTooltip(Button))>
  </div>
  <div className=\\"flex-end\\">
    <SelectField id=\\"focusFeedSortBySelectField\\" label=\\"results.sort.value\\" repositionOnResize={true} menuItems={{...}} onChange={[Function: onChange]} defaultValue=\\"publication_date:desc\\" value=\\"publication_date:desc\\" anchor={{...}} fixedTo={{...}} position=\\"tl\\" itemLabel=\\"label\\" itemValue=\\"value\\" itemProps=\\"getProps\\" dropdownIcon={{...}} lineDirection=\\"left\\" defaultVisible={false} keyboardMatchingTimeout={1000} transitionName=\\"md-drop\\" transitionTime={300} repositionOnScroll={true} />
    <div id=\\"focusFeedFormPeriodContainer\\">
      <div id=\\"focusFeedDateSelectors\\">
        <CSSTransition id=\\"focusFeedDateSelectorsTransition\\" classNames=\\"focus-feed-form-show-date-selectors\\" timeout={500} in={false} onExited={[Function: onExited]}>
          <Connect(SearchDateRange) />
        </CSSTransition>
      </div>
      <SelectField id=\\"focusFeedFormPeriodSelect\\" label=\\"filters.period.value\\" placeholder=\\"filters.period.value\\" menuItems={{...}} defaultValue=\\"last_month\\" value=\\"last_month\\" position=\\"tr\\" onChange={[Function: onChange]} anchor={{...}} fixedTo={{...}} itemLabel=\\"label\\" itemValue=\\"value\\" itemProps=\\"getProps\\" dropdownIcon={{...}} lineDirection=\\"left\\" defaultVisible={false} keyboardMatchingTimeout={1000} transitionName=\\"md-drop\\" transitionTime={300} repositionOnScroll={true} repositionOnResize={false} />
    </div>
  </div>
</div>"
`;

exports[`FocusFeedForm Component snapshot with print feed 1`] = `"<div id=\\"focusFeedForm\\"><div><div><span class=\\"focus-feed-results-preview-text\\">feed.labels.results</span></div><button id=\\"focusFeedFormRecoverBtn\\" type=\\"button\\" class=\\"md-btn md-btn--flat md-btn--text md-pointer--hover md-text md-inline-block\\"><div class=\\"md-ink-container\\"></div>feed.form.recovery.button</button></div><div class=\\"flex-end\\"><div id=\\"focusFeedSortBySelectField-menu\\" aria-haspopup=\\"true\\" aria-expanded=\\"false\\" class=\\"md-layover md-layover--simplified md-inline-block md-menu-container md-menu--select-field\\"><div class=\\"md-select-field__toggle\\"><label for=\\"focusFeedSortBySelectField\\" class=\\"md-floating-label md-floating-label--inactive md-floating-label--inactive-sized md-text--secondary\\">results.sort.value</label><div id=\\"focusFeedSortBySelectField-toggle\\" role=\\"listbox\\" tabindex=\\"0\\" aria-pressed=\\"false\\" class=\\"md-paper md-paper--0 md-fake-btn md-pointer--hover md-fake-btn--no-outline md-select-field\\"><div class=\\"md-icon-separator md-text-field md-text-field--floating-margin md-select-field--text-field\\"><span class=\\"md-icon-text\\"></span><i class=\\"md-icon material-icons\\">arrow_drop_down</i></div><hr class=\\"md-divider md-divider--text-field md-divider--expand-from-left md-divider--select-field\\"/><input type=\\"hidden\\" id=\\"focusFeedSortBySelectField\\" value=\\"publication_date:desc\\"/></div></div></div><div id=\\"focusFeedFormPeriodContainer\\"><div id=\\"focusFeedDateSelectors\\"></div><div id=\\"focusFeedFormPeriodSelect-menu\\" aria-haspopup=\\"true\\" aria-expanded=\\"false\\" class=\\"md-layover md-layover--simplified md-inline-block md-menu-container md-menu--select-field\\"><div class=\\"md-select-field__toggle\\"><label for=\\"focusFeedFormPeriodSelect\\" class=\\"md-floating-label md-floating-label--floating md-text--secondary\\">filters.period.value</label><div id=\\"focusFeedFormPeriodSelect-toggle\\" role=\\"listbox\\" tabindex=\\"0\\" aria-pressed=\\"false\\" class=\\"md-paper md-paper--0 md-fake-btn md-pointer--hover md-fake-btn--no-outline md-select-field md-text\\"><div class=\\"md-icon-separator md-text-field md-text-field--floating-margin md-select-field--text-field\\"><span class=\\"md-icon-text\\">filters.period.last_month</span><i class=\\"md-icon material-icons\\">arrow_drop_down</i></div><hr class=\\"md-divider md-divider--text-field md-divider--expand-from-left md-divider--select-field\\"/><input type=\\"hidden\\" id=\\"focusFeedFormPeriodSelect\\" value=\\"last_month\\"/></div></div></div></div></div></div>"`;

exports[`FocusFeedForm Component snapshot with recovery id 1`] = `"<div id=\\"focusFeedForm\\"><div><div><span class=\\"focus-feed-results-preview-text\\">feed.labels.results</span></div><div id=\\"focusFeedFormRecoveryProgress\\"><span>feed.form.recovery.progress</span><div id=\\"focusFeedFormRecoveryProgressLine\\" class=\\"md-progress md-progress--linear\\"><div role=\\"progressbar\\" aria-valuemin=\\"0\\" aria-valuemax=\\"100\\" aria-valuenow=\\"75\\" style=\\"width:75%\\" class=\\"md-progress--linear-active md-progress--linear-determinate\\"></div></div><span>75%</span></div></div><div class=\\"flex-end\\"><div id=\\"focusFeedSortBySelectField-menu\\" aria-haspopup=\\"true\\" aria-expanded=\\"false\\" class=\\"md-layover md-layover--simplified md-inline-block md-menu-container md-menu--select-field\\"><div class=\\"md-select-field__toggle\\"><label for=\\"focusFeedSortBySelectField\\" class=\\"md-floating-label md-floating-label--floating md-text--secondary\\">results.sort.value</label><div id=\\"focusFeedSortBySelectField-toggle\\" role=\\"listbox\\" tabindex=\\"0\\" aria-pressed=\\"false\\" class=\\"md-paper md-paper--0 md-fake-btn md-pointer--hover md-fake-btn--no-outline md-select-field md-text\\"><div class=\\"md-icon-separator md-text-field md-text-field--floating-margin md-select-field--text-field\\"><span class=\\"md-icon-text\\">results.sort.publication_date</span><i class=\\"md-icon material-icons\\">arrow_drop_down</i></div><hr class=\\"md-divider md-divider--text-field md-divider--expand-from-left md-divider--select-field\\"/><input type=\\"hidden\\" id=\\"focusFeedSortBySelectField\\" value=\\"publication_date:desc\\"/></div></div></div><div id=\\"focusFeedFormPeriodContainer\\"><div id=\\"focusFeedDateSelectors\\"></div><div id=\\"focusFeedFormPeriodSelect-menu\\" aria-haspopup=\\"true\\" aria-expanded=\\"false\\" class=\\"md-layover md-layover--simplified md-inline-block md-menu-container md-menu--select-field\\"><div class=\\"md-select-field__toggle\\"><label for=\\"focusFeedFormPeriodSelect\\" class=\\"md-floating-label md-floating-label--floating md-text--secondary\\">filters.period.value</label><div id=\\"focusFeedFormPeriodSelect-toggle\\" role=\\"listbox\\" tabindex=\\"0\\" aria-pressed=\\"false\\" class=\\"md-paper md-paper--0 md-fake-btn md-pointer--hover md-fake-btn--no-outline md-select-field md-text\\"><div class=\\"md-icon-separator md-text-field md-text-field--floating-margin md-select-field--text-field\\"><span class=\\"md-icon-text\\">filters.period.last_month</span><i class=\\"md-icon material-icons\\">arrow_drop_down</i></div><hr class=\\"md-divider md-divider--text-field md-divider--expand-from-left md-divider--select-field\\"/><input type=\\"hidden\\" id=\\"focusFeedFormPeriodSelect\\" value=\\"last_month\\"/></div></div></div></div></div></div>"`;

exports[`FocusFeedForm Component snapshot with total value 1`] = `"<div id=\\"focusFeedForm\\"><div><div><span class=\\"focus-feed-results-preview-text\\">feed.labels.results</span></div><button id=\\"focusFeedFormRecoverBtn\\" type=\\"button\\" class=\\"md-btn md-btn--flat md-btn--text md-pointer--hover md-text md-inline-block\\"><div class=\\"md-ink-container\\"></div>feed.form.recovery.button</button></div><div class=\\"flex-end\\"><div id=\\"focusFeedSortBySelectField-menu\\" aria-haspopup=\\"true\\" aria-expanded=\\"false\\" class=\\"md-layover md-layover--simplified md-inline-block md-menu-container md-menu--select-field\\"><div class=\\"md-select-field__toggle\\"><label for=\\"focusFeedSortBySelectField\\" class=\\"md-floating-label md-floating-label--floating md-text--secondary\\">results.sort.value</label><div id=\\"focusFeedSortBySelectField-toggle\\" role=\\"listbox\\" tabindex=\\"0\\" aria-pressed=\\"false\\" class=\\"md-paper md-paper--0 md-fake-btn md-pointer--hover md-fake-btn--no-outline md-select-field md-text\\"><div class=\\"md-icon-separator md-text-field md-text-field--floating-margin md-select-field--text-field\\"><span class=\\"md-icon-text\\">results.sort.publication_date</span><i class=\\"md-icon material-icons\\">arrow_drop_down</i></div><hr class=\\"md-divider md-divider--text-field md-divider--expand-from-left md-divider--select-field\\"/><input type=\\"hidden\\" id=\\"focusFeedSortBySelectField\\" value=\\"publication_date:desc\\"/></div></div></div><div id=\\"focusFeedFormPeriodContainer\\"><div id=\\"focusFeedDateSelectors\\"></div><div id=\\"focusFeedFormPeriodSelect-menu\\" aria-haspopup=\\"true\\" aria-expanded=\\"false\\" class=\\"md-layover md-layover--simplified md-inline-block md-menu-container md-menu--select-field\\"><div class=\\"md-select-field__toggle\\"><label for=\\"focusFeedFormPeriodSelect\\" class=\\"md-floating-label md-floating-label--floating md-text--secondary\\">filters.period.value</label><div id=\\"focusFeedFormPeriodSelect-toggle\\" role=\\"listbox\\" tabindex=\\"0\\" aria-pressed=\\"false\\" class=\\"md-paper md-paper--0 md-fake-btn md-pointer--hover md-fake-btn--no-outline md-select-field md-text\\"><div class=\\"md-icon-separator md-text-field md-text-field--floating-margin md-select-field--text-field\\"><span class=\\"md-icon-text\\">filters.period.last_month</span><i class=\\"md-icon material-icons\\">arrow_drop_down</i></div><hr class=\\"md-divider md-divider--text-field md-divider--expand-from-left md-divider--select-field\\"/><input type=\\"hidden\\" id=\\"focusFeedFormPeriodSelect\\" value=\\"last_month\\"/></div></div></div><div class=\\"form-display-items\\"><div class=\\"form-results-display-label\\">results.search.documents.pagination_label</div><div class=\\"form-results-display-content\\">results.search.documents.pagination_info</div></div></div></div></div>"`;

exports[`FocusFeedForm Component snapshot with total value bigger than 5000 1`] = `"<div id=\\"focusFeedForm\\"><div><div><span class=\\"focus-feed-results-preview-text\\">feed.labels.results</span></div><button id=\\"focusFeedFormRecoverBtn\\" type=\\"button\\" class=\\"md-btn md-btn--flat md-btn--text md-pointer--hover md-text md-inline-block\\"><div class=\\"md-ink-container\\"></div>feed.form.recovery.button</button></div><div class=\\"flex-end\\"><div id=\\"focusFeedSortBySelectField-menu\\" aria-haspopup=\\"true\\" aria-expanded=\\"false\\" class=\\"md-layover md-layover--simplified md-inline-block md-menu-container md-menu--select-field\\"><div class=\\"md-select-field__toggle\\"><label for=\\"focusFeedSortBySelectField\\" class=\\"md-floating-label md-floating-label--floating md-text--secondary\\">results.sort.value</label><div id=\\"focusFeedSortBySelectField-toggle\\" role=\\"listbox\\" tabindex=\\"0\\" aria-pressed=\\"false\\" class=\\"md-paper md-paper--0 md-fake-btn md-pointer--hover md-fake-btn--no-outline md-select-field md-text\\"><div class=\\"md-icon-separator md-text-field md-text-field--floating-margin md-select-field--text-field\\"><span class=\\"md-icon-text\\">results.sort.publication_date</span><i class=\\"md-icon material-icons\\">arrow_drop_down</i></div><hr class=\\"md-divider md-divider--text-field md-divider--expand-from-left md-divider--select-field\\"/><input type=\\"hidden\\" id=\\"focusFeedSortBySelectField\\" value=\\"publication_date:desc\\"/></div></div></div><div id=\\"focusFeedFormPeriodContainer\\"><div id=\\"focusFeedDateSelectors\\"></div><div id=\\"focusFeedFormPeriodSelect-menu\\" aria-haspopup=\\"true\\" aria-expanded=\\"false\\" class=\\"md-layover md-layover--simplified md-inline-block md-menu-container md-menu--select-field\\"><div class=\\"md-select-field__toggle\\"><label for=\\"focusFeedFormPeriodSelect\\" class=\\"md-floating-label md-floating-label--floating md-text--secondary\\">filters.period.value</label><div id=\\"focusFeedFormPeriodSelect-toggle\\" role=\\"listbox\\" tabindex=\\"0\\" aria-pressed=\\"false\\" class=\\"md-paper md-paper--0 md-fake-btn md-pointer--hover md-fake-btn--no-outline md-select-field md-text\\"><div class=\\"md-icon-separator md-text-field md-text-field--floating-margin md-select-field--text-field\\"><span class=\\"md-icon-text\\">filters.period.last_month</span><i class=\\"md-icon material-icons\\">arrow_drop_down</i></div><hr class=\\"md-divider md-divider--text-field md-divider--expand-from-left md-divider--select-field\\"/><input type=\\"hidden\\" id=\\"focusFeedFormPeriodSelect\\" value=\\"last_month\\"/></div></div></div><div class=\\"form-display-items\\"><div class=\\"form-results-display-label\\">results.search.documents.pagination_label</div><div class=\\"form-results-display-content\\">results.search.documents.pagination_info</div></div></div></div></div>"`;

exports[`FocusFeedForm Component snapshot with total value smaller than limit 1`] = `"<div id=\\"focusFeedForm\\"><div><div><span class=\\"focus-feed-results-preview-text\\">feed.labels.results</span></div><button id=\\"focusFeedFormRecoverBtn\\" type=\\"button\\" class=\\"md-btn md-btn--flat md-btn--text md-pointer--hover md-text md-inline-block\\"><div class=\\"md-ink-container\\"></div>feed.form.recovery.button</button></div><div class=\\"flex-end\\"><div id=\\"focusFeedSortBySelectField-menu\\" aria-haspopup=\\"true\\" aria-expanded=\\"false\\" class=\\"md-layover md-layover--simplified md-inline-block md-menu-container md-menu--select-field\\"><div class=\\"md-select-field__toggle\\"><label for=\\"focusFeedSortBySelectField\\" class=\\"md-floating-label md-floating-label--floating md-text--secondary\\">results.sort.value</label><div id=\\"focusFeedSortBySelectField-toggle\\" role=\\"listbox\\" tabindex=\\"0\\" aria-pressed=\\"false\\" class=\\"md-paper md-paper--0 md-fake-btn md-pointer--hover md-fake-btn--no-outline md-select-field md-text\\"><div class=\\"md-icon-separator md-text-field md-text-field--floating-margin md-select-field--text-field\\"><span class=\\"md-icon-text\\">results.sort.publication_date</span><i class=\\"md-icon material-icons\\">arrow_drop_down</i></div><hr class=\\"md-divider md-divider--text-field md-divider--expand-from-left md-divider--select-field\\"/><input type=\\"hidden\\" id=\\"focusFeedSortBySelectField\\" value=\\"publication_date:desc\\"/></div></div></div><div id=\\"focusFeedFormPeriodContainer\\"><div id=\\"focusFeedDateSelectors\\"></div><div id=\\"focusFeedFormPeriodSelect-menu\\" aria-haspopup=\\"true\\" aria-expanded=\\"false\\" class=\\"md-layover md-layover--simplified md-inline-block md-menu-container md-menu--select-field\\"><div class=\\"md-select-field__toggle\\"><label for=\\"focusFeedFormPeriodSelect\\" class=\\"md-floating-label md-floating-label--floating md-text--secondary\\">filters.period.value</label><div id=\\"focusFeedFormPeriodSelect-toggle\\" role=\\"listbox\\" tabindex=\\"0\\" aria-pressed=\\"false\\" class=\\"md-paper md-paper--0 md-fake-btn md-pointer--hover md-fake-btn--no-outline md-select-field md-text\\"><div class=\\"md-icon-separator md-text-field md-text-field--floating-margin md-select-field--text-field\\"><span class=\\"md-icon-text\\">filters.period.last_month</span><i class=\\"md-icon material-icons\\">arrow_drop_down</i></div><hr class=\\"md-divider md-divider--text-field md-divider--expand-from-left md-divider--select-field\\"/><input type=\\"hidden\\" id=\\"focusFeedFormPeriodSelect\\" value=\\"last_month\\"/></div></div></div><div class=\\"form-display-items\\"><div class=\\"form-results-display-label\\">results.search.documents.pagination_label</div><div class=\\"form-results-display-content\\">results.search.documents.pagination_info</div></div></div></div></div>"`;

exports[`FocusFeedForm Component snapshot without feed type 1`] = `null`;
