// Jest Snapshot v1, https://goo.gl/fbAQLP

exports[`Autocomplete field common component Component default snapshot 1`] = `"<div id=\\"formAutocompleteField-autocompleteFieldId-menu\\" aria-haspopup=\\"true\\" aria-expanded=\\"false\\" class=\\"md-layover md-layover--simplified md-full-width md-menu-container md-menu-container--menu-below md-autocomplete-container react-base-form-autocomplete-field \\"><div class=\\"md-text-field-container md-full-width md-text-field-container--input md-autocomplete\\"><label for=\\"formAutocompleteField-autocompleteFieldId\\" class=\\"md-floating-label md-floating-label--inactive md-floating-label--inactive-sized md-text--secondary\\">Text label</label><input autocomplete=\\"off\\" aria-autocomplete=\\"list\\" id=\\"formAutocompleteField-autocompleteFieldId\\" type=\\"text\\" class=\\"md-text-field md-text-field--floating-margin md-full-width md-text\\" value=\\"\\"><hr class=\\"md-divider md-divider--text-field md-divider--expand-from-left\\"></div></div>"`;

exports[`Autocomplete field common component Component snapshot after on autocomplete event 1`] = `"<div id=\\"formAutocompleteField-autocompleteFieldId-menu\\" aria-haspopup=\\"true\\" aria-expanded=\\"false\\" class=\\"md-layover md-layover--simplified md-full-width md-menu-container md-menu-container--menu-below md-autocomplete-container react-base-form-autocomplete-field \\"><div class=\\"md-text-field-container md-full-width md-text-field-container--input md-autocomplete\\"><label for=\\"formAutocompleteField-autocompleteFieldId\\" class=\\"md-floating-label md-floating-label--floating md-text--secondary\\">Text label</label><input autocomplete=\\"off\\" aria-autocomplete=\\"list\\" id=\\"formAutocompleteField-autocompleteFieldId\\" type=\\"text\\" class=\\"md-text-field md-text-field--floating-margin md-full-width md-text\\" value=\\"newlab\\"><hr class=\\"md-divider md-divider--text-field md-divider--expand-from-left\\"></div></div>"`;

exports[`Autocomplete field common component Component snapshot after on autocomplete event with useValueFromAutocomplete flag enabled 1`] = `"<div id=\\"formAutocompleteField-autocompleteFieldId-menu\\" aria-haspopup=\\"true\\" aria-expanded=\\"false\\" class=\\"md-layover md-layover--simplified md-full-width md-menu-container md-menu-container--menu-below md-autocomplete-container react-base-form-autocomplete-field \\"><div class=\\"md-text-field-container md-full-width md-text-field-container--input md-autocomplete\\"><label for=\\"formAutocompleteField-autocompleteFieldId\\" class=\\"md-floating-label md-floating-label--floating md-text--secondary\\">Text label</label><input autocomplete=\\"off\\" aria-autocomplete=\\"list\\" id=\\"formAutocompleteField-autocompleteFieldId\\" type=\\"text\\" class=\\"md-text-field md-text-field--floating-margin md-full-width md-text\\" value=\\"newval\\"><hr class=\\"md-divider md-divider--text-field md-divider--expand-from-left\\"></div></div>"`;

exports[`Autocomplete field common component Component snapshot after on change value 1`] = `"<div id=\\"formAutocompleteField-autocompleteFieldId-menu\\" aria-haspopup=\\"true\\" aria-expanded=\\"false\\" class=\\"md-layover md-layover--simplified md-full-width md-menu-container md-menu-container--menu-below md-autocomplete-container react-base-form-autocomplete-field \\"><div class=\\"md-text-field-container md-full-width md-text-field-container--input md-autocomplete\\"><label for=\\"formAutocompleteField-autocompleteFieldId\\" class=\\"md-floating-label md-floating-label--floating md-text--secondary\\">Text label</label><input autocomplete=\\"off\\" aria-autocomplete=\\"list\\" id=\\"formAutocompleteField-autocompleteFieldId\\" type=\\"text\\" class=\\"md-text-field md-text-field--floating-margin md-full-width md-text\\" value=\\"newVal\\"><hr class=\\"md-divider md-divider--text-field md-divider--expand-from-left\\"></div></div>"`;

exports[`Autocomplete field common component Component snapshot after on close event click handler 1`] = `"<div id=\\"formAutocompleteField-autocompleteFieldId-menu\\" aria-haspopup=\\"true\\" aria-expanded=\\"false\\" class=\\"md-layover md-layover--simplified md-full-width md-menu-container md-menu-container--menu-below md-autocomplete-container react-base-form-autocomplete-field with-button \\"><div class=\\"md-text-field-container md-full-width md-text-field-container--input md-autocomplete\\"><label for=\\"formAutocompleteField-autocompleteFieldId\\" class=\\"md-floating-label md-floating-label--inactive md-floating-label--inactive-sized md-text--secondary\\">Text label</label><input autocomplete=\\"off\\" aria-autocomplete=\\"list\\" id=\\"formAutocompleteField-autocompleteFieldId\\" type=\\"text\\" class=\\"md-text-field md-text-field--floating-margin md-full-width md-text\\" value=\\"\\"><hr class=\\"md-divider md-divider--text-field md-divider--expand-from-left\\"></div></div><button id=\\"formAutocompleteFieldCloseBtn-autocompleteFieldId\\" type=\\"button\\" class=\\"md-btn md-btn--icon md-pointer--hover md-inline-block\\"><div class=\\"md-ink-container\\"></div><i class=\\"md-icon material-icons md-text--inherit\\">close</i></button>"`;

exports[`Autocomplete field common component Component snapshot with close button 1`] = `"<div id=\\"formAutocompleteField-autocompleteFieldId-menu\\" aria-haspopup=\\"true\\" aria-expanded=\\"false\\" class=\\"md-layover md-layover--simplified md-full-width md-menu-container md-menu-container--menu-below md-autocomplete-container react-base-form-autocomplete-field with-button \\"><div class=\\"md-text-field-container md-full-width md-text-field-container--input md-autocomplete\\"><label for=\\"formAutocompleteField-autocompleteFieldId\\" class=\\"md-floating-label md-floating-label--inactive md-floating-label--inactive-sized md-text--secondary\\">Text label</label><input autocomplete=\\"off\\" aria-autocomplete=\\"list\\" id=\\"formAutocompleteField-autocompleteFieldId\\" type=\\"text\\" class=\\"md-text-field md-text-field--floating-margin md-full-width md-text\\" value=\\"\\"><hr class=\\"md-divider md-divider--text-field md-divider--expand-from-left\\"></div></div><button id=\\"formAutocompleteFieldCloseBtn-autocompleteFieldId\\" type=\\"button\\" class=\\"md-btn md-btn--icon md-pointer--hover md-inline-block\\"><div class=\\"md-ink-container\\"></div><i class=\\"md-icon material-icons md-text--inherit\\">close</i></button>"`;

exports[`Autocomplete field common component Component snapshot with items 1`] = `"<div id=\\"formAutocompleteField-autocompleteFieldId-menu\\" aria-haspopup=\\"true\\" aria-expanded=\\"false\\" class=\\"md-layover md-layover--simplified md-full-width md-menu-container md-menu-container--menu-below md-autocomplete-container react-base-form-autocomplete-field \\"><div class=\\"md-text-field-container md-full-width md-text-field-container--input md-autocomplete\\"><label for=\\"formAutocompleteField-autocompleteFieldId\\" class=\\"md-floating-label md-floating-label--inactive md-floating-label--inactive-sized md-text--secondary\\">Text label</label><input autocomplete=\\"off\\" aria-autocomplete=\\"list\\" id=\\"formAutocompleteField-autocompleteFieldId\\" type=\\"text\\" class=\\"md-text-field md-text-field--floating-margin md-full-width md-text\\" value=\\"\\"><hr class=\\"md-divider md-divider--text-field md-divider--expand-from-left\\"></div></div>"`;

exports[`Autocomplete field common component Component snapshot with label with key 1`] = `"<div id=\\"formAutocompleteField-autocompleteFieldId-menu\\" aria-haspopup=\\"true\\" aria-expanded=\\"false\\" class=\\"md-layover md-layover--simplified md-full-width md-menu-container md-menu-container--menu-below md-autocomplete-container react-base-form-autocomplete-field \\"><div class=\\"md-text-field-container md-full-width md-text-field-container--input md-autocomplete\\"><label for=\\"formAutocompleteField-autocompleteFieldId\\" class=\\"md-floating-label md-floating-label--inactive md-floating-label--inactive-sized md-text--secondary\\">lang_key</label><input autocomplete=\\"off\\" aria-autocomplete=\\"list\\" id=\\"formAutocompleteField-autocompleteFieldId\\" type=\\"text\\" class=\\"md-text-field md-text-field--floating-margin md-full-width md-text\\" value=\\"\\"><hr class=\\"md-divider md-divider--text-field md-divider--expand-from-left\\"></div></div>"`;
