// Jest Snapshot v1, https://goo.gl/fbAQLP

exports[`<Dialog /> Test Dialog component snapshot 1`] = `"<span class=\\"md-dialog-container md-overlay md-overlay--active md-pointer--hover react-base-simple-dialog\\" tabindex=\\"-1\\"><div aria-labelledby=\\"react-base-dialog\\" id=\\"dialog-id\\" role=\\"dialog\\" class=\\"md-paper md-paper--5 md-dialog md-dialog--centered md-background--card\\"><section class=\\"md-dialog-content\\"><span aria-hidden=\\"true\\"></span><div class=\\"dialog-container\\"><div class=\\"dialog-header md-grid\\"><div class=\\"dialog-text\\">Dialog title</div></div><div class=\\"dialog-content\\"><div id=\\"dialog-content\\"></div></div><div class=\\"dialog-footer md-grid \\"><button id=\\"react-baseDialogCancelBtn\\" type=\\"button\\" class=\\"md-btn md-btn--flat md-btn--text md-pointer--hover md-text md-inline-block btn--grey btn--no-background\\"><div class=\\"md-ink-container\\"></div>Cancel</button><button id=\\"react-baseDialogAcceptBtn\\" type=\\"button\\" class=\\"md-btn md-btn--flat md-btn--text md-pointer--hover md-text md-inline-block btn--green btn--no-background\\"><div class=\\"md-ink-container\\"></div>Accept</button></div></div></section></div></span>"`;
