// Jest Snapshot v1, https://goo.gl/fbAQLP

exports[`TenantSettings Test component snapshot 1`] = `"<div class=\\"tenant-settings\\"><div class=\\"tenant-settings-header md-grid\\"><i class=\\"md-icon material-icons\\">person</i><span>tenant.settings.header</span><button id=\\"closeTenantSettingsButton\\" type=\\"button\\" class=\\"md-btn md-btn--icon md-pointer--hover md-text--theme-primary md-ink--primary md-inline-block close-btn btn--no-background\\"><div class=\\"md-ink-container\\"></div><i class=\\"md-icon material-icons md-text--inherit\\">clear</i></button></div><div class=\\"tenant-settings-form md-grid md-grid--stacked\\"><div><form><div class=\\"tenant-settings-form-field\\"><div class=\\"md-text-field-container md-inline-block md-text-field-container--input\\"><label for=\\"tenantFacebookUrl\\" class=\\"md-floating-label md-floating-label--floating md-text--secondary\\">tenant.settings.facebook_page.label</label><input id=\\"tenantFacebookUrl\\" type=\\"text\\" class=\\"md-text-field md-text-field--floating-margin md-text\\" value=\\"https://www.facebook.com/conjunt.chapo\\"><hr class=\\"md-divider md-divider--text-field md-divider--expand-from-left\\"></div><button id=\\"clearFacebookUrlInput\\" type=\\"button\\" class=\\"md-btn md-btn--icon md-pointer--hover md-inline-block\\"><div class=\\"md-ink-container\\"></div><i class=\\"md-icon material-icons md-text--inherit\\">clear</i></button><button id=\\"helpFacebookUrlInput\\" type=\\"button\\" class=\\"md-btn md-btn--icon md-pointer--hover md-btn--tooltip md-inline-block\\"><div class=\\"md-ink-container\\"></div><div class=\\"md-tooltip-container\\"><span aria-hidden=\\"true\\"></span></div><i class=\\"md-icon material-icons md-text--inherit\\">help_outline</i></button></div><div></div></form></div><div class=\\"tenant-settings-form-field\\"><div id=\\"tenantCurrency-menu\\" aria-haspopup=\\"true\\" aria-expanded=\\"false\\" class=\\"md-layover md-layover--simplified md-inline-block md-menu-container md-menu--select-field tenant-settings-select-field\\"><div class=\\"md-select-field__toggle\\"><label for=\\"tenantCurrency\\" class=\\"md-floating-label md-floating-label--floating md-text--secondary\\">tenant.settings.currency</label><div id=\\"tenantCurrency-toggle\\" role=\\"listbox\\" tabindex=\\"0\\" aria-pressed=\\"false\\" class=\\"md-paper md-paper--0 md-fake-btn md-pointer--hover md-fake-btn--no-outline md-select-field md-text\\"><div class=\\"md-icon-separator md-text-field md-text-field--floating-margin md-select-field--text-field\\"><span class=\\"md-icon-text\\">USD ($)</span><i class=\\"md-icon material-icons\\">arrow_drop_down</i></div><hr class=\\"md-divider md-divider--text-field md-divider--expand-from-left md-divider--select-field\\"><input type=\\"hidden\\" id=\\"tenantCurrency\\" value=\\"USD\\"></div></div></div></div><div class=\\"tenant-settings-form-field\\"><div id=\\"tenantAvailableCategories-menu\\" aria-haspopup=\\"true\\" aria-expanded=\\"false\\" class=\\"md-layover md-layover--simplified md-inline-block md-menu-container md-menu--select-field tenant-settings-select-field\\"><div class=\\"md-select-field__toggle\\"><label for=\\"tenantAvailableCategories\\" class=\\"md-floating-label md-floating-label--floating md-text--secondary\\">tenant.settings.categorization_mode.value</label><div id=\\"tenantAvailableCategories-toggle\\" role=\\"listbox\\" tabindex=\\"0\\" aria-pressed=\\"false\\" class=\\"md-paper md-paper--0 md-fake-btn md-pointer--hover md-fake-btn--no-outline md-select-field md-text\\"><div class=\\"md-icon-separator md-text-field md-text-field--floating-margin md-select-field--text-field\\"><span class=\\"md-icon-text\\">tenant.settings.categorization_mode.all</span><i class=\\"md-icon material-icons\\">arrow_drop_down</i></div><hr class=\\"md-divider md-divider--text-field md-divider--expand-from-left md-divider--select-field\\"><input type=\\"hidden\\" id=\\"tenantAvailableCategories\\" value=\\"all\\"></div></div></div></div><div class=\\"tenant-settings-form-buttons md-grid\\"><button id=\\"tenantSettingsCancel\\" type=\\"button\\" class=\\"md-btn md-btn--flat md-btn--text md-pointer--hover md-text md-inline-block btn--no-background btn--red-ink\\"><div class=\\"md-ink-container\\"></div>filters.period.custom.dialog.cancel</button><button id=\\"tenantSettingsSave\\" type=\\"button\\" class=\\"md-btn md-btn--raised md-btn--text md-pointer--hover md-text md-inline-block\\"><div class=\\"md-ink-container\\"></div><div class=\\"md-icon-separator\\"><i class=\\"md-icon material-icons md-text--inherit\\">save</i><span class=\\"md-icon-text\\">filters.period.custom.dialog.ok</span></div></button></div></div></div>"`;

exports[`TenantSettings Test update facebook image loading 1`] = `"<div class=\\"tenant-settings\\"><div class=\\"tenant-settings-header md-grid\\"><i class=\\"md-icon material-icons\\">person</i><span>tenant.settings.header</span><button id=\\"closeTenantSettingsButton\\" type=\\"button\\" class=\\"md-btn md-btn--icon md-pointer--hover md-text--theme-primary md-ink--primary md-inline-block close-btn btn--no-background\\"><div class=\\"md-ink-container\\"></div><i class=\\"md-icon material-icons md-text--inherit\\">clear</i></button></div><div class=\\"tenant-settings-form md-grid md-grid--stacked\\"><div><form><div class=\\"tenant-settings-form-field\\"><div class=\\"md-text-field-container md-inline-block md-text-field-container--input\\"><label for=\\"tenantFacebookUrl\\" class=\\"md-floating-label md-floating-label--floating md-text--secondary\\">tenant.settings.facebook_page.label</label><input id=\\"tenantFacebookUrl\\" type=\\"text\\" class=\\"md-text-field md-text-field--floating-margin md-text\\" value=\\"https://www.facebook.com/conjunt.chapo\\"><hr class=\\"md-divider md-divider--text-field md-divider--expand-from-left\\"></div><button id=\\"clearFacebookUrlInput\\" type=\\"button\\" class=\\"md-btn md-btn--icon md-pointer--hover md-inline-block\\"><div class=\\"md-ink-container\\"></div><i class=\\"md-icon material-icons md-text--inherit\\">clear</i></button><button id=\\"helpFacebookUrlInput\\" type=\\"button\\" class=\\"md-btn md-btn--icon md-pointer--hover md-btn--tooltip md-inline-block\\"><div class=\\"md-ink-container\\"></div><div class=\\"md-tooltip-container\\"><span aria-hidden=\\"true\\"></span></div><i class=\\"md-icon material-icons md-text--inherit\\">help_outline</i></button></div><div><svg id=\\"tenantSettingsFacebookImageLoading\\" role=\\"progressbar\\" aria-valuemin=\\"0\\" aria-valuemax=\\"100\\" class=\\"md-progress md-progress--circular md-progress--circular-indeterminate\\" width=\\"24\\" height=\\"24\\" viewBox=\\"0 0 66 66\\"><circle class=\\"md-circular-progress-path md-circular-progress-path--animated\\" stroke-width=\\"6\\" stroke-linecap=\\"round\\" cx=\\"33\\" cy=\\"33\\" r=\\"30\\"></circle></svg></div></form></div><div class=\\"tenant-settings-form-field\\"><div id=\\"tenantCurrency-menu\\" aria-haspopup=\\"true\\" aria-expanded=\\"false\\" class=\\"md-layover md-layover--simplified md-inline-block md-menu-container md-menu--select-field tenant-settings-select-field\\"><div class=\\"md-select-field__toggle\\"><label for=\\"tenantCurrency\\" class=\\"md-floating-label md-floating-label--floating md-text--secondary\\">tenant.settings.currency</label><div id=\\"tenantCurrency-toggle\\" role=\\"listbox\\" tabindex=\\"0\\" aria-pressed=\\"false\\" class=\\"md-paper md-paper--0 md-fake-btn md-pointer--hover md-fake-btn--no-outline md-select-field md-text\\"><div class=\\"md-icon-separator md-text-field md-text-field--floating-margin md-select-field--text-field\\"><span class=\\"md-icon-text\\">USD ($)</span><i class=\\"md-icon material-icons\\">arrow_drop_down</i></div><hr class=\\"md-divider md-divider--text-field md-divider--expand-from-left md-divider--select-field\\"><input type=\\"hidden\\" id=\\"tenantCurrency\\" value=\\"USD\\"></div></div></div></div><div class=\\"tenant-settings-form-field\\"><div id=\\"tenantAvailableCategories-menu\\" aria-haspopup=\\"true\\" aria-expanded=\\"false\\" class=\\"md-layover md-layover--simplified md-inline-block md-menu-container md-menu--select-field tenant-settings-select-field\\"><div class=\\"md-select-field__toggle\\"><label for=\\"tenantAvailableCategories\\" class=\\"md-floating-label md-floating-label--floating md-text--secondary\\">tenant.settings.categorization_mode.value</label><div id=\\"tenantAvailableCategories-toggle\\" role=\\"listbox\\" tabindex=\\"0\\" aria-pressed=\\"false\\" class=\\"md-paper md-paper--0 md-fake-btn md-pointer--hover md-fake-btn--no-outline md-select-field md-text\\"><div class=\\"md-icon-separator md-text-field md-text-field--floating-margin md-select-field--text-field\\"><span class=\\"md-icon-text\\">tenant.settings.categorization_mode.all</span><i class=\\"md-icon material-icons\\">arrow_drop_down</i></div><hr class=\\"md-divider md-divider--text-field md-divider--expand-from-left md-divider--select-field\\"><input type=\\"hidden\\" id=\\"tenantAvailableCategories\\" value=\\"all\\"></div></div></div></div><div class=\\"tenant-settings-form-buttons md-grid\\"><button id=\\"tenantSettingsCancel\\" type=\\"button\\" class=\\"md-btn md-btn--flat md-btn--text md-pointer--hover md-text md-inline-block btn--no-background btn--red-ink\\"><div class=\\"md-ink-container\\"></div>filters.period.custom.dialog.cancel</button><button id=\\"tenantSettingsSave\\" type=\\"button\\" class=\\"md-btn md-btn--raised md-btn--text md-pointer--hover md-text md-inline-block\\"><div class=\\"md-ink-container\\"></div><div class=\\"md-icon-separator\\"><i class=\\"md-icon material-icons md-text--inherit\\">save</i><span class=\\"md-icon-text\\">filters.period.custom.dialog.ok</span></div></button></div></div></div>"`;
