// Jest Snapshot v1, https://goo.gl/fbAQLP

exports[`Test dropzone component Test files render 1`] = `"<div id=\\"dropzoneUploadedFiles\\"><div class=\\"dropzone-upload-files-inner\\"><div class=\\"dropzone-uploaded-file\\"><div class=\\"dropzone-uploaded-file-info\\"><div class=\\"dropzone-uploaded-file-name\\">test_file.png</div></div><div class=\\"dropzone-uploaded-file-commands\\"><button id=\\"dropzoneUploadedFile0RemoveButton\\" type=\\"button\\" class=\\"md-btn md-btn--flat md-btn--text md-pointer--hover md-text md-inline-block dropzone-uploaded-file-commands-remove\\"><div class=\\"md-ink-container\\"></div><div class=\\"md-icon-separator\\"><i class=\\"md-icon material-icons md-text--inherit\\">close</i><span class=\\"md-icon-text\\"></span></div></button></div></div><div class=\\"dropzone-uploaded-file\\"><div class=\\"dropzone-uploaded-file-info\\"><div class=\\"dropzone-uploaded-file-name\\">test_extra_file.mp4</div></div><div class=\\"dropzone-uploaded-file-commands\\"><button id=\\"dropzoneUploadedFile1RemoveButton\\" type=\\"button\\" class=\\"md-btn md-btn--flat md-btn--text md-pointer--hover md-text md-inline-block dropzone-uploaded-file-commands-remove\\"><div class=\\"md-ink-container\\"></div><div class=\\"md-icon-separator\\"><i class=\\"md-icon material-icons md-text--inherit\\">close</i><span class=\\"md-icon-text\\"></span></div></button></div></div></div></div>"`;
