// Jest Snapshot v1, https://goo.gl/fbAQLP

exports[`Categorization Test component snapshot 1`] = `"<div class=\\"categorization\\"><div class=\\"categorization-category\\"><span class=\\"categorization-category-label\\">results.categorize.label.category</span><div id=\\"categoriesAutocompleter-menu\\" aria-haspopup=\\"true\\" aria-expanded=\\"false\\" class=\\"md-layover md-layover--simplified md-full-width md-menu-container md-menu-container--menu-below md-autocomplete-container categorization-category-input\\"><div class=\\"md-text-field-container md-full-width md-text-field-container--input md-autocomplete\\"><input autocomplete=\\"off\\" aria-autocomplete=\\"list\\" id=\\"categoriesAutocompleter\\" type=\\"text\\" class=\\"md-text-field md-text-field--margin md-full-width md-text\\" value=\\"\\"><hr class=\\"md-divider md-divider--text-field md-divider--expand-from-left\\"></div></div><button id=\\"categorizationCategoryRemoveButton\\" type=\\"button\\" class=\\"md-btn md-btn--icon md-pointer--hover md-inline-block\\"><div class=\\"md-ink-container\\"></div><i class=\\"md-icon material-icons md-text--inherit\\">close</i></button></div><div class=\\"categorization-tags\\"><span class=\\"categorization-tags-label\\">results.categorize.label.tags</span><div id=\\"tagsAutocompleter-menu\\" aria-haspopup=\\"true\\" aria-expanded=\\"false\\" class=\\"md-layover md-layover--simplified md-inline-block md-menu-container md-menu-container--menu-below md-autocomplete-container categorization-tags-input\\"><div class=\\"md-text-field-container md-inline-block md-text-field-container--input md-autocomplete\\"><label for=\\"tagsAutocompleter\\" class=\\"md-floating-label md-floating-label--inactive md-floating-label--inactive-sized md-text--secondary\\">results.categorize.tags.placeholder</label><input autocomplete=\\"off\\" aria-autocomplete=\\"list\\" id=\\"tagsAutocompleter\\" type=\\"text\\" class=\\"md-text-field md-text-field--floating-margin md-text\\" value=\\"\\"><hr class=\\"md-divider md-divider--text-field md-divider--expand-from-left\\"></div></div></div><div class=\\"categorization-tags-selected\\"><div class=\\"md-paper md-paper--1 categorization-tags-selected-item\\"><span>t</span><button type=\\"button\\" class=\\"md-btn md-btn--flat md-btn--text md-pointer--hover md-text md-inline-block categorization-tags-selected-item-remove\\"><div class=\\"md-ink-container\\"></div><div class=\\"md-icon-separator\\"><i class=\\"md-icon material-icons md-text--inherit\\">close</i><span class=\\"md-icon-text\\"></span></div></button></div><div class=\\"md-paper md-paper--1 categorization-tags-selected-item\\"><span>a</span><button type=\\"button\\" class=\\"md-btn md-btn--flat md-btn--text md-pointer--hover md-text md-inline-block categorization-tags-selected-item-remove\\"><div class=\\"md-ink-container\\"></div><div class=\\"md-icon-separator\\"><i class=\\"md-icon material-icons md-text--inherit\\">close</i><span class=\\"md-icon-text\\"></span></div></button></div><div class=\\"md-paper md-paper--1 categorization-tags-selected-item\\"><span>g</span><button type=\\"button\\" class=\\"md-btn md-btn--flat md-btn--text md-pointer--hover md-text md-inline-block categorization-tags-selected-item-remove\\"><div class=\\"md-ink-container\\"></div><div class=\\"md-icon-separator\\"><i class=\\"md-icon material-icons md-text--inherit\\">close</i><span class=\\"md-icon-text\\"></span></div></button></div></div></div>"`;

exports[`Categorization Test component snapshot without tenant 1`] = `null`;

exports[`Categorization Test set tag 1`] = `"<div class=\\"categorization\\"><div class=\\"categorization-category\\"><span class=\\"categorization-category-label\\">results.categorize.label.category</span><div id=\\"categoriesAutocompleter-menu\\" aria-haspopup=\\"true\\" aria-expanded=\\"false\\" class=\\"md-layover md-layover--simplified md-full-width md-menu-container md-menu-container--menu-below md-autocomplete-container categorization-category-input\\"><div class=\\"md-text-field-container md-full-width md-text-field-container--input md-autocomplete\\"><input autocomplete=\\"off\\" aria-autocomplete=\\"list\\" id=\\"categoriesAutocompleter\\" type=\\"text\\" class=\\"md-text-field md-text-field--margin md-full-width md-text\\" value=\\"\\"><hr class=\\"md-divider md-divider--text-field md-divider--expand-from-left\\"></div></div><button id=\\"categorizationCategoryRemoveButton\\" type=\\"button\\" class=\\"md-btn md-btn--icon md-pointer--hover md-inline-block\\"><div class=\\"md-ink-container\\"></div><i class=\\"md-icon material-icons md-text--inherit\\">close</i></button></div><div class=\\"categorization-tags\\"><span class=\\"categorization-tags-label\\">results.categorize.label.tags</span><div id=\\"tagsAutocompleter-menu\\" aria-haspopup=\\"true\\" aria-expanded=\\"false\\" class=\\"md-layover md-layover--simplified md-inline-block md-menu-container md-menu-container--menu-below md-autocomplete-container categorization-tags-input\\"><div class=\\"md-text-field-container md-inline-block md-text-field-container--input md-autocomplete\\"><label for=\\"tagsAutocompleter\\" class=\\"md-floating-label md-floating-label--inactive md-floating-label--inactive-sized md-text--secondary\\">results.categorize.tags.placeholder</label><input autocomplete=\\"off\\" aria-autocomplete=\\"list\\" id=\\"tagsAutocompleter\\" type=\\"text\\" class=\\"md-text-field md-text-field--floating-margin md-text\\" value=\\"\\"><hr class=\\"md-divider md-divider--text-field md-divider--expand-from-left\\"></div></div></div><div class=\\"categorization-tags-selected\\"><div class=\\"md-paper md-paper--1 categorization-tags-selected-item\\"><span>t</span><button type=\\"button\\" class=\\"md-btn md-btn--flat md-btn--text md-pointer--hover md-text md-inline-block categorization-tags-selected-item-remove\\"><div class=\\"md-ink-container\\"></div><div class=\\"md-icon-separator\\"><i class=\\"md-icon material-icons md-text--inherit\\">close</i><span class=\\"md-icon-text\\"></span></div></button></div><div class=\\"md-paper md-paper--1 categorization-tags-selected-item\\"><span>a</span><button type=\\"button\\" class=\\"md-btn md-btn--flat md-btn--text md-pointer--hover md-text md-inline-block categorization-tags-selected-item-remove\\"><div class=\\"md-ink-container\\"></div><div class=\\"md-icon-separator\\"><i class=\\"md-icon material-icons md-text--inherit\\">close</i><span class=\\"md-icon-text\\"></span></div></button></div><div class=\\"md-paper md-paper--1 categorization-tags-selected-item\\"><span>g</span><button type=\\"button\\" class=\\"md-btn md-btn--flat md-btn--text md-pointer--hover md-text md-inline-block categorization-tags-selected-item-remove\\"><div class=\\"md-ink-container\\"></div><div class=\\"md-icon-separator\\"><i class=\\"md-icon material-icons md-text--inherit\\">close</i><span class=\\"md-icon-text\\"></span></div></button></div></div></div>"`;
