// Jest Snapshot v1, https://goo.gl/fbAQLP

exports[`<SearchFacetsGroup /> Test component snapshot in preview page with country group key 1`] = `"<div class=\\"search-facets-group \\" id=\\"searchFacetsGroup-country_path\\"><div class=\\"search-facets-group-header \\"><i class=\\"md-icon material-icons\\">keyboard_arrow_right</i><span>filters.country.value</span><button type=\\"button\\" class=\\"md-btn md-btn--icon md-pointer--hover md-btn--tooltip md-inline-block search-facets-group-help-tooltip\\"><div class=\\"md-ink-container\\"></div><div class=\\"md-tooltip-container\\"><span aria-hidden=\\"true\\"></span></div><i class=\\"md-icon material-icons md-text--inherit\\">help_outline</i></button></div></div>"`;

exports[`<SearchFacetsGroup /> Test component snapshot in preview page with group without tooltip 1`] = `"<div class=\\"search-facets-group \\" id=\\"searchFacetsGroup-channel_type_id\\"><div class=\\"search-facets-group-header enabled\\"><i class=\\"md-icon material-icons\\">keyboard_arrow_down</i><span>filters.channel.value</span><div class=\\"search-facets-group-remove-filters\\" title=\\"filters.reset.value\\"><i class=\\"md-icon material-icons\\">close</i></div></div><div class=\\"search-facets-group-items\\"><div class=\\"search-facets-group-item\\"><div class=\\"md-selection-control-container checkbox-green\\"><input type=\\"checkbox\\" id=\\"searchFacetsGroupItemCheckbox-channel_type_id-24\\" checked=\\"\\" class=\\"md-selection-control-input\\" name=\\"searchFacetsGroupItemCheckboxs-channel_type_id[]\\" aria-hidden=\\"true\\"/><label for=\\"searchFacetsGroupItemCheckbox-channel_type_id-24\\" class=\\"md-selection-control-label md-pointer--hover md-text\\"><div role=\\"checkbox\\" aria-checked=\\"true\\" aria-labelledby=\\"\\" class=\\"md-fake-btn md-pointer--hover md-fake-btn--no-outline md-selection-control-toggle md-btn md-btn--icon md-text--theme-secondary\\" tabindex=\\"0\\" aria-pressed=\\"false\\"><div class=\\"md-ink-container\\"></div><i class=\\"md-icon material-icons md-text--inherit\\">check_box</i></div></label></div><div id=\\"searchFacetsGroupItemName-channel_type_id-24\\" class=\\"search-facets-group-item-name\\"><span>filters.channel.24</span><span> - <span class=\\"counter\\">22</span></span></div></div><div class=\\"search-facets-group-item\\"><div class=\\"md-selection-control-container\\"><input type=\\"checkbox\\" id=\\"searchFacetsGroupItemCheckbox-channel_type_id-30\\" class=\\"md-selection-control-input\\" name=\\"searchFacetsGroupItemCheckboxs-channel_type_id[]\\" aria-hidden=\\"true\\"/><label for=\\"searchFacetsGroupItemCheckbox-channel_type_id-30\\" class=\\"md-selection-control-label md-pointer--hover md-text\\"><div role=\\"checkbox\\" aria-checked=\\"false\\" aria-labelledby=\\"\\" class=\\"md-fake-btn md-pointer--hover md-fake-btn--no-outline md-selection-control-toggle md-btn md-btn--icon md-text--secondary\\" tabindex=\\"0\\" aria-pressed=\\"false\\"><div class=\\"md-ink-container\\"></div><i class=\\"md-icon material-icons md-text--inherit\\">check_box_outline_blank</i></div></label></div><div id=\\"searchFacetsGroupItemName-channel_type_id-30\\" class=\\"search-facets-group-item-name\\"><span>filters.channel.30</span><span> - <span class=\\"counter\\">50</span></span></div></div><div id=\\"searchFacetsGroupSetShowMore-channel_type_id\\" class=\\"search-facets-group-item\\"><i class=\\"md-icon material-icons\\">add</i>filters.show_more</div></div></div>"`;

exports[`<SearchFacetsGroup /> Test component snapshot in preview page with group without tooltip and feed online 1`] = `"<div class=\\"search-facets-group \\" id=\\"searchFacetsGroup-channel_type_id\\"><div class=\\"search-facets-group-header enabled\\"><i class=\\"md-icon material-icons\\">keyboard_arrow_down</i><span>filters.channel.value</span><div class=\\"search-facets-group-remove-filters\\" title=\\"filters.reset.value\\"><i class=\\"md-icon material-icons\\">close</i></div></div><div class=\\"search-facets-group-items\\"><div class=\\"search-facets-group-item\\"><div class=\\"md-selection-control-container checkbox-green\\"><input type=\\"checkbox\\" id=\\"searchFacetsGroupItemCheckbox-channel_type_id-24\\" checked=\\"\\" class=\\"md-selection-control-input\\" name=\\"searchFacetsGroupItemCheckboxs-channel_type_id[]\\" aria-hidden=\\"true\\"/><label for=\\"searchFacetsGroupItemCheckbox-channel_type_id-24\\" class=\\"md-selection-control-label md-pointer--hover md-text\\"><div role=\\"checkbox\\" aria-checked=\\"true\\" aria-labelledby=\\"\\" class=\\"md-fake-btn md-pointer--hover md-fake-btn--no-outline md-selection-control-toggle md-btn md-btn--icon md-text--theme-secondary\\" tabindex=\\"0\\" aria-pressed=\\"false\\"><div class=\\"md-ink-container\\"></div><i class=\\"md-icon material-icons md-text--inherit\\">check_box</i></div></label></div><div id=\\"searchFacetsGroupItemName-channel_type_id-24\\" class=\\"search-facets-group-item-name\\"><span>filters.channel.24</span><span> - <span class=\\"counter\\">22</span></span></div></div><div class=\\"search-facets-group-item\\"><div class=\\"md-selection-control-container\\"><input type=\\"checkbox\\" id=\\"searchFacetsGroupItemCheckbox-channel_type_id-30\\" class=\\"md-selection-control-input\\" name=\\"searchFacetsGroupItemCheckboxs-channel_type_id[]\\" aria-hidden=\\"true\\"/><label for=\\"searchFacetsGroupItemCheckbox-channel_type_id-30\\" class=\\"md-selection-control-label md-pointer--hover md-text\\"><div role=\\"checkbox\\" aria-checked=\\"false\\" aria-labelledby=\\"\\" class=\\"md-fake-btn md-pointer--hover md-fake-btn--no-outline md-selection-control-toggle md-btn md-btn--icon md-text--secondary\\" tabindex=\\"0\\" aria-pressed=\\"false\\"><div class=\\"md-ink-container\\"></div><i class=\\"md-icon material-icons md-text--inherit\\">check_box_outline_blank</i></div></label></div><div id=\\"searchFacetsGroupItemName-channel_type_id-30\\" class=\\"search-facets-group-item-name\\"><span>filters.channel.30</span><span> - <span class=\\"counter\\">50</span></span></div></div><div id=\\"searchFacetsGroupSetShowMore-channel_type_id\\" class=\\"search-facets-group-item\\"><i class=\\"md-icon material-icons\\">add</i>filters.show_more</div></div></div>"`;

exports[`<SearchFacetsGroup /> Test component snapshot in preview page with language group key 1`] = `"<div class=\\"search-facets-group \\" id=\\"searchFacetsGroup-language_id\\"><div class=\\"search-facets-group-header \\"><i class=\\"md-icon material-icons\\">keyboard_arrow_right</i><span>filters.language.value</span><button type=\\"button\\" class=\\"md-btn md-btn--icon md-pointer--hover md-btn--tooltip md-inline-block search-facets-group-help-tooltip\\"><div class=\\"md-ink-container\\"></div><div class=\\"md-tooltip-container\\"><span aria-hidden=\\"true\\"></span></div><i class=\\"md-icon material-icons md-text--inherit\\">help_outline</i></button></div></div>"`;

exports[`<SearchFacetsGroup /> Test component snapshot with a facet filtered not received by query 1`] = `"<div class=\\"search-facets-group \\" id=\\"searchFacetsGroup-channel_type_id\\"><div class=\\"search-facets-group-header enabled\\"><i class=\\"md-icon material-icons\\">keyboard_arrow_down</i><span>filters.channel.value</span><div class=\\"search-facets-group-remove-filters\\" title=\\"filters.reset.value\\"><i class=\\"md-icon material-icons\\">close</i></div></div><div class=\\"search-facets-group-items\\"><div class=\\"search-facets-group-item\\"><div class=\\"md-selection-control-container checkbox-green\\"><input type=\\"checkbox\\" id=\\"searchFacetsGroupItemCheckbox-channel_type_id-24\\" checked=\\"\\" class=\\"md-selection-control-input\\" name=\\"searchFacetsGroupItemCheckboxs-channel_type_id[]\\" aria-hidden=\\"true\\"/><label for=\\"searchFacetsGroupItemCheckbox-channel_type_id-24\\" class=\\"md-selection-control-label md-pointer--hover md-text\\"><div role=\\"checkbox\\" aria-checked=\\"true\\" aria-labelledby=\\"\\" class=\\"md-fake-btn md-pointer--hover md-fake-btn--no-outline md-selection-control-toggle md-btn md-btn--icon md-text--theme-secondary\\" tabindex=\\"0\\" aria-pressed=\\"false\\"><div class=\\"md-ink-container\\"></div><i class=\\"md-icon material-icons md-text--inherit\\">check_box</i></div></label></div><div id=\\"searchFacetsGroupItemName-channel_type_id-24\\" class=\\"search-facets-group-item-name\\"><span>filters.channel.24</span></div></div><div id=\\"searchFacetsGroupSetShowMore-channel_type_id\\" class=\\"search-facets-group-item\\"><i class=\\"md-icon material-icons\\">add</i>filters.show_more</div></div></div>"`;

exports[`<SearchFacetsGroup /> Test component snapshot with group not enabled 1`] = `"<div class=\\"search-facets-group disabled\\" id=\\"searchFacetsGroup-channel_type_id\\"><div class=\\"search-facets-group-header \\"><i class=\\"md-icon material-icons\\">keyboard_arrow_right</i><span>filters.channel.value</span></div></div>"`;

exports[`<SearchFacetsGroup /> Test component snapshot with group not opened 1`] = `"<div class=\\"search-facets-group \\" id=\\"searchFacetsGroup-channel_type_id\\"><div class=\\"search-facets-group-header enabled\\"><i class=\\"md-icon material-icons\\">keyboard_arrow_right</i><span>filters.channel.value</span><div class=\\"search-facets-group-remove-filters\\" title=\\"filters.reset.value\\"><i class=\\"md-icon material-icons\\">close</i></div></div></div>"`;

exports[`<SearchFacetsGroup /> Test component snapshot with group opened 1`] = `"<div class=\\"search-facets-group \\" id=\\"searchFacetsGroup-channel_type_id\\"><div class=\\"search-facets-group-header enabled\\"><i class=\\"md-icon material-icons\\">keyboard_arrow_down</i><span>filters.channel.value</span><div class=\\"search-facets-group-remove-filters\\" title=\\"filters.reset.value\\"><i class=\\"md-icon material-icons\\">close</i></div></div><div class=\\"search-facets-group-items\\"><div class=\\"search-facets-group-item\\"><div class=\\"md-selection-control-container checkbox-green\\"><input type=\\"checkbox\\" id=\\"searchFacetsGroupItemCheckbox-channel_type_id-24\\" checked=\\"\\" class=\\"md-selection-control-input\\" name=\\"searchFacetsGroupItemCheckboxs-channel_type_id[]\\" aria-hidden=\\"true\\"/><label for=\\"searchFacetsGroupItemCheckbox-channel_type_id-24\\" class=\\"md-selection-control-label md-pointer--hover md-text\\"><div role=\\"checkbox\\" aria-checked=\\"true\\" aria-labelledby=\\"\\" class=\\"md-fake-btn md-pointer--hover md-fake-btn--no-outline md-selection-control-toggle md-btn md-btn--icon md-text--theme-secondary\\" tabindex=\\"0\\" aria-pressed=\\"false\\"><div class=\\"md-ink-container\\"></div><i class=\\"md-icon material-icons md-text--inherit\\">check_box</i></div></label></div><div id=\\"searchFacetsGroupItemName-channel_type_id-24\\" class=\\"search-facets-group-item-name\\"><span>filters.channel.24</span><span> - <span class=\\"counter\\">22</span></span></div></div><div class=\\"search-facets-group-item\\"><div class=\\"md-selection-control-container\\"><input type=\\"checkbox\\" id=\\"searchFacetsGroupItemCheckbox-channel_type_id-30\\" class=\\"md-selection-control-input\\" name=\\"searchFacetsGroupItemCheckboxs-channel_type_id[]\\" aria-hidden=\\"true\\"/><label for=\\"searchFacetsGroupItemCheckbox-channel_type_id-30\\" class=\\"md-selection-control-label md-pointer--hover md-text\\"><div role=\\"checkbox\\" aria-checked=\\"false\\" aria-labelledby=\\"\\" class=\\"md-fake-btn md-pointer--hover md-fake-btn--no-outline md-selection-control-toggle md-btn md-btn--icon md-text--secondary\\" tabindex=\\"0\\" aria-pressed=\\"false\\"><div class=\\"md-ink-container\\"></div><i class=\\"md-icon material-icons md-text--inherit\\">check_box_outline_blank</i></div></label></div><div id=\\"searchFacetsGroupItemName-channel_type_id-30\\" class=\\"search-facets-group-item-name\\"><span>filters.channel.30</span><span> - <span class=\\"counter\\">50</span></span></div></div><div id=\\"searchFacetsGroupSetShowMore-channel_type_id\\" class=\\"search-facets-group-item\\"><i class=\\"md-icon material-icons\\">add</i>filters.show_more</div></div></div>"`;

exports[`<SearchFacetsGroup /> Test component snapshot with language.id group 1`] = `"<div class=\\"search-facets-group \\" id=\\"searchFacetsGroup-language.id\\"><div class=\\"search-facets-group-header \\"><i class=\\"md-icon material-icons\\">keyboard_arrow_right</i><span>filters.language.value</span></div></div>"`;

exports[`<SearchFacetsGroup /> Test component snapshot with media_id group 1`] = `
"<div className=\\"search-facets-group \\" id=\\"searchFacetsGroup-media_id\\">
  <div className=\\"search-facets-group-header enabled\\" onClick={[Function: onClick]}>
    <FontIcon iconClassName=\\"material-icons\\">
      keyboard_arrow_right
    </FontIcon>
    <span>
      filters.media.value
    </span>
    <div className=\\"search-facets-group-remove-filters\\" onClick={[Function: onClick]} title=\\"filters.reset.value\\">
      <FontIcon iconClassName=\\"material-icons\\">
        close
      </FontIcon>
    </div>
  </div>
  <Collapse collapsed={true} animate={true} springConfig={{...}} minHeight={0}>
    <div className=\\"search-facets-group-items\\">
      <div className=\\"search-facets-group-item\\">
        <SelectionControl id=\\"searchFacetsGroupItemCheckbox-media_id-333333\\" name=\\"searchFacetsGroupItemCheckboxs-media_id[]\\" label=\\"\\" type=\\"checkbox\\" checked={true} className=\\"checkbox-green\\" onChange={[Function: onChange]} checkedCheckboxIcon={{...}} uncheckedCheckboxIcon={{...}} checkedRadioIcon={{...}} uncheckedRadioIcon={{...}} />
        <div id=\\"searchFacetsGroupItemName-media_id-333333\\" className=\\"search-facets-group-item-name\\" onClick={[Function: onClick]}>
          <FontIcon className=\\"search-facets-group-item-icon\\" iconClassName=\\"icon-news\\" />
          <span className={[undefined]}>
            Media 3
          </span>
        </div>
      </div>
      <div className=\\"search-facets-group-item\\">
        <SelectionControl id=\\"searchFacetsGroupItemCheckbox-media_id-22222\\" name=\\"searchFacetsGroupItemCheckboxs-media_id[]\\" label=\\"\\" type=\\"checkbox\\" checked={false} className=\\"\\" onChange={[Function: onChange]} checkedCheckboxIcon={{...}} uncheckedCheckboxIcon={{...}} checkedRadioIcon={{...}} uncheckedRadioIcon={{...}} />
        <div id=\\"searchFacetsGroupItemName-media_id-22222\\" className=\\"search-facets-group-item-name\\" onClick={[Function: onClick]}>
          <FontIcon className=\\"search-facets-group-item-icon\\" iconClassName=\\"icon-news\\" />
          <span className={[undefined]}>
            media 2
          </span>
          <span>
             - 
            <span className=\\"counter\\">
              100
            </span>
          </span>
        </div>
      </div>
      <div className=\\"search-facets-group-item\\">
        <SelectionControl id=\\"searchFacetsGroupItemCheckbox-media_id-11111\\" name=\\"searchFacetsGroupItemCheckboxs-media_id[]\\" label=\\"\\" type=\\"checkbox\\" checked={false} className=\\"\\" onChange={[Function: onChange]} checkedCheckboxIcon={{...}} uncheckedCheckboxIcon={{...}} checkedRadioIcon={{...}} uncheckedRadioIcon={{...}} />
        <div id=\\"searchFacetsGroupItemName-media_id-11111\\" className=\\"search-facets-group-item-name\\" onClick={[Function: onClick]}>
          <FontIcon className=\\"search-facets-group-item-icon\\" iconClassName=\\"icon-print\\" />
          <span className={[undefined]}>
            media 1
          </span>
          <span>
             - 
            <span className=\\"counter\\">
              20
            </span>
          </span>
        </div>
      </div>
      <div id=\\"searchFacetsGroupSetShowMore-media_id\\" className=\\"search-facets-group-item\\" onClick={[Function: onClick]}>
        <FontIcon iconClassName=\\"material-icons\\">
          add
        </FontIcon>
        filters.show_more
      </div>
    </div>
  </Collapse>
</div>"
`;

exports[`<SearchFacetsGroup /> Test component snapshot with not filter enabled 1`] = `"<div class=\\"search-facets-group \\" id=\\"searchFacetsGroup-channel_type_id\\"><div class=\\"search-facets-group-header \\"><i class=\\"md-icon material-icons\\">keyboard_arrow_down</i><span>filters.channel.value</span></div><div class=\\"search-facets-group-items\\"><div class=\\"search-facets-group-item\\"><div class=\\"md-selection-control-container\\"><input type=\\"checkbox\\" id=\\"searchFacetsGroupItemCheckbox-channel_type_id-24\\" class=\\"md-selection-control-input\\" name=\\"searchFacetsGroupItemCheckboxs-channel_type_id[]\\" aria-hidden=\\"true\\"/><label for=\\"searchFacetsGroupItemCheckbox-channel_type_id-24\\" class=\\"md-selection-control-label md-pointer--hover md-text\\"><div role=\\"checkbox\\" aria-checked=\\"false\\" aria-labelledby=\\"\\" class=\\"md-fake-btn md-pointer--hover md-fake-btn--no-outline md-selection-control-toggle md-btn md-btn--icon md-text--secondary\\" tabindex=\\"0\\" aria-pressed=\\"false\\"><div class=\\"md-ink-container\\"></div><i class=\\"md-icon material-icons md-text--inherit\\">check_box_outline_blank</i></div></label></div><div id=\\"searchFacetsGroupItemName-channel_type_id-24\\" class=\\"search-facets-group-item-name\\"><span>filters.channel.24</span><span> - <span class=\\"counter\\">22</span></span></div></div><div class=\\"search-facets-group-item\\"><div class=\\"md-selection-control-container\\"><input type=\\"checkbox\\" id=\\"searchFacetsGroupItemCheckbox-channel_type_id-30\\" class=\\"md-selection-control-input\\" name=\\"searchFacetsGroupItemCheckboxs-channel_type_id[]\\" aria-hidden=\\"true\\"/><label for=\\"searchFacetsGroupItemCheckbox-channel_type_id-30\\" class=\\"md-selection-control-label md-pointer--hover md-text\\"><div role=\\"checkbox\\" aria-checked=\\"false\\" aria-labelledby=\\"\\" class=\\"md-fake-btn md-pointer--hover md-fake-btn--no-outline md-selection-control-toggle md-btn md-btn--icon md-text--secondary\\" tabindex=\\"0\\" aria-pressed=\\"false\\"><div class=\\"md-ink-container\\"></div><i class=\\"md-icon material-icons md-text--inherit\\">check_box_outline_blank</i></div></label></div><div id=\\"searchFacetsGroupItemName-channel_type_id-30\\" class=\\"search-facets-group-item-name\\"><span>filters.channel.30</span><span> - <span class=\\"counter\\">50</span></span></div></div><div id=\\"searchFacetsGroupSetShowMore-channel_type_id\\" class=\\"search-facets-group-item\\"><i class=\\"md-icon material-icons\\">add</i>filters.show_more</div></div></div>"`;

exports[`<SearchFacetsGroup /> Test component snapshot with tenants.tags group 1`] = `"<div class=\\"search-facets-group \\" id=\\"searchFacetsGroup-tenants.tags\\"><div class=\\"search-facets-group-header enabled\\"><i class=\\"md-icon material-icons\\">keyboard_arrow_down</i><span>filters.tags</span><div class=\\"search-facets-group-remove-filters\\" title=\\"filters.reset.value\\"><i class=\\"md-icon material-icons\\">close</i></div></div><div class=\\"search-facets-group-items\\"><div class=\\"search-facets-group-item\\"><div class=\\"md-selection-control-container checkbox-green\\"><input type=\\"checkbox\\" id=\\"searchFacetsGroupItemCheckbox-tenants.tags-tag1\\" checked=\\"\\" class=\\"md-selection-control-input\\" name=\\"searchFacetsGroupItemCheckboxs-tenants.tags[]\\" aria-hidden=\\"true\\"/><label for=\\"searchFacetsGroupItemCheckbox-tenants.tags-tag1\\" class=\\"md-selection-control-label md-pointer--hover md-text\\"><div role=\\"checkbox\\" aria-checked=\\"true\\" aria-labelledby=\\"\\" class=\\"md-fake-btn md-pointer--hover md-fake-btn--no-outline md-selection-control-toggle md-btn md-btn--icon md-text--theme-secondary\\" tabindex=\\"0\\" aria-pressed=\\"false\\"><div class=\\"md-ink-container\\"></div><i class=\\"md-icon material-icons md-text--inherit\\">check_box</i></div></label></div><div id=\\"searchFacetsGroupItemName-tenants.tags-tag1\\" class=\\"search-facets-group-item-name\\"><span>tag1</span><span> - <span class=\\"counter\\">10</span></span></div></div><div class=\\"search-facets-group-item\\"><div class=\\"md-selection-control-container\\"><input type=\\"checkbox\\" id=\\"searchFacetsGroupItemCheckbox-tenants.tags-tag2\\" class=\\"md-selection-control-input\\" name=\\"searchFacetsGroupItemCheckboxs-tenants.tags[]\\" aria-hidden=\\"true\\"/><label for=\\"searchFacetsGroupItemCheckbox-tenants.tags-tag2\\" class=\\"md-selection-control-label md-pointer--hover md-text\\"><div role=\\"checkbox\\" aria-checked=\\"false\\" aria-labelledby=\\"\\" class=\\"md-fake-btn md-pointer--hover md-fake-btn--no-outline md-selection-control-toggle md-btn md-btn--icon md-text--secondary\\" tabindex=\\"0\\" aria-pressed=\\"false\\"><div class=\\"md-ink-container\\"></div><i class=\\"md-icon material-icons md-text--inherit\\">check_box_outline_blank</i></div></label></div><div id=\\"searchFacetsGroupItemName-tenants.tags-tag2\\" class=\\"search-facets-group-item-name\\"><span>tag2</span><span> - <span class=\\"counter\\">20</span></span></div></div><div id=\\"searchFacetsGroupSetShowMore-tenants.tags\\" class=\\"search-facets-group-item\\"><i class=\\"md-icon material-icons\\">add</i>filters.show_more</div></div></div>"`;
