// Jest Snapshot v1, https://goo.gl/fbAQLP

exports[`Search Form Test component snapshot 1`] = `"<div id=\\"articleForm\\"><button id=\\"searchFormToggleDrawerBtn\\" type=\\"button\\" class=\\"md-btn md-btn--icon md-pointer--hover md-inline-block\\"><div class=\\"md-ink-container\\"></div><i class=\\"md-icon material-icons md-text--inherit\\">filter_list</i></button><div class=\\"search-form-sort-by\\"><div id=\\"sortByInputSelect-menu\\" aria-haspopup=\\"true\\" aria-expanded=\\"false\\" class=\\"md-layover md-layover--simplified md-inline-block md-menu-container md-menu--select-field sort-by-select\\"><div class=\\"md-select-field__toggle\\"><label for=\\"sortByInputSelect\\" class=\\"md-floating-label md-floating-label--floating md-text--secondary\\">results.sort.value</label><div id=\\"sortByInputSelect-toggle\\" role=\\"listbox\\" tabindex=\\"0\\" aria-pressed=\\"false\\" class=\\"md-paper md-paper--0 md-fake-btn md-pointer--hover md-fake-btn--no-outline md-select-field md-text\\"><div class=\\"md-icon-separator md-text-field md-text-field--floating-margin md-select-field--text-field\\"><span class=\\"md-icon-text\\">results.sort.publication_date</span><i class=\\"md-icon material-icons\\">arrow_drop_down</i></div><hr class=\\"md-divider md-divider--text-field md-divider--expand-from-left md-divider--select-field\\"><input type=\\"hidden\\" id=\\"sortByInputSelect\\" value=\\"publication_date:desc\\"></div></div></div><div id=\\"formSortByButton\\" aria-haspopup=\\"true\\" aria-expanded=\\"false\\" class=\\"md-layover md-layover--simplified md-inline-block md-menu-container md-menu-container--menu-below form-sort-by-button\\"><button id=\\"formSortByButton-toggle\\" type=\\"button\\" class=\\"md-btn md-btn--icon md-pointer--hover md-inline-block\\"><div class=\\"md-ink-container\\"></div><i class=\\"md-icon icon-documents_sort md-text--inherit\\"></i></button></div><button type=\\"button\\" class=\\"md-btn md-btn--icon md-pointer--hover md-btn--tooltip md-inline-block form-sort-by-help\\"><div class=\\"md-ink-container\\"></div><div class=\\"md-tooltip-container\\"><span aria-hidden=\\"true\\"></span></div><i class=\\"md-icon material-icons md-text--inherit\\">help_outline</i></button></div><div id=\\"searchFormInput\\"><div class=\\"md-text-field-container md-full-width md-text-field-container--input\\"><label for=\\"searchFormInputText\\" class=\\"md-floating-label md-floating-label--inactive md-floating-label--inactive-sized md-text--secondary\\">form.search.documents</label><input id=\\"searchFormInputText\\" type=\\"text\\" class=\\"md-text-field md-text-field--floating-margin md-full-width md-text\\" value=\\"\\"><hr class=\\"md-divider md-divider--text-field md-divider--expand-from-left\\"></div><button type=\\"button\\" class=\\"md-btn md-btn--icon md-pointer--hover md-inline-block form-search-icon\\"><div class=\\"md-ink-container\\"></div><i class=\\"md-icon material-icons md-text--inherit\\">search_outline</i></button></div><div class=\\"form-display-items\\"><div class=\\"form-results-display-label\\">results.search.documents.pagination_label</div><div class=\\"form-results-display-content\\">results.search.documents.pagination_info</div></div><div id=\\"formOptions\\" aria-haspopup=\\"true\\" aria-expanded=\\"false\\" class=\\"md-layover md-layover--simplified md-inline-block md-menu-container form-options-select\\"><button id=\\"formOptions-toggle\\" type=\\"button\\" class=\\"md-btn md-btn--flat md-btn--text md-pointer--hover md-text md-inline-block\\"><div class=\\"md-ink-container\\"></div><div class=\\"md-icon-separator\\"><i class=\\"md-icon material-icons md-text--inherit\\">settings arrow_drop_down</i><div class=\\"md-icon-separator md-icon-text\\"><span class=\\"md-icon-text\\"></span></div></div></button></div></div>"`;
