// Jest Snapshot v1, https://goo.gl/fbAQLP

exports[`FocusList Manage focus users loading snapshot 1`] = `"<span class=\\"md-dialog-container md-overlay md-overlay--active md-pointer--hover launchmetrics-dialog\\" tabindex=\\"-1\\"><div aria-labelledby=\\"launchmetrics-dialog\\" id=\\"focusListManageFocusDialog\\" role=\\"dialog\\" class=\\"md-paper md-paper--5 md-dialog md-dialog--centered md-background--card\\"><h2 id=\\"focusListManageFocusDialog-title\\" class=\\"md-title md-title--dialog\\"><div class=\\"dialog-close\\"></div><div class=\\"dialog-header md-grid\\"><div class=\\"dialog-title\\">focus.manage_focus_title</div></div></h2><section class=\\"md-dialog-content md-dialog-content--padded\\"><span aria-hidden=\\"true\\"></span><div class=\\"dialog-container\\"><div class=\\"dialog-content\\"><div class=\\"manage-users-list\\"><div><div class=\\"manage-users-list-logo\\"><i class=\\"md-icon material-icons\\">account_circle</i></div><div class=\\"manage-users-list-info\\"><span class=\\"manage-users-list-info-name\\">Fake Name</span><span class=\\"manage-users-list-info-email\\">fake@mail.com</span></div><div class=\\"manage-users-list-toggle\\"><svg id=\\"focusListManageUsersToggleUserfake-user-id-1Loading\\" role=\\"progressbar\\" aria-valuemin=\\"0\\" aria-valuemax=\\"100\\" class=\\"md-progress md-progress--circular md-block-centered md-progress--circular-indeterminate\\" width=\\"24\\" height=\\"24\\" viewBox=\\"0 0 66 66\\"><circle class=\\"md-circular-progress-path md-circular-progress-path--animated\\" stroke-width=\\"6\\" stroke-linecap=\\"round\\" cx=\\"33\\" cy=\\"33\\" r=\\"30\\"></circle></svg></div></div><div><div class=\\"manage-users-list-logo\\"><i class=\\"md-icon material-icons\\">account_circle</i></div><div class=\\"manage-users-list-info\\"><span class=\\"manage-users-list-info-name\\">Fake Name</span><span class=\\"manage-users-list-info-email\\">fake@mail.com</span></div><div class=\\"manage-users-list-toggle\\"><div class=\\"md-selection-control-container md-switch-container\\"><input id=\\"focusListManageUsersToggleUserfake-user-id-2Switch\\" type=\\"checkbox\\" class=\\"md-selection-control-input\\" name=\\"focusListManageUsersToggleUserfake-user-id-2Switch\\" aria-hidden=\\"true\\" value=\\"\\"><label for=\\"focusListManageUsersToggleUserfake-user-id-2Switch\\" class=\\"md-selection-control-label md-pointer--hover md-text\\"><div class=\\"md-switch-track md-pointer--hover md-switch-track--off\\"><div aria-labelledby=\\"focusListManageUsersToggleUserfake-user-id-2Switch-label\\" role=\\"checkbox\\" aria-checked=\\"false\\" class=\\"md-fake-btn md-pointer--hover md-fake-btn--no-outline md-switch-thumb md-switch-thumb--off\\" tabindex=\\"0\\" aria-pressed=\\"false\\"><div class=\\"md-ink-container md-ink-container--2x\\"></div></div></div><span id=\\"focusListManageUsersToggleUserfake-user-id-2Switch-label\\">focus.user_not_allowed</span></label></div></div></div></div></div></div></section><footer class=\\"md-dialog-footer md-dialog-footer--stacked dialog-footer md-grid center-buttons\\"><button id=\\"launchmetricsDialogAcceptBtn\\" type=\\"button\\" class=\\"md-btn md-btn--flat md-btn--text md-pointer--hover md-text md-inline-block md-btn--dialog btn--green btn--no-background\\"><div class=\\"md-ink-container\\"></div>focus.manage_focus_users_ok</button></footer></div></span>"`;

exports[`FocusList Manage focus users snapshot 1`] = `"<span class=\\"md-dialog-container md-overlay md-overlay--active md-pointer--hover launchmetrics-dialog\\" tabindex=\\"-1\\"><div aria-labelledby=\\"launchmetrics-dialog\\" id=\\"focusListManageFocusDialog\\" role=\\"dialog\\" class=\\"md-paper md-paper--5 md-dialog md-dialog--centered md-background--card\\"><h2 id=\\"focusListManageFocusDialog-title\\" class=\\"md-title md-title--dialog\\"><div class=\\"dialog-close\\"></div><div class=\\"dialog-header md-grid\\"><div class=\\"dialog-title\\">focus.manage_focus_title</div></div></h2><section class=\\"md-dialog-content md-dialog-content--padded\\"><span aria-hidden=\\"true\\"></span><div class=\\"dialog-container\\"><div class=\\"dialog-content\\"><div class=\\"manage-users-list\\"><div><div class=\\"manage-users-list-logo\\"><i class=\\"md-icon material-icons\\">account_circle</i></div><div class=\\"manage-users-list-info\\"><span class=\\"manage-users-list-info-name\\">Fake Name</span><span class=\\"manage-users-list-info-email\\">fake@mail.com</span></div><div class=\\"manage-users-list-toggle\\"><div class=\\"md-selection-control-container md-switch-container\\"><input id=\\"focusListManageUsersToggleUserfake-user-id-1Switch\\" type=\\"checkbox\\" class=\\"md-selection-control-input\\" name=\\"focusListManageUsersToggleUserfake-user-id-1Switch\\" aria-hidden=\\"true\\" value=\\"\\" checked=\\"\\"><label for=\\"focusListManageUsersToggleUserfake-user-id-1Switch\\" class=\\"md-selection-control-label md-pointer--hover md-text\\"><div class=\\"md-switch-track md-pointer--hover md-switch-track--on\\"><div aria-labelledby=\\"focusListManageUsersToggleUserfake-user-id-1Switch-label\\" role=\\"checkbox\\" aria-checked=\\"true\\" class=\\"md-fake-btn md-pointer--hover md-fake-btn--no-outline md-switch-thumb md-switch-thumb--on\\" tabindex=\\"0\\" aria-pressed=\\"false\\"><div class=\\"md-ink-container md-ink-container--2x\\"></div></div></div><span id=\\"focusListManageUsersToggleUserfake-user-id-1Switch-label\\">focus.user_allowed</span></label></div></div></div><div><div class=\\"manage-users-list-logo\\"><i class=\\"md-icon material-icons\\">account_circle</i></div><div class=\\"manage-users-list-info\\"><span class=\\"manage-users-list-info-name\\">Fake Name</span><span class=\\"manage-users-list-info-email\\">fake@mail.com</span></div><div class=\\"manage-users-list-toggle\\"><div class=\\"md-selection-control-container md-switch-container\\"><input id=\\"focusListManageUsersToggleUserfake-user-id-2Switch\\" type=\\"checkbox\\" class=\\"md-selection-control-input\\" name=\\"focusListManageUsersToggleUserfake-user-id-2Switch\\" aria-hidden=\\"true\\" value=\\"\\"><label for=\\"focusListManageUsersToggleUserfake-user-id-2Switch\\" class=\\"md-selection-control-label md-pointer--hover md-text\\"><div class=\\"md-switch-track md-pointer--hover md-switch-track--off\\"><div aria-labelledby=\\"focusListManageUsersToggleUserfake-user-id-2Switch-label\\" role=\\"checkbox\\" aria-checked=\\"false\\" class=\\"md-fake-btn md-pointer--hover md-fake-btn--no-outline md-switch-thumb md-switch-thumb--off\\" tabindex=\\"0\\" aria-pressed=\\"false\\"><div class=\\"md-ink-container md-ink-container--2x\\"></div></div></div><span id=\\"focusListManageUsersToggleUserfake-user-id-2Switch-label\\">focus.user_not_allowed</span></label></div></div></div></div></div></div></section><footer class=\\"md-dialog-footer md-dialog-footer--stacked dialog-footer md-grid center-buttons\\"><button id=\\"launchmetricsDialogAcceptBtn\\" type=\\"button\\" class=\\"md-btn md-btn--flat md-btn--text md-pointer--hover md-text md-inline-block md-btn--dialog btn--green btn--no-background\\"><div class=\\"md-ink-container\\"></div>focus.manage_focus_users_ok</button></footer></div></span>"`;
