// Jest Snapshot v1, https://goo.gl/fbAQLP

exports[`<ArticleSelectFeed> Component by default 1`] = `"<div id=\\"articleInsertDocumentDialogSelectFeed\\"><div id=\\"insertDocumentDialogSelectFeed-menu\\" aria-haspopup=\\"true\\" aria-expanded=\\"false\\" class=\\"md-layover md-layover--simplified md-full-width md-menu-container md-menu--select-field select-field\\"><div class=\\"md-select-field__toggle\\"><label for=\\"insertDocumentDialogSelectFeed\\" class=\\"md-floating-label md-floating-label--inactive md-floating-label--inactive-sized md-text--secondary\\">feed.value</label><div id=\\"insertDocumentDialogSelectFeed-toggle\\" role=\\"listbox\\" tabindex=\\"0\\" aria-pressed=\\"false\\" class=\\"md-paper md-paper--0 md-fake-btn md-pointer--hover md-fake-btn--no-outline md-select-field\\"><div class=\\"md-icon-separator md-text-field md-text-field--floating-margin md-select-field--text-field\\"><span class=\\"md-icon-text\\"></span><i class=\\"md-icon material-icons\\">arrow_drop_down</i></div><hr class=\\"md-divider md-divider--text-field md-divider--expand-from-left md-divider--select-field\\"><input type=\\"hidden\\" id=\\"insertDocumentDialogSelectFeed\\" value=\\"\\"></div></div></div><div class=\\"md-text-field-container md-full-width md-text-field-container--input text-field\\"><label for=\\"insertDocumentDialogUrlInput\\" class=\\"md-floating-label md-floating-label--inactive md-floating-label--inactive-sized md-text--secondary\\">Url</label><input id=\\"insertDocumentDialogUrlInput\\" type=\\"text\\" class=\\"md-text-field md-text-field--floating-margin md-full-width md-text\\" value=\\"\\"><hr class=\\"md-divider md-divider--text-field md-divider--expand-from-left\\"></div></div>"`;

exports[`<ArticleSelectFeed> Component by default with focus list 1`] = `"<div id=\\"articleInsertDocumentDialogSelectFeed\\"><div id=\\"insertDocumentDialogSelectFeed-menu\\" aria-haspopup=\\"true\\" aria-expanded=\\"false\\" class=\\"md-layover md-layover--simplified md-full-width md-menu-container md-menu--select-field select-field\\"><div class=\\"md-select-field__toggle\\"><label for=\\"insertDocumentDialogSelectFeed\\" class=\\"md-floating-label md-floating-label--inactive md-floating-label--inactive-sized md-text--secondary\\">feed.value</label><div id=\\"insertDocumentDialogSelectFeed-toggle\\" role=\\"listbox\\" tabindex=\\"0\\" aria-pressed=\\"false\\" class=\\"md-paper md-paper--0 md-fake-btn md-pointer--hover md-fake-btn--no-outline md-select-field\\"><div class=\\"md-icon-separator md-text-field md-text-field--floating-margin md-select-field--text-field\\"><span class=\\"md-icon-text\\"></span><i class=\\"md-icon material-icons\\">arrow_drop_down</i></div><hr class=\\"md-divider md-divider--text-field md-divider--expand-from-left md-divider--select-field\\"><input type=\\"hidden\\" id=\\"insertDocumentDialogSelectFeed\\" value=\\"\\"></div></div></div><div class=\\"md-text-field-container md-full-width md-text-field-container--input text-field\\"><label for=\\"insertDocumentDialogUrlInput\\" class=\\"md-floating-label md-floating-label--inactive md-floating-label--inactive-sized md-text--secondary\\">Url</label><input id=\\"insertDocumentDialogUrlInput\\" type=\\"text\\" class=\\"md-text-field md-text-field--floating-margin md-full-width md-text\\" value=\\"\\"><hr class=\\"md-divider md-divider--text-field md-divider--expand-from-left\\"></div></div>"`;

exports[`<ArticleSelectFeed> Component by default with loading 1`] = `"<div id=\\"articleInsertDocumentDialogSelectFeed\\"><div id=\\"insertDocumentDialogSelectFeed-menu\\" aria-haspopup=\\"true\\" aria-expanded=\\"false\\" class=\\"md-layover md-layover--simplified md-full-width md-menu-container md-menu--select-field select-field\\"><div class=\\"md-select-field__toggle\\"><label for=\\"insertDocumentDialogSelectFeed\\" class=\\"md-floating-label md-floating-label--inactive md-floating-label--inactive-sized md-text--secondary\\">feed.value</label><div id=\\"insertDocumentDialogSelectFeed-toggle\\" role=\\"listbox\\" tabindex=\\"0\\" aria-pressed=\\"false\\" class=\\"md-paper md-paper--0 md-fake-btn md-pointer--hover md-fake-btn--no-outline md-select-field\\"><div class=\\"md-icon-separator md-text-field md-text-field--floating-margin md-select-field--text-field\\"><span class=\\"md-icon-text\\"></span><i class=\\"md-icon material-icons\\">arrow_drop_down</i></div><hr class=\\"md-divider md-divider--text-field md-divider--expand-from-left md-divider--select-field\\"><input type=\\"hidden\\" id=\\"insertDocumentDialogSelectFeed\\" value=\\"\\"></div></div></div><div class=\\"md-text-field-container md-full-width md-text-field-container--input text-field\\"><label for=\\"insertDocumentDialogUrlInput\\" class=\\"md-floating-label md-floating-label--inactive md-floating-label--inactive-sized md-text--secondary\\">Url</label><input id=\\"insertDocumentDialogUrlInput\\" type=\\"text\\" class=\\"md-text-field md-text-field--floating-margin md-full-width md-text\\" value=\\"\\"><hr class=\\"md-divider md-divider--text-field md-divider--expand-from-left\\"></div></div><svg id=\\"insertDocumentDialogLoading\\" role=\\"progressbar\\" aria-valuemin=\\"0\\" aria-valuemax=\\"100\\" class=\\"md-progress md-progress--circular md-block-centered md-progress--circular-indeterminate\\" width=\\"24\\" height=\\"24\\" viewBox=\\"0 0 66 66\\"><circle class=\\"md-circular-progress-path md-circular-progress-path--animated\\" stroke-width=\\"6\\" stroke-linecap=\\"round\\" cx=\\"33\\" cy=\\"33\\" r=\\"30\\"></circle></svg>"`;

exports[`<ArticleSelectFeed> Component only with feed selected 1`] = `"<div id=\\"articleInsertDocumentDialogSelectFeed\\"><div id=\\"insertDocumentDialogSelectFeed-menu\\" aria-haspopup=\\"true\\" aria-expanded=\\"false\\" class=\\"md-layover md-layover--simplified md-full-width md-menu-container md-menu--select-field select-field\\"><div class=\\"md-select-field__toggle\\"><label for=\\"insertDocumentDialogSelectFeed\\" class=\\"md-floating-label md-floating-label--floating md-text--secondary\\">feed.value</label><div id=\\"insertDocumentDialogSelectFeed-toggle\\" role=\\"listbox\\" tabindex=\\"0\\" aria-pressed=\\"false\\" class=\\"md-paper md-paper--0 md-fake-btn md-pointer--hover md-fake-btn--no-outline md-select-field md-text\\"><div class=\\"md-icon-separator md-text-field md-text-field--floating-margin md-select-field--text-field\\"><span class=\\"md-icon-text\\">feed-name-1 (type.online)</span><i class=\\"md-icon material-icons\\">arrow_drop_down</i></div><hr class=\\"md-divider md-divider--text-field md-divider--expand-from-left md-divider--select-field\\"><input type=\\"hidden\\" id=\\"insertDocumentDialogSelectFeed\\" value=\\"feed-id-1\\"></div></div></div><div class=\\"md-text-field-container md-full-width md-text-field-container--input text-field\\"><label for=\\"insertDocumentDialogUrlInput\\" class=\\"md-floating-label md-floating-label--inactive md-floating-label--inactive-sized md-text--secondary\\">Url</label><input id=\\"insertDocumentDialogUrlInput\\" type=\\"text\\" class=\\"md-text-field md-text-field--floating-margin md-full-width md-text\\" value=\\"\\"><hr class=\\"md-divider md-divider--text-field md-divider--expand-from-left\\"></div></div>"`;

exports[`<ArticleSelectFeed> Component only with invalid url 1`] = `"<div id=\\"articleInsertDocumentDialogSelectFeed\\"><div id=\\"insertDocumentDialogSelectFeed-menu\\" aria-haspopup=\\"true\\" aria-expanded=\\"false\\" class=\\"md-layover md-layover--simplified md-full-width md-menu-container md-menu--select-field select-field\\"><div class=\\"md-select-field__toggle\\"><label for=\\"insertDocumentDialogSelectFeed\\" class=\\"md-floating-label md-floating-label--inactive md-floating-label--inactive-sized md-text--secondary\\">feed.value</label><div id=\\"insertDocumentDialogSelectFeed-toggle\\" role=\\"listbox\\" tabindex=\\"0\\" aria-pressed=\\"false\\" class=\\"md-paper md-paper--0 md-fake-btn md-pointer--hover md-fake-btn--no-outline md-select-field\\"><div class=\\"md-icon-separator md-text-field md-text-field--floating-margin md-select-field--text-field\\"><span class=\\"md-icon-text\\"></span><i class=\\"md-icon material-icons\\">arrow_drop_down</i></div><hr class=\\"md-divider md-divider--text-field md-divider--expand-from-left md-divider--select-field\\"><input type=\\"hidden\\" id=\\"insertDocumentDialogSelectFeed\\" value=\\"\\"></div></div></div><div class=\\"md-text-field-container md-full-width md-text-field-container--input text-field\\"><label for=\\"insertDocumentDialogUrlInput\\" class=\\"md-floating-label md-floating-label--floating md-text--error\\">Url</label><input id=\\"insertDocumentDialogUrlInput\\" type=\\"text\\" class=\\"md-text-field md-text-field--floating-margin md-full-width md-text\\" value=\\"badurl.bad.\\"><hr class=\\"md-divider md-divider--text-field md-divider--expand-from-left md-divider--text-field-error\\"><div class=\\"md-text-field-message-container md-full-width md-text--error\\"><div aria-hidden=\\"false\\" class=\\"md-text-field-message md-text-field-message--active\\">bad_error</div></div></div></div>"`;

exports[`<ArticleSelectFeed> Component only with print feed selected 1`] = `"<div id=\\"articleInsertDocumentDialogSelectFeed\\"><div id=\\"insertDocumentDialogSelectFeed-menu\\" aria-haspopup=\\"true\\" aria-expanded=\\"false\\" class=\\"md-layover md-layover--simplified md-full-width md-menu-container md-menu--select-field select-field\\"><div class=\\"md-select-field__toggle\\"><label for=\\"insertDocumentDialogSelectFeed\\" class=\\"md-floating-label md-floating-label--inactive md-floating-label--inactive-sized md-text--secondary\\">feed.value</label><div id=\\"insertDocumentDialogSelectFeed-toggle\\" role=\\"listbox\\" tabindex=\\"0\\" aria-pressed=\\"false\\" class=\\"md-paper md-paper--0 md-fake-btn md-pointer--hover md-fake-btn--no-outline md-select-field\\"><div class=\\"md-icon-separator md-text-field md-text-field--floating-margin md-select-field--text-field\\"><span class=\\"md-icon-text\\"></span><i class=\\"md-icon material-icons\\">arrow_drop_down</i></div><hr class=\\"md-divider md-divider--text-field md-divider--expand-from-left md-divider--select-field\\"><input type=\\"hidden\\" id=\\"insertDocumentDialogSelectFeed\\" value=\\"feed-id-6\\"></div></div></div></div>"`;
