// Jest Snapshot v1, https://goo.gl/fbAQLP

exports[`<ArticleInsertSelectDocument> 2 docs on historical 1 shared with feed & tenant 1`] = `"<div id=\\"articleInsertSelectDocument\\"><div id=\\"articleInsertSelectHistoricalDocuments\\"><div class=\\"description\\">insert_article.modal.historical_document_found</div><div id=\\"articleInsertSelectDocument-1234\\" class=\\"document-results-item\\"><div class=\\"document-results-item-select\\"><div class=\\"md-selection-control-container document-results-item-select-checkbox\\"><input type=\\"checkbox\\" id=\\"documentSelect-1234\\" class=\\"md-selection-control-input\\" name=\\"documentSelect\\" aria-hidden=\\"true\\"/><label for=\\"documentSelect-1234\\" class=\\"md-selection-control-label md-pointer--hover md-text\\"><div role=\\"checkbox\\" aria-checked=\\"false\\" aria-label=\\"1234\\" class=\\"md-fake-btn md-pointer--hover md-fake-btn--no-outline md-selection-control-toggle md-btn md-btn--icon md-text--secondary\\" tabindex=\\"0\\" aria-pressed=\\"false\\"><div class=\\"md-ink-container\\"></div><i class=\\"md-icon material-icons md-text--inherit\\">check_box_outline_blank</i></div></label></div></div><div class=\\"document-item\\"><div class=\\"document-item\\"><div class=\\"document-item-left-info\\"><div class=\\"document-item-provider-icon-box\\"><i class=\\"md-icon icon-news document-item-provider-icon News\\"></i></div><div class=\\"document-item-counters\\"><div class=\\"document-item-counter-value\\"><span title=\\"Reach/Subscribers: 61.4M visitors\\">61.4M</span><i class=\\"documen-item-counter-icon reach material-icons\\" title=\\"Reach/Subscribers: 61.4M visitors\\">wifi</i></div><div class=\\"document-item-counter-value\\"><span title=\\"Engagement/Views: 0 shares\\">0</span><i class=\\"documen-item-counter-icon icon-like\\" title=\\"Engagement/Views: 0 shares\\"></i></div></div></div><div class=\\"document-item-author-info\\"><div class=\\"document-item-author-icon\\"><a href=\\"http://www.terra.com.br\\" target=\\"_blank\\" rel=\\"noopener noreferrer\\"><img src=\\"https://faviewhaiy.s3.amazonaws.com/1/1233730921.ico\\" alt=\\"\\"/></a></div><div class=\\"document-item-author-name\\"><a href=\\"http://www.terra.com.br\\" target=\\"_blank\\" rel=\\"noopener noreferrer\\"><div>http://www.terra.com.br (BR)</div></a></div><div class=\\"document-item-date\\" title=\\"Thursday, March 5, 1992 6:30 AM\\">Mar 05</div><div class=\\"document-item-page\\"></div></div><div class=\\"document-item-content\\"><a href=\\"http://discover.staging.launchmetrics.com/r/d/17Xw6MAhy0c=_ckkDAAAAAAAAAAAAAAAAAA==\\" target=\\"_blank\\" rel=\\"noopener noreferrer\\"><div class=\\"document-item-content-title\\">Document title</div></a><a href=\\"http://discover.staging.launchmetrics.com/r/d/17Xw6MAhy0c=_ckkDAAAAAAAAAAAAAAAAAA==\\" target=\\"_blank\\" rel=\\"noopener noreferrer\\"><div class=\\"document-item-content-source\\">Document content</div></a></div><div class=\\"document-item-image\\"><a href=\\"http://discover.staging.launchmetrics.com/r/d/17Xw6MAhy0c=_ckkDAAAAAAAAAAAAAAAAAA==\\" target=\\"_blank\\" rel=\\"noopener noreferrer\\" type=\\"main\\" class=\\"document-item-image-link active-image\\"><img src=\\"\\" alt=\\"\\"/></a></div></div></div></div></div><div id=\\"articleInsertSelectFeedDocuments\\"><div class=\\"description\\">insert_article.modal.tenant_document_found</div><div id=\\"articleInsertSelectDocument-document-id-1\\" class=\\"document-results-item\\"><div class=\\"document-item\\"><div class=\\"document-item\\"><div class=\\"document-item-left-info\\"><div class=\\"document-item-provider-icon-box\\"><i class=\\"md-icon icon-news document-item-provider-icon News\\"></i></div><div class=\\"document-item-counters\\"><div class=\\"document-item-counter-value\\"><span title=\\"Reach/Subscribers: 61.4M visitors\\">61.4M</span><i class=\\"documen-item-counter-icon reach material-icons\\" title=\\"Reach/Subscribers: 61.4M visitors\\">wifi</i></div><div class=\\"document-item-counter-value\\"><span title=\\"Engagement/Views: 0 shares\\">0</span><i class=\\"documen-item-counter-icon icon-like\\" title=\\"Engagement/Views: 0 shares\\"></i></div></div></div><div class=\\"document-item-author-info\\"><div class=\\"document-item-author-icon\\"><a href=\\"http://www.terra.com.br\\" target=\\"_blank\\" rel=\\"noopener noreferrer\\"><img src=\\"https://faviewhaiy.s3.amazonaws.com/1/1233730921.ico\\" alt=\\"\\"/></a></div><div class=\\"document-item-author-name\\"><a href=\\"http://www.terra.com.br\\" target=\\"_blank\\" rel=\\"noopener noreferrer\\"><div>http://www.terra.com.br (BR)</div></a></div><div class=\\"document-item-date\\" title=\\"Thursday, March 5, 1992 6:30 AM\\">Mar 05</div><div class=\\"document-item-page\\"></div></div><div class=\\"document-item-content\\"><a href=\\"http://discover.staging.launchmetrics.com/r/d/17Xw6MAhy0c=_ckkDAAAAAAAAAAAAAAAAAA==\\" target=\\"_blank\\" rel=\\"noopener noreferrer\\"><div class=\\"document-item-content-title\\">Document title</div></a><a href=\\"http://discover.staging.launchmetrics.com/r/d/17Xw6MAhy0c=_ckkDAAAAAAAAAAAAAAAAAA==\\" target=\\"_blank\\" rel=\\"noopener noreferrer\\"><div class=\\"document-item-content-source\\">Document content</div></a></div><div class=\\"document-item-image\\"><a href=\\"http://discover.staging.launchmetrics.com/r/d/17Xw6MAhy0c=_ckkDAAAAAAAAAAAAAAAAAA==\\" target=\\"_blank\\" rel=\\"noopener noreferrer\\" type=\\"main\\" class=\\"document-item-image-link active-image\\"><img src=\\"\\" alt=\\"\\"/></a></div></div></div></div></div></div>"`;

exports[`<ArticleInsertSelectDocument> Component snapshot 1`] = `null`;

exports[`<ArticleInsertSelectDocument> Component snapshot with search not found reason 1`] = `"<p>insert_article.modal.not_found.unavailable</p>"`;

exports[`<ArticleInsertSelectDocument> If loading, loader is present documets doesn't 1`] = `"<svg id=\\"insertDocumentDialogLoading\\" role=\\"progressbar\\" aria-valuemin=\\"0\\" aria-valuemax=\\"100\\" class=\\"md-progress md-progress--circular md-block-centered md-progress--circular-indeterminate\\" width=\\"24\\" height=\\"24\\" viewBox=\\"0 0 66 66\\"><circle class=\\"md-circular-progress-path md-circular-progress-path--animated\\" stroke-width=\\"6\\" stroke-linecap=\\"round\\" cx=\\"33\\" cy=\\"33\\" r=\\"30\\"></circle></svg>"`;

exports[`<ArticleInsertSelectDocument> Loader is not present by default 1`] = `"<div id=\\"articleInsertSelectDocument\\"><div id=\\"articleInsertSelectFeedDocuments\\"><div class=\\"description\\">insert_article.modal.tenant_document_found</div><div id=\\"articleInsertSelectDocument-document-id-1\\" class=\\"document-results-item\\"><div class=\\"document-item\\"><div class=\\"document-item\\"><div class=\\"document-item-left-info\\"><div class=\\"document-item-provider-icon-box\\"><i class=\\"md-icon icon-news document-item-provider-icon News\\"></i></div><div class=\\"document-item-counters\\"><div class=\\"document-item-counter-value\\"><span title=\\"Reach/Subscribers: 61.4M visitors\\">61.4M</span><i class=\\"documen-item-counter-icon reach material-icons\\" title=\\"Reach/Subscribers: 61.4M visitors\\">wifi</i></div><div class=\\"document-item-counter-value\\"><span title=\\"Engagement/Views: 0 shares\\">0</span><i class=\\"documen-item-counter-icon icon-like\\" title=\\"Engagement/Views: 0 shares\\"></i></div></div></div><div class=\\"document-item-author-info\\"><div class=\\"document-item-author-icon\\"><a href=\\"http://www.terra.com.br\\" target=\\"_blank\\" rel=\\"noopener noreferrer\\"><img src=\\"https://faviewhaiy.s3.amazonaws.com/1/1233730921.ico\\" alt=\\"\\"/></a></div><div class=\\"document-item-author-name\\"><a href=\\"http://www.terra.com.br\\" target=\\"_blank\\" rel=\\"noopener noreferrer\\"><div>http://www.terra.com.br (BR)</div></a></div><div class=\\"document-item-date\\" title=\\"Thursday, March 5, 1992 6:30 AM\\">Mar 05</div><div class=\\"document-item-page\\"></div></div><div class=\\"document-item-content\\"><a href=\\"http://discover.staging.launchmetrics.com/r/d/17Xw6MAhy0c=_ckkDAAAAAAAAAAAAAAAAAA==\\" target=\\"_blank\\" rel=\\"noopener noreferrer\\"><div class=\\"document-item-content-title\\">Document title</div></a><a href=\\"http://discover.staging.launchmetrics.com/r/d/17Xw6MAhy0c=_ckkDAAAAAAAAAAAAAAAAAA==\\" target=\\"_blank\\" rel=\\"noopener noreferrer\\"><div class=\\"document-item-content-source\\">Document content</div></a></div><div class=\\"document-item-image\\"><a href=\\"http://discover.staging.launchmetrics.com/r/d/17Xw6MAhy0c=_ckkDAAAAAAAAAAAAAAAAAA==\\" target=\\"_blank\\" rel=\\"noopener noreferrer\\" type=\\"main\\" class=\\"document-item-image-link active-image\\"><img src=\\"\\" alt=\\"\\"/></a></div></div></div></div></div></div>"`;

exports[`<ArticleInsertSelectDocument> No feed documents 1 historical doc 1`] = `"<div id=\\"articleInsertSelectDocument\\"><div id=\\"articleInsertSelectHistoricalDocuments\\"><div class=\\"description\\">insert_article.modal.historical_document_found</div><div id=\\"articleInsertSelectDocument-document-id-1\\" class=\\"document-results-item\\"><div class=\\"document-results-item-select\\"><div class=\\"md-selection-control-container document-results-item-select-checkbox\\"><input type=\\"checkbox\\" id=\\"documentSelect-document-id-1\\" class=\\"md-selection-control-input\\" name=\\"documentSelect\\" aria-hidden=\\"true\\"/><label for=\\"documentSelect-document-id-1\\" class=\\"md-selection-control-label md-pointer--hover md-text\\"><div role=\\"checkbox\\" aria-checked=\\"false\\" aria-label=\\"document-id-1\\" class=\\"md-fake-btn md-pointer--hover md-fake-btn--no-outline md-selection-control-toggle md-btn md-btn--icon md-text--secondary\\" tabindex=\\"0\\" aria-pressed=\\"false\\"><div class=\\"md-ink-container\\"></div><i class=\\"md-icon material-icons md-text--inherit\\">check_box_outline_blank</i></div></label></div></div><div class=\\"document-item\\"><div class=\\"document-item\\"><div class=\\"document-item-left-info\\"><div class=\\"document-item-provider-icon-box\\"><i class=\\"md-icon icon-news document-item-provider-icon News\\"></i></div><div class=\\"document-item-counters\\"><div class=\\"document-item-counter-value\\"><span title=\\"Reach/Subscribers: 61.4M visitors\\">61.4M</span><i class=\\"documen-item-counter-icon reach material-icons\\" title=\\"Reach/Subscribers: 61.4M visitors\\">wifi</i></div><div class=\\"document-item-counter-value\\"><span title=\\"Engagement/Views: 0 shares\\">0</span><i class=\\"documen-item-counter-icon icon-like\\" title=\\"Engagement/Views: 0 shares\\"></i></div></div></div><div class=\\"document-item-author-info\\"><div class=\\"document-item-author-icon\\"><a href=\\"http://www.terra.com.br\\" target=\\"_blank\\" rel=\\"noopener noreferrer\\"><img src=\\"https://faviewhaiy.s3.amazonaws.com/1/1233730921.ico\\" alt=\\"\\"/></a></div><div class=\\"document-item-author-name\\"><a href=\\"http://www.terra.com.br\\" target=\\"_blank\\" rel=\\"noopener noreferrer\\"><div>http://www.terra.com.br (BR)</div></a></div><div class=\\"document-item-date\\" title=\\"Thursday, March 5, 1992 6:30 AM\\">Mar 05</div><div class=\\"document-item-page\\"></div></div><div class=\\"document-item-content\\"><a href=\\"http://discover.staging.launchmetrics.com/r/d/17Xw6MAhy0c=_ckkDAAAAAAAAAAAAAAAAAA==\\" target=\\"_blank\\" rel=\\"noopener noreferrer\\"><div class=\\"document-item-content-title\\">Document title</div></a><a href=\\"http://discover.staging.launchmetrics.com/r/d/17Xw6MAhy0c=_ckkDAAAAAAAAAAAAAAAAAA==\\" target=\\"_blank\\" rel=\\"noopener noreferrer\\"><div class=\\"document-item-content-source\\">Document content</div></a></div><div class=\\"document-item-image\\"><a href=\\"http://discover.staging.launchmetrics.com/r/d/17Xw6MAhy0c=_ckkDAAAAAAAAAAAAAAAAAA==\\" target=\\"_blank\\" rel=\\"noopener noreferrer\\" type=\\"main\\" class=\\"document-item-image-link active-image\\"><img src=\\"\\" alt=\\"\\"/></a></div></div></div></div></div></div>"`;

exports[`<ArticleInsertSelectDocument> No feed documents 1 on tenant  1`] = `"<div id=\\"articleInsertSelectDocument\\"><div id=\\"articleInsertSelectHistoricalDocuments\\"><div class=\\"description\\">insert_article.modal.historical_document_found</div><div id=\\"articleInsertSelectDocument-document-id-1\\" class=\\"document-results-item\\"><div class=\\"document-results-item-select\\"><div class=\\"md-selection-control-container document-results-item-select-checkbox\\"><input type=\\"checkbox\\" id=\\"documentSelect-document-id-1\\" class=\\"md-selection-control-input\\" name=\\"documentSelect\\" aria-hidden=\\"true\\"/><label for=\\"documentSelect-document-id-1\\" class=\\"md-selection-control-label md-pointer--hover md-text\\"><div role=\\"checkbox\\" aria-checked=\\"false\\" aria-label=\\"document-id-1\\" class=\\"md-fake-btn md-pointer--hover md-fake-btn--no-outline md-selection-control-toggle md-btn md-btn--icon md-text--secondary\\" tabindex=\\"0\\" aria-pressed=\\"false\\"><div class=\\"md-ink-container\\"></div><i class=\\"md-icon material-icons md-text--inherit\\">check_box_outline_blank</i></div></label></div></div><div class=\\"document-item\\"><div class=\\"document-item\\"><div class=\\"document-item-left-info\\"><div class=\\"document-item-provider-icon-box\\"><i class=\\"md-icon icon-news document-item-provider-icon News\\"></i></div><div class=\\"document-item-counters\\"><div class=\\"document-item-counter-value\\"><span title=\\"Reach/Subscribers: 61.4M visitors\\">61.4M</span><i class=\\"documen-item-counter-icon reach material-icons\\" title=\\"Reach/Subscribers: 61.4M visitors\\">wifi</i></div><div class=\\"document-item-counter-value\\"><span title=\\"Engagement/Views: 0 shares\\">0</span><i class=\\"documen-item-counter-icon icon-like\\" title=\\"Engagement/Views: 0 shares\\"></i></div></div></div><div class=\\"document-item-author-info\\"><div class=\\"document-item-author-icon\\"><a href=\\"http://www.terra.com.br\\" target=\\"_blank\\" rel=\\"noopener noreferrer\\"><img src=\\"https://faviewhaiy.s3.amazonaws.com/1/1233730921.ico\\" alt=\\"\\"/></a></div><div class=\\"document-item-author-name\\"><a href=\\"http://www.terra.com.br\\" target=\\"_blank\\" rel=\\"noopener noreferrer\\"><div>http://www.terra.com.br (BR)</div></a></div><div class=\\"document-item-date\\" title=\\"Thursday, March 5, 1992 6:30 AM\\">Mar 05</div><div class=\\"document-item-page\\"></div></div><div class=\\"document-item-content\\"><a href=\\"http://discover.staging.launchmetrics.com/r/d/17Xw6MAhy0c=_ckkDAAAAAAAAAAAAAAAAAA==\\" target=\\"_blank\\" rel=\\"noopener noreferrer\\"><div class=\\"document-item-content-title\\">Document title</div></a><a href=\\"http://discover.staging.launchmetrics.com/r/d/17Xw6MAhy0c=_ckkDAAAAAAAAAAAAAAAAAA==\\" target=\\"_blank\\" rel=\\"noopener noreferrer\\"><div class=\\"document-item-content-source\\">Document content</div></a></div><div class=\\"document-item-image\\"><a href=\\"http://discover.staging.launchmetrics.com/r/d/17Xw6MAhy0c=_ckkDAAAAAAAAAAAAAAAAAA==\\" target=\\"_blank\\" rel=\\"noopener noreferrer\\" type=\\"main\\" class=\\"document-item-image-link active-image\\"><img src=\\"\\" alt=\\"\\"/></a></div></div></div></div></div></div>"`;

exports[`<ArticleInsertSelectDocument> No historical documents 1 doc in feed 1`] = `"<div id=\\"articleInsertSelectDocument\\"><div id=\\"articleInsertSelectFeedDocuments\\"><div class=\\"description\\">insert_article.modal.tenant_document_found</div><div id=\\"articleInsertSelectDocument-document-id-1\\" class=\\"document-results-item\\"><div class=\\"document-item\\"><div class=\\"document-item\\"><div class=\\"document-item-left-info\\"><div class=\\"document-item-provider-icon-box\\"><i class=\\"md-icon icon-news document-item-provider-icon News\\"></i></div><div class=\\"document-item-counters\\"><div class=\\"document-item-counter-value\\"><span title=\\"Reach/Subscribers: 61.4M visitors\\">61.4M</span><i class=\\"documen-item-counter-icon reach material-icons\\" title=\\"Reach/Subscribers: 61.4M visitors\\">wifi</i></div><div class=\\"document-item-counter-value\\"><span title=\\"Engagement/Views: 0 shares\\">0</span><i class=\\"documen-item-counter-icon icon-like\\" title=\\"Engagement/Views: 0 shares\\"></i></div></div></div><div class=\\"document-item-author-info\\"><div class=\\"document-item-author-icon\\"><a href=\\"http://www.terra.com.br\\" target=\\"_blank\\" rel=\\"noopener noreferrer\\"><img src=\\"https://faviewhaiy.s3.amazonaws.com/1/1233730921.ico\\" alt=\\"\\"/></a></div><div class=\\"document-item-author-name\\"><a href=\\"http://www.terra.com.br\\" target=\\"_blank\\" rel=\\"noopener noreferrer\\"><div>http://www.terra.com.br (BR)</div></a></div><div class=\\"document-item-date\\" title=\\"Thursday, March 5, 1992 6:30 AM\\">Mar 05</div><div class=\\"document-item-page\\"></div></div><div class=\\"document-item-content\\"><a href=\\"http://discover.staging.launchmetrics.com/r/d/17Xw6MAhy0c=_ckkDAAAAAAAAAAAAAAAAAA==\\" target=\\"_blank\\" rel=\\"noopener noreferrer\\"><div class=\\"document-item-content-title\\">Document title</div></a><a href=\\"http://discover.staging.launchmetrics.com/r/d/17Xw6MAhy0c=_ckkDAAAAAAAAAAAAAAAAAA==\\" target=\\"_blank\\" rel=\\"noopener noreferrer\\"><div class=\\"document-item-content-source\\">Document content</div></a></div><div class=\\"document-item-image\\"><a href=\\"http://discover.staging.launchmetrics.com/r/d/17Xw6MAhy0c=_ckkDAAAAAAAAAAAAAAAAAA==\\" target=\\"_blank\\" rel=\\"noopener noreferrer\\" type=\\"main\\" class=\\"document-item-image-link active-image\\"><img src=\\"\\" alt=\\"\\"/></a></div></div></div></div></div></div>"`;

exports[`<ArticleInsertSelectDocument> Same document on historical and feed 1`] = `"<div id=\\"articleInsertSelectDocument\\"><div id=\\"articleInsertSelectFeedDocuments\\"><div class=\\"description\\">insert_article.modal.tenant_document_found</div><div id=\\"articleInsertSelectDocument-document-id-1\\" class=\\"document-results-item\\"><div class=\\"document-item\\"><div class=\\"document-item\\"><div class=\\"document-item-left-info\\"><div class=\\"document-item-provider-icon-box\\"><i class=\\"md-icon icon-news document-item-provider-icon News\\"></i></div><div class=\\"document-item-counters\\"><div class=\\"document-item-counter-value\\"><span title=\\"Reach/Subscribers: 61.4M visitors\\">61.4M</span><i class=\\"documen-item-counter-icon reach material-icons\\" title=\\"Reach/Subscribers: 61.4M visitors\\">wifi</i></div><div class=\\"document-item-counter-value\\"><span title=\\"Engagement/Views: 0 shares\\">0</span><i class=\\"documen-item-counter-icon icon-like\\" title=\\"Engagement/Views: 0 shares\\"></i></div></div></div><div class=\\"document-item-author-info\\"><div class=\\"document-item-author-icon\\"><a href=\\"http://www.terra.com.br\\" target=\\"_blank\\" rel=\\"noopener noreferrer\\"><img src=\\"https://faviewhaiy.s3.amazonaws.com/1/1233730921.ico\\" alt=\\"\\"/></a></div><div class=\\"document-item-author-name\\"><a href=\\"http://www.terra.com.br\\" target=\\"_blank\\" rel=\\"noopener noreferrer\\"><div>http://www.terra.com.br (BR)</div></a></div><div class=\\"document-item-date\\" title=\\"Thursday, March 5, 1992 6:30 AM\\">Mar 05</div><div class=\\"document-item-page\\"></div></div><div class=\\"document-item-content\\"><a href=\\"http://discover.staging.launchmetrics.com/r/d/17Xw6MAhy0c=_ckkDAAAAAAAAAAAAAAAAAA==\\" target=\\"_blank\\" rel=\\"noopener noreferrer\\"><div class=\\"document-item-content-title\\">Document title</div></a><a href=\\"http://discover.staging.launchmetrics.com/r/d/17Xw6MAhy0c=_ckkDAAAAAAAAAAAAAAAAAA==\\" target=\\"_blank\\" rel=\\"noopener noreferrer\\"><div class=\\"document-item-content-source\\">Document content</div></a></div><div class=\\"document-item-image\\"><a href=\\"http://discover.staging.launchmetrics.com/r/d/17Xw6MAhy0c=_ckkDAAAAAAAAAAAAAAAAAA==\\" target=\\"_blank\\" rel=\\"noopener noreferrer\\" type=\\"main\\" class=\\"document-item-image-link active-image\\"><img src=\\"\\" alt=\\"\\"/></a></div></div></div></div></div></div>"`;

exports[`<ArticleInsertSelectDocument> Same document on tenant and feed 1`] = `"<div id=\\"articleInsertSelectDocument\\"><div id=\\"articleInsertSelectFeedDocuments\\"><div class=\\"description\\">insert_article.modal.tenant_document_found</div><div id=\\"articleInsertSelectDocument-document-id-1\\" class=\\"document-results-item\\"><div class=\\"document-item\\"><div class=\\"document-item\\"><div class=\\"document-item-left-info\\"><div class=\\"document-item-provider-icon-box\\"><i class=\\"md-icon icon-news document-item-provider-icon News\\"></i></div><div class=\\"document-item-counters\\"><div class=\\"document-item-counter-value\\"><span title=\\"Reach/Subscribers: 61.4M visitors\\">61.4M</span><i class=\\"documen-item-counter-icon reach material-icons\\" title=\\"Reach/Subscribers: 61.4M visitors\\">wifi</i></div><div class=\\"document-item-counter-value\\"><span title=\\"Engagement/Views: 0 shares\\">0</span><i class=\\"documen-item-counter-icon icon-like\\" title=\\"Engagement/Views: 0 shares\\"></i></div></div></div><div class=\\"document-item-author-info\\"><div class=\\"document-item-author-icon\\"><a href=\\"http://www.terra.com.br\\" target=\\"_blank\\" rel=\\"noopener noreferrer\\"><img src=\\"https://faviewhaiy.s3.amazonaws.com/1/1233730921.ico\\" alt=\\"\\"/></a></div><div class=\\"document-item-author-name\\"><a href=\\"http://www.terra.com.br\\" target=\\"_blank\\" rel=\\"noopener noreferrer\\"><div>http://www.terra.com.br (BR)</div></a></div><div class=\\"document-item-date\\" title=\\"Thursday, March 5, 1992 6:30 AM\\">Mar 05</div><div class=\\"document-item-page\\"></div></div><div class=\\"document-item-content\\"><a href=\\"http://discover.staging.launchmetrics.com/r/d/17Xw6MAhy0c=_ckkDAAAAAAAAAAAAAAAAAA==\\" target=\\"_blank\\" rel=\\"noopener noreferrer\\"><div class=\\"document-item-content-title\\">Document title</div></a><a href=\\"http://discover.staging.launchmetrics.com/r/d/17Xw6MAhy0c=_ckkDAAAAAAAAAAAAAAAAAA==\\" target=\\"_blank\\" rel=\\"noopener noreferrer\\"><div class=\\"document-item-content-source\\">Document content</div></a></div><div class=\\"document-item-image\\"><a href=\\"http://discover.staging.launchmetrics.com/r/d/17Xw6MAhy0c=_ckkDAAAAAAAAAAAAAAAAAA==\\" target=\\"_blank\\" rel=\\"noopener noreferrer\\" type=\\"main\\" class=\\"document-item-image-link active-image\\"><img src=\\"\\" alt=\\"\\"/></a></div></div></div></div></div></div>"`;

exports[`<ArticleInsertSelectDocument> historical docs has checkbox , tenant docs doesn't 1`] = `"<div id=\\"articleInsertSelectDocument\\"><div id=\\"articleInsertSelectHistoricalDocuments\\"><div class=\\"description\\">insert_article.modal.historical_document_found</div><div id=\\"articleInsertSelectDocument-1234\\" class=\\"document-results-item\\"><div class=\\"document-results-item-select\\"><div class=\\"md-selection-control-container document-results-item-select-checkbox\\"><input type=\\"checkbox\\" id=\\"documentSelect-1234\\" class=\\"md-selection-control-input\\" name=\\"documentSelect\\" aria-hidden=\\"true\\"/><label for=\\"documentSelect-1234\\" class=\\"md-selection-control-label md-pointer--hover md-text\\"><div role=\\"checkbox\\" aria-checked=\\"false\\" aria-label=\\"1234\\" class=\\"md-fake-btn md-pointer--hover md-fake-btn--no-outline md-selection-control-toggle md-btn md-btn--icon md-text--secondary\\" tabindex=\\"0\\" aria-pressed=\\"false\\"><div class=\\"md-ink-container\\"></div><i class=\\"md-icon material-icons md-text--inherit\\">check_box_outline_blank</i></div></label></div></div><div class=\\"document-item\\"><div class=\\"document-item\\"><div class=\\"document-item-left-info\\"><div class=\\"document-item-provider-icon-box\\"><i class=\\"md-icon icon-news document-item-provider-icon News\\"></i></div><div class=\\"document-item-counters\\"><div class=\\"document-item-counter-value\\"><span title=\\"Reach/Subscribers: 61.4M visitors\\">61.4M</span><i class=\\"documen-item-counter-icon reach material-icons\\" title=\\"Reach/Subscribers: 61.4M visitors\\">wifi</i></div><div class=\\"document-item-counter-value\\"><span title=\\"Engagement/Views: 0 shares\\">0</span><i class=\\"documen-item-counter-icon icon-like\\" title=\\"Engagement/Views: 0 shares\\"></i></div></div></div><div class=\\"document-item-author-info\\"><div class=\\"document-item-author-icon\\"><a href=\\"http://www.terra.com.br\\" target=\\"_blank\\" rel=\\"noopener noreferrer\\"><img src=\\"https://faviewhaiy.s3.amazonaws.com/1/1233730921.ico\\" alt=\\"\\"/></a></div><div class=\\"document-item-author-name\\"><a href=\\"http://www.terra.com.br\\" target=\\"_blank\\" rel=\\"noopener noreferrer\\"><div>http://www.terra.com.br (BR)</div></a></div><div class=\\"document-item-date\\" title=\\"Thursday, March 5, 1992 6:30 AM\\">Mar 05</div><div class=\\"document-item-page\\"></div></div><div class=\\"document-item-content\\"><a href=\\"http://discover.staging.launchmetrics.com/r/d/17Xw6MAhy0c=_ckkDAAAAAAAAAAAAAAAAAA==\\" target=\\"_blank\\" rel=\\"noopener noreferrer\\"><div class=\\"document-item-content-title\\">Document title</div></a><a href=\\"http://discover.staging.launchmetrics.com/r/d/17Xw6MAhy0c=_ckkDAAAAAAAAAAAAAAAAAA==\\" target=\\"_blank\\" rel=\\"noopener noreferrer\\"><div class=\\"document-item-content-source\\">Document content</div></a></div><div class=\\"document-item-image\\"><a href=\\"http://discover.staging.launchmetrics.com/r/d/17Xw6MAhy0c=_ckkDAAAAAAAAAAAAAAAAAA==\\" target=\\"_blank\\" rel=\\"noopener noreferrer\\" type=\\"main\\" class=\\"document-item-image-link active-image\\"><img src=\\"\\" alt=\\"\\"/></a></div></div></div></div></div><div id=\\"articleInsertSelectFeedDocuments\\"><div class=\\"description\\">insert_article.modal.tenant_document_found</div><div id=\\"articleInsertSelectDocument-document-id-1\\" class=\\"document-results-item\\"><div class=\\"document-item\\"><div class=\\"document-item\\"><div class=\\"document-item-left-info\\"><div class=\\"document-item-provider-icon-box\\"><i class=\\"md-icon icon-news document-item-provider-icon News\\"></i></div><div class=\\"document-item-counters\\"><div class=\\"document-item-counter-value\\"><span title=\\"Reach/Subscribers: 61.4M visitors\\">61.4M</span><i class=\\"documen-item-counter-icon reach material-icons\\" title=\\"Reach/Subscribers: 61.4M visitors\\">wifi</i></div><div class=\\"document-item-counter-value\\"><span title=\\"Engagement/Views: 0 shares\\">0</span><i class=\\"documen-item-counter-icon icon-like\\" title=\\"Engagement/Views: 0 shares\\"></i></div></div></div><div class=\\"document-item-author-info\\"><div class=\\"document-item-author-icon\\"><a href=\\"http://www.terra.com.br\\" target=\\"_blank\\" rel=\\"noopener noreferrer\\"><img src=\\"https://faviewhaiy.s3.amazonaws.com/1/1233730921.ico\\" alt=\\"\\"/></a></div><div class=\\"document-item-author-name\\"><a href=\\"http://www.terra.com.br\\" target=\\"_blank\\" rel=\\"noopener noreferrer\\"><div>http://www.terra.com.br (BR)</div></a></div><div class=\\"document-item-date\\" title=\\"Thursday, March 5, 1992 6:30 AM\\">Mar 05</div><div class=\\"document-item-page\\"></div></div><div class=\\"document-item-content\\"><a href=\\"http://discover.staging.launchmetrics.com/r/d/17Xw6MAhy0c=_ckkDAAAAAAAAAAAAAAAAAA==\\" target=\\"_blank\\" rel=\\"noopener noreferrer\\"><div class=\\"document-item-content-title\\">Document title</div></a><a href=\\"http://discover.staging.launchmetrics.com/r/d/17Xw6MAhy0c=_ckkDAAAAAAAAAAAAAAAAAA==\\" target=\\"_blank\\" rel=\\"noopener noreferrer\\"><div class=\\"document-item-content-source\\">Document content</div></a></div><div class=\\"document-item-image\\"><a href=\\"http://discover.staging.launchmetrics.com/r/d/17Xw6MAhy0c=_ckkDAAAAAAAAAAAAAAAAAA==\\" target=\\"_blank\\" rel=\\"noopener noreferrer\\" type=\\"main\\" class=\\"document-item-image-link active-image\\"><img src=\\"\\" alt=\\"\\"/></a></div></div></div></div></div></div>"`;

exports[`<ArticleInsertSelectDocument> historical docs has checkbox are by default unchecked 1`] = `"<div id=\\"articleInsertSelectDocument\\"><div id=\\"articleInsertSelectHistoricalDocuments\\"><div class=\\"description\\">insert_article.modal.historical_document_found</div><div id=\\"articleInsertSelectDocument-document-id-1\\" class=\\"document-results-item\\"><div class=\\"document-results-item-select\\"><div class=\\"md-selection-control-container document-results-item-select-checkbox\\"><input type=\\"checkbox\\" id=\\"documentSelect-document-id-1\\" class=\\"md-selection-control-input\\" name=\\"documentSelect\\" aria-hidden=\\"true\\"/><label for=\\"documentSelect-document-id-1\\" class=\\"md-selection-control-label md-pointer--hover md-text\\"><div role=\\"checkbox\\" aria-checked=\\"false\\" aria-label=\\"document-id-1\\" class=\\"md-fake-btn md-pointer--hover md-fake-btn--no-outline md-selection-control-toggle md-btn md-btn--icon md-text--secondary\\" tabindex=\\"0\\" aria-pressed=\\"false\\"><div class=\\"md-ink-container\\"></div><i class=\\"md-icon material-icons md-text--inherit\\">check_box_outline_blank</i></div></label></div></div><div class=\\"document-item\\"><div class=\\"document-item\\"><div class=\\"document-item-left-info\\"><div class=\\"document-item-provider-icon-box\\"><i class=\\"md-icon icon-news document-item-provider-icon News\\"></i></div><div class=\\"document-item-counters\\"><div class=\\"document-item-counter-value\\"><span title=\\"Reach/Subscribers: 61.4M visitors\\">61.4M</span><i class=\\"documen-item-counter-icon reach material-icons\\" title=\\"Reach/Subscribers: 61.4M visitors\\">wifi</i></div><div class=\\"document-item-counter-value\\"><span title=\\"Engagement/Views: 0 shares\\">0</span><i class=\\"documen-item-counter-icon icon-like\\" title=\\"Engagement/Views: 0 shares\\"></i></div></div></div><div class=\\"document-item-author-info\\"><div class=\\"document-item-author-icon\\"><a href=\\"http://www.terra.com.br\\" target=\\"_blank\\" rel=\\"noopener noreferrer\\"><img src=\\"https://faviewhaiy.s3.amazonaws.com/1/1233730921.ico\\" alt=\\"\\"/></a></div><div class=\\"document-item-author-name\\"><a href=\\"http://www.terra.com.br\\" target=\\"_blank\\" rel=\\"noopener noreferrer\\"><div>http://www.terra.com.br (BR)</div></a></div><div class=\\"document-item-date\\" title=\\"Thursday, March 5, 1992 6:30 AM\\">Mar 05</div><div class=\\"document-item-page\\"></div></div><div class=\\"document-item-content\\"><a href=\\"http://discover.staging.launchmetrics.com/r/d/17Xw6MAhy0c=_ckkDAAAAAAAAAAAAAAAAAA==\\" target=\\"_blank\\" rel=\\"noopener noreferrer\\"><div class=\\"document-item-content-title\\">Document title</div></a><a href=\\"http://discover.staging.launchmetrics.com/r/d/17Xw6MAhy0c=_ckkDAAAAAAAAAAAAAAAAAA==\\" target=\\"_blank\\" rel=\\"noopener noreferrer\\"><div class=\\"document-item-content-source\\">Document content</div></a></div><div class=\\"document-item-image\\"><a href=\\"http://discover.staging.launchmetrics.com/r/d/17Xw6MAhy0c=_ckkDAAAAAAAAAAAAAAAAAA==\\" target=\\"_blank\\" rel=\\"noopener noreferrer\\" type=\\"main\\" class=\\"document-item-image-link active-image\\"><img src=\\"\\" alt=\\"\\"/></a></div></div></div></div></div></div>"`;

exports[`<ArticleInsertSelectDocument> historical docs has checkbox checked if are selected 1`] = `"<div id=\\"articleInsertSelectDocument\\"><div id=\\"articleInsertSelectHistoricalDocuments\\"><div class=\\"description\\">insert_article.modal.historical_document_found</div><div id=\\"articleInsertSelectDocument-document-id-1\\" class=\\"document-results-item\\"><div class=\\"document-results-item-select\\"><div class=\\"md-selection-control-container document-results-item-select-checkbox\\"><input type=\\"checkbox\\" id=\\"documentSelect-document-id-1\\" checked=\\"\\" class=\\"md-selection-control-input\\" name=\\"documentSelect\\" aria-hidden=\\"true\\"/><label for=\\"documentSelect-document-id-1\\" class=\\"md-selection-control-label md-pointer--hover md-text\\"><div role=\\"checkbox\\" aria-checked=\\"true\\" aria-label=\\"document-id-1\\" class=\\"md-fake-btn md-pointer--hover md-fake-btn--no-outline md-selection-control-toggle md-btn md-btn--icon md-text--theme-secondary\\" tabindex=\\"0\\" aria-pressed=\\"false\\"><div class=\\"md-ink-container\\"></div><i class=\\"md-icon material-icons md-text--inherit\\">check_box</i></div></label></div></div><div class=\\"document-item\\"><div class=\\"document-item\\"><div class=\\"document-item-left-info\\"><div class=\\"document-item-provider-icon-box\\"><i class=\\"md-icon icon-news document-item-provider-icon News\\"></i></div><div class=\\"document-item-counters\\"><div class=\\"document-item-counter-value\\"><span title=\\"Reach/Subscribers: 61.4M visitors\\">61.4M</span><i class=\\"documen-item-counter-icon reach material-icons\\" title=\\"Reach/Subscribers: 61.4M visitors\\">wifi</i></div><div class=\\"document-item-counter-value\\"><span title=\\"Engagement/Views: 0 shares\\">0</span><i class=\\"documen-item-counter-icon icon-like\\" title=\\"Engagement/Views: 0 shares\\"></i></div></div></div><div class=\\"document-item-author-info\\"><div class=\\"document-item-author-icon\\"><a href=\\"http://www.terra.com.br\\" target=\\"_blank\\" rel=\\"noopener noreferrer\\"><img src=\\"https://faviewhaiy.s3.amazonaws.com/1/1233730921.ico\\" alt=\\"\\"/></a></div><div class=\\"document-item-author-name\\"><a href=\\"http://www.terra.com.br\\" target=\\"_blank\\" rel=\\"noopener noreferrer\\"><div>http://www.terra.com.br (BR)</div></a></div><div class=\\"document-item-date\\" title=\\"Thursday, March 5, 1992 6:30 AM\\">Mar 05</div><div class=\\"document-item-page\\"></div></div><div class=\\"document-item-content\\"><a href=\\"http://discover.staging.launchmetrics.com/r/d/17Xw6MAhy0c=_ckkDAAAAAAAAAAAAAAAAAA==\\" target=\\"_blank\\" rel=\\"noopener noreferrer\\"><div class=\\"document-item-content-title\\">Document title</div></a><a href=\\"http://discover.staging.launchmetrics.com/r/d/17Xw6MAhy0c=_ckkDAAAAAAAAAAAAAAAAAA==\\" target=\\"_blank\\" rel=\\"noopener noreferrer\\"><div class=\\"document-item-content-source\\">Document content</div></a></div><div class=\\"document-item-image\\"><a href=\\"http://discover.staging.launchmetrics.com/r/d/17Xw6MAhy0c=_ckkDAAAAAAAAAAAAAAAAAA==\\" target=\\"_blank\\" rel=\\"noopener noreferrer\\" type=\\"main\\" class=\\"document-item-image-link active-image\\"><img src=\\"\\" alt=\\"\\"/></a></div></div></div></div></div></div>"`;
