// Jest Snapshot v1, https://goo.gl/fbAQLP

exports[`<Toolbar /> Test Toolbar component snapshot with permissions 1`] = `"<div id=\\"appToolbar\\" class=\\"md-grid\\"><div class=\\"content md-grid\\"><div class=\\"logo md-cell--middle\\"><img src=\\"/logo_discover.png\\" alt=\\"\\"/><img src=\\"/icon_discover.png\\" class=\\"icon\\" alt=\\"\\"/></div><div class=\\"md-cell--right md-cell--middle\\"><div class=\\"toolbar-buttons md-grid\\"><div id=\\"tenantMenuButton\\" aria-haspopup=\\"true\\" aria-expanded=\\"false\\" class=\\"md-layover md-layover--simplified md-inline-block md-menu-container md-menu-container--menu-below\\"><button id=\\"tenantMenuButton-toggle\\" type=\\"button\\" class=\\"md-btn md-btn--flat md-btn--text md-pointer--hover md-text md-inline-block btn--no-background btn--green-ink\\"><div class=\\"md-ink-container\\"></div>rd.girona.test</button></div><div id=\\"userMenuButton\\" aria-haspopup=\\"true\\" aria-expanded=\\"false\\" class=\\"md-layover md-layover--simplified md-inline-block md-menu-container md-menu-container--menu-below\\"><button id=\\"userMenuButton-toggle\\" type=\\"button\\" class=\\"md-btn md-btn--flat md-btn--text md-pointer--hover md-text md-inline-block btn--no-background btn--green-ink\\"><div class=\\"md-ink-container\\"></div><i class=\\"md-icon material-icons\\">person</i><span>Sergi Massaneda</span></button></div></div></div></div></div>"`;

exports[`<Toolbar /> Test Toolbar component snapshot without permissions 1`] = `"<div id=\\"appToolbar\\" class=\\"md-grid\\"><div class=\\"content md-grid\\"><div class=\\"logo md-cell--middle\\"><img src=\\"/logo_discover.png\\" alt=\\"\\"/><img src=\\"/icon_discover.png\\" class=\\"icon\\" alt=\\"\\"/></div><div class=\\"md-cell--right md-cell--middle\\"><div class=\\"toolbar-buttons md-grid\\"><span>rd.girona.test</span><div id=\\"userMenuButton\\" aria-haspopup=\\"true\\" aria-expanded=\\"false\\" class=\\"md-layover md-layover--simplified md-inline-block md-menu-container md-menu-container--menu-below\\"><button id=\\"userMenuButton-toggle\\" type=\\"button\\" class=\\"md-btn md-btn--flat md-btn--text md-pointer--hover md-text md-inline-block btn--no-background btn--green-ink\\"><div class=\\"md-ink-container\\"></div><i class=\\"md-icon material-icons\\">person</i><span>Sergi Massaneda</span></button></div></div></div></div></div>"`;
