// Jest Snapshot v1, https://goo.gl/fbAQLP

exports[`<SearchFacetsFeedsGroup /> Test component snapshot with a feed filtered 1`] = `"<div class=\\"search-facets-group \\" id=\\"searchFacetsFeedsGroup-focus\\"><div class=\\"search-facets-group-header enabled\\"><i class=\\"md-icon material-icons\\">keyboard_arrow_down</i><span>filters.source.value</span><div class=\\"search-facets-group-remove-filters\\" title=\\"filters.reset.value\\"><i class=\\"md-icon material-icons\\">close</i></div></div><div class=\\"search-facets-group-items\\"><div class=\\"search-facets-group-item\\"><div class=\\"md-selection-control-container checkbox-green\\"><input type=\\"checkbox\\" id=\\"searchFacetsFeedsGroupItemCheckbox-focus-focus-id-1\\" class=\\"md-selection-control-input\\" name=\\"searchFacetsFeedsGroupItemCheckboxs-focus-focus-id-1[]\\" aria-hidden=\\"true\\"/><label for=\\"searchFacetsFeedsGroupItemCheckbox-focus-focus-id-1\\" class=\\"md-selection-control-label md-pointer--hover md-text\\"><div role=\\"checkbox\\" aria-checked=\\"false\\" aria-labelledby=\\"\\" class=\\"md-fake-btn md-pointer--hover md-fake-btn--no-outline md-selection-control-toggle md-btn md-btn--icon md-text--secondary\\" tabindex=\\"0\\" aria-pressed=\\"false\\"><div class=\\"md-ink-container\\"></div><i class=\\"md-icon material-icons md-text--inherit\\">indeterminate_check_box</i></div></label></div><div id=\\"searchFacetsFeedsGroupItemName-focus-focus-id-1\\" class=\\"search-facets-group-item-name\\">filters.source.focus: focus-name-1</div></div><div class=\\"search-facets-group-item feed-item\\"><div class=\\"md-selection-control-container checkbox-green\\"><input type=\\"checkbox\\" id=\\"searchFacetsFeedsGroupItemCheckbox-feed-feed-id-1\\" checked=\\"\\" class=\\"md-selection-control-input\\" name=\\"searchFacetsFeedsGroupItemCheckboxs-feed-feed-id-1[]\\" aria-hidden=\\"true\\"/><label for=\\"searchFacetsFeedsGroupItemCheckbox-feed-feed-id-1\\" class=\\"md-selection-control-label md-pointer--hover md-text\\"><div role=\\"checkbox\\" aria-checked=\\"true\\" aria-labelledby=\\"\\" class=\\"md-fake-btn md-pointer--hover md-fake-btn--no-outline md-selection-control-toggle md-btn md-btn--icon md-text--theme-secondary\\" tabindex=\\"0\\" aria-pressed=\\"false\\"><div class=\\"md-ink-container\\"></div><i class=\\"md-icon material-icons md-text--inherit\\">check_box</i></div></label></div><i class=\\"md-icon icon-news\\"></i><div id=\\"searchFacetsFeedsGroupItemName-feed-feed-id-1\\" class=\\"search-facets-group-item-name\\">feed-name-1</div></div><div class=\\"search-facets-group-item feed-item\\"><div class=\\"md-selection-control-container\\"><input type=\\"checkbox\\" id=\\"searchFacetsFeedsGroupItemCheckbox-feed-feed-id-2\\" class=\\"md-selection-control-input\\" name=\\"searchFacetsFeedsGroupItemCheckboxs-feed-feed-id-2[]\\" aria-hidden=\\"true\\"/><label for=\\"searchFacetsFeedsGroupItemCheckbox-feed-feed-id-2\\" class=\\"md-selection-control-label md-pointer--hover md-text\\"><div role=\\"checkbox\\" aria-checked=\\"false\\" aria-labelledby=\\"\\" class=\\"md-fake-btn md-pointer--hover md-fake-btn--no-outline md-selection-control-toggle md-btn md-btn--icon md-text--secondary\\" tabindex=\\"0\\" aria-pressed=\\"false\\"><div class=\\"md-ink-container\\"></div><i class=\\"md-icon material-icons md-text--inherit\\">check_box_outline_blank</i></div></label></div><i class=\\"md-icon icon-socialmedia\\"></i><div id=\\"searchFacetsFeedsGroupItemName-feed-feed-id-2\\" class=\\"search-facets-group-item-name\\">feed-name-2</div></div><div class=\\"search-facets-group-item feed-item\\"><div class=\\"md-selection-control-container\\"><input type=\\"checkbox\\" id=\\"searchFacetsFeedsGroupItemCheckbox-feed-feed-id-3\\" class=\\"md-selection-control-input\\" name=\\"searchFacetsFeedsGroupItemCheckboxs-feed-feed-id-3[]\\" aria-hidden=\\"true\\"/><label for=\\"searchFacetsFeedsGroupItemCheckbox-feed-feed-id-3\\" class=\\"md-selection-control-label md-pointer--hover md-text\\"><div role=\\"checkbox\\" aria-checked=\\"false\\" aria-labelledby=\\"\\" class=\\"md-fake-btn md-pointer--hover md-fake-btn--no-outline md-selection-control-toggle md-btn md-btn--icon md-text--secondary\\" tabindex=\\"0\\" aria-pressed=\\"false\\"><div class=\\"md-ink-container\\"></div><i class=\\"md-icon material-icons md-text--inherit\\">check_box_outline_blank</i></div></label></div><i class=\\"md-icon icon-print\\"></i><div id=\\"searchFacetsFeedsGroupItemName-feed-feed-id-3\\" class=\\"search-facets-group-item-name\\">feed-name-3</div></div></div></div>"`;

exports[`<SearchFacetsFeedsGroup /> Test component snapshot with focus filtered 1`] = `"<div class=\\"search-facets-group \\" id=\\"searchFacetsFeedsGroup-focus\\"><div class=\\"search-facets-group-header enabled\\"><i class=\\"md-icon material-icons\\">keyboard_arrow_down</i><span>filters.source.value</span><div class=\\"search-facets-group-remove-filters\\" title=\\"filters.reset.value\\"><i class=\\"md-icon material-icons\\">close</i></div></div><div class=\\"search-facets-group-items\\"><div class=\\"search-facets-group-item\\"><div class=\\"md-selection-control-container checkbox-green\\"><input type=\\"checkbox\\" id=\\"searchFacetsFeedsGroupItemCheckbox-focus-focus-id-1\\" checked=\\"\\" class=\\"md-selection-control-input\\" name=\\"searchFacetsFeedsGroupItemCheckboxs-focus-focus-id-1[]\\" aria-hidden=\\"true\\"/><label for=\\"searchFacetsFeedsGroupItemCheckbox-focus-focus-id-1\\" class=\\"md-selection-control-label md-pointer--hover md-text\\"><div role=\\"checkbox\\" aria-checked=\\"true\\" aria-labelledby=\\"\\" class=\\"md-fake-btn md-pointer--hover md-fake-btn--no-outline md-selection-control-toggle md-btn md-btn--icon md-text--theme-secondary\\" tabindex=\\"0\\" aria-pressed=\\"false\\"><div class=\\"md-ink-container\\"></div><i class=\\"md-icon material-icons md-text--inherit\\">check_box</i></div></label></div><div id=\\"searchFacetsFeedsGroupItemName-focus-focus-id-1\\" class=\\"search-facets-group-item-name\\">filters.source.focus: focus-name-1</div></div><div class=\\"search-facets-group-item feed-item\\"><div class=\\"md-selection-control-container checkbox-green\\"><input type=\\"checkbox\\" id=\\"searchFacetsFeedsGroupItemCheckbox-feed-feed-id-1\\" checked=\\"\\" class=\\"md-selection-control-input\\" name=\\"searchFacetsFeedsGroupItemCheckboxs-feed-feed-id-1[]\\" aria-hidden=\\"true\\"/><label for=\\"searchFacetsFeedsGroupItemCheckbox-feed-feed-id-1\\" class=\\"md-selection-control-label md-pointer--hover md-text\\"><div role=\\"checkbox\\" aria-checked=\\"true\\" aria-labelledby=\\"\\" class=\\"md-fake-btn md-pointer--hover md-fake-btn--no-outline md-selection-control-toggle md-btn md-btn--icon md-text--theme-secondary\\" tabindex=\\"0\\" aria-pressed=\\"false\\"><div class=\\"md-ink-container\\"></div><i class=\\"md-icon material-icons md-text--inherit\\">check_box</i></div></label></div><i class=\\"md-icon icon-news\\"></i><div id=\\"searchFacetsFeedsGroupItemName-feed-feed-id-1\\" class=\\"search-facets-group-item-name\\">feed-name-1</div></div><div class=\\"search-facets-group-item feed-item\\"><div class=\\"md-selection-control-container checkbox-green\\"><input type=\\"checkbox\\" id=\\"searchFacetsFeedsGroupItemCheckbox-feed-feed-id-2\\" checked=\\"\\" class=\\"md-selection-control-input\\" name=\\"searchFacetsFeedsGroupItemCheckboxs-feed-feed-id-2[]\\" aria-hidden=\\"true\\"/><label for=\\"searchFacetsFeedsGroupItemCheckbox-feed-feed-id-2\\" class=\\"md-selection-control-label md-pointer--hover md-text\\"><div role=\\"checkbox\\" aria-checked=\\"true\\" aria-labelledby=\\"\\" class=\\"md-fake-btn md-pointer--hover md-fake-btn--no-outline md-selection-control-toggle md-btn md-btn--icon md-text--theme-secondary\\" tabindex=\\"0\\" aria-pressed=\\"false\\"><div class=\\"md-ink-container\\"></div><i class=\\"md-icon material-icons md-text--inherit\\">check_box</i></div></label></div><i class=\\"md-icon icon-socialmedia\\"></i><div id=\\"searchFacetsFeedsGroupItemName-feed-feed-id-2\\" class=\\"search-facets-group-item-name\\">feed-name-2</div></div><div class=\\"search-facets-group-item feed-item\\"><div class=\\"md-selection-control-container checkbox-green\\"><input type=\\"checkbox\\" id=\\"searchFacetsFeedsGroupItemCheckbox-feed-feed-id-3\\" checked=\\"\\" class=\\"md-selection-control-input\\" name=\\"searchFacetsFeedsGroupItemCheckboxs-feed-feed-id-3[]\\" aria-hidden=\\"true\\"/><label for=\\"searchFacetsFeedsGroupItemCheckbox-feed-feed-id-3\\" class=\\"md-selection-control-label md-pointer--hover md-text\\"><div role=\\"checkbox\\" aria-checked=\\"true\\" aria-labelledby=\\"\\" class=\\"md-fake-btn md-pointer--hover md-fake-btn--no-outline md-selection-control-toggle md-btn md-btn--icon md-text--theme-secondary\\" tabindex=\\"0\\" aria-pressed=\\"false\\"><div class=\\"md-ink-container\\"></div><i class=\\"md-icon material-icons md-text--inherit\\">check_box</i></div></label></div><i class=\\"md-icon icon-print\\"></i><div id=\\"searchFacetsFeedsGroupItemName-feed-feed-id-3\\" class=\\"search-facets-group-item-name\\">feed-name-3</div></div></div></div>"`;

exports[`<SearchFacetsFeedsGroup /> Test component snapshot with focus list not loaded 1`] = `null`;

exports[`<SearchFacetsFeedsGroup /> Test component snapshot with group closed 1`] = `"<div class=\\"search-facets-group \\" id=\\"searchFacetsFeedsGroup-focus\\"><div class=\\"search-facets-group-header \\"><i class=\\"md-icon material-icons\\">keyboard_arrow_right</i><span>filters.source.value</span></div></div>"`;

exports[`<SearchFacetsFeedsGroup /> Test component snapshot with group disabled (no focus) 1`] = `"<div class=\\"search-facets-group disabled\\" id=\\"searchFacetsFeedsGroup-focus\\"><div class=\\"search-facets-group-header \\"><i class=\\"md-icon material-icons\\">keyboard_arrow_right</i><span>filters.source.value</span></div></div>"`;

exports[`<SearchFacetsFeedsGroup /> Test component snapshot with group opened and no filters enabled 1`] = `"<div class=\\"search-facets-group \\" id=\\"searchFacetsFeedsGroup-focus\\"><div class=\\"search-facets-group-header \\"><i class=\\"md-icon material-icons\\">keyboard_arrow_down</i><span>filters.source.value</span></div><div class=\\"search-facets-group-items\\"><div class=\\"search-facets-group-item\\"><div class=\\"md-selection-control-container\\"><input type=\\"checkbox\\" id=\\"searchFacetsFeedsGroupItemCheckbox-focus-focus-id-1\\" class=\\"md-selection-control-input\\" name=\\"searchFacetsFeedsGroupItemCheckboxs-focus-focus-id-1[]\\" aria-hidden=\\"true\\"/><label for=\\"searchFacetsFeedsGroupItemCheckbox-focus-focus-id-1\\" class=\\"md-selection-control-label md-pointer--hover md-text\\"><div role=\\"checkbox\\" aria-checked=\\"false\\" aria-labelledby=\\"\\" class=\\"md-fake-btn md-pointer--hover md-fake-btn--no-outline md-selection-control-toggle md-btn md-btn--icon md-text--secondary\\" tabindex=\\"0\\" aria-pressed=\\"false\\"><div class=\\"md-ink-container\\"></div><i class=\\"md-icon material-icons md-text--inherit\\">check_box_outline_blank</i></div></label></div><div id=\\"searchFacetsFeedsGroupItemName-focus-focus-id-1\\" class=\\"search-facets-group-item-name\\">filters.source.focus: focus-name-1</div></div><div class=\\"search-facets-group-item feed-item\\"><div class=\\"md-selection-control-container\\"><input type=\\"checkbox\\" id=\\"searchFacetsFeedsGroupItemCheckbox-feed-feed-id-1\\" class=\\"md-selection-control-input\\" name=\\"searchFacetsFeedsGroupItemCheckboxs-feed-feed-id-1[]\\" aria-hidden=\\"true\\"/><label for=\\"searchFacetsFeedsGroupItemCheckbox-feed-feed-id-1\\" class=\\"md-selection-control-label md-pointer--hover md-text\\"><div role=\\"checkbox\\" aria-checked=\\"false\\" aria-labelledby=\\"\\" class=\\"md-fake-btn md-pointer--hover md-fake-btn--no-outline md-selection-control-toggle md-btn md-btn--icon md-text--secondary\\" tabindex=\\"0\\" aria-pressed=\\"false\\"><div class=\\"md-ink-container\\"></div><i class=\\"md-icon material-icons md-text--inherit\\">check_box_outline_blank</i></div></label></div><i class=\\"md-icon icon-news\\"></i><div id=\\"searchFacetsFeedsGroupItemName-feed-feed-id-1\\" class=\\"search-facets-group-item-name\\">feed-name-1</div></div><div class=\\"search-facets-group-item feed-item\\"><div class=\\"md-selection-control-container\\"><input type=\\"checkbox\\" id=\\"searchFacetsFeedsGroupItemCheckbox-feed-feed-id-2\\" class=\\"md-selection-control-input\\" name=\\"searchFacetsFeedsGroupItemCheckboxs-feed-feed-id-2[]\\" aria-hidden=\\"true\\"/><label for=\\"searchFacetsFeedsGroupItemCheckbox-feed-feed-id-2\\" class=\\"md-selection-control-label md-pointer--hover md-text\\"><div role=\\"checkbox\\" aria-checked=\\"false\\" aria-labelledby=\\"\\" class=\\"md-fake-btn md-pointer--hover md-fake-btn--no-outline md-selection-control-toggle md-btn md-btn--icon md-text--secondary\\" tabindex=\\"0\\" aria-pressed=\\"false\\"><div class=\\"md-ink-container\\"></div><i class=\\"md-icon material-icons md-text--inherit\\">check_box_outline_blank</i></div></label></div><i class=\\"md-icon icon-socialmedia\\"></i><div id=\\"searchFacetsFeedsGroupItemName-feed-feed-id-2\\" class=\\"search-facets-group-item-name\\">feed-name-2</div></div><div class=\\"search-facets-group-item feed-item\\"><div class=\\"md-selection-control-container\\"><input type=\\"checkbox\\" id=\\"searchFacetsFeedsGroupItemCheckbox-feed-feed-id-3\\" class=\\"md-selection-control-input\\" name=\\"searchFacetsFeedsGroupItemCheckboxs-feed-feed-id-3[]\\" aria-hidden=\\"true\\"/><label for=\\"searchFacetsFeedsGroupItemCheckbox-feed-feed-id-3\\" class=\\"md-selection-control-label md-pointer--hover md-text\\"><div role=\\"checkbox\\" aria-checked=\\"false\\" aria-labelledby=\\"\\" class=\\"md-fake-btn md-pointer--hover md-fake-btn--no-outline md-selection-control-toggle md-btn md-btn--icon md-text--secondary\\" tabindex=\\"0\\" aria-pressed=\\"false\\"><div class=\\"md-ink-container\\"></div><i class=\\"md-icon material-icons md-text--inherit\\">check_box_outline_blank</i></div></label></div><i class=\\"md-icon icon-print\\"></i><div id=\\"searchFacetsFeedsGroupItemName-feed-feed-id-3\\" class=\\"search-facets-group-item-name\\">feed-name-3</div></div></div></div>"`;
