// Jest Snapshot v1, https://goo.gl/fbAQLP

exports[`Search Form Test component snapshot > 5000 results 1`] = `"<div id=\\"paginator\\"><button type=\\"button\\" disabled=\\"\\" class=\\"md-btn md-btn--flat md-btn--text md-text--disabled md-inline-block selected\\">1</button><button type=\\"button\\" class=\\"md-btn md-btn--flat md-btn--text md-pointer--hover md-text md-inline-block\\"><div class=\\"md-ink-container\\"></div>2</button><button type=\\"button\\" class=\\"md-btn md-btn--flat md-btn--text md-pointer--hover md-text md-inline-block\\"><div class=\\"md-ink-container\\"></div>3</button><button type=\\"button\\" class=\\"md-btn md-btn--flat md-btn--text md-pointer--hover md-text md-inline-block\\"><div class=\\"md-ink-container\\"></div>4</button><button type=\\"button\\" disabled=\\"\\" class=\\"md-btn md-btn--flat md-btn--text md-text--disabled md-inline-block\\">...</button><button type=\\"button\\" class=\\"md-btn md-btn--flat md-btn--text md-pointer--hover md-text md-inline-block\\"><div class=\\"md-ink-container\\"></div>250</button><button title=\\"resuts.pagination.next_page\\" type=\\"button\\" class=\\"md-btn md-btn--flat md-btn--text md-pointer--hover md-text md-inline-block\\"><div class=\\"md-ink-container\\"></div> &gt;&gt; </button></div>"`;

exports[`Search Form Test component snapshot 5000 results 1`] = `"<div id=\\"paginator\\"><button type=\\"button\\" disabled=\\"\\" class=\\"md-btn md-btn--flat md-btn--text md-text--disabled md-inline-block selected\\">1</button><button type=\\"button\\" class=\\"md-btn md-btn--flat md-btn--text md-pointer--hover md-text md-inline-block\\"><div class=\\"md-ink-container\\"></div>2</button><button type=\\"button\\" class=\\"md-btn md-btn--flat md-btn--text md-pointer--hover md-text md-inline-block\\"><div class=\\"md-ink-container\\"></div>3</button><button type=\\"button\\" class=\\"md-btn md-btn--flat md-btn--text md-pointer--hover md-text md-inline-block\\"><div class=\\"md-ink-container\\"></div>4</button><button type=\\"button\\" disabled=\\"\\" class=\\"md-btn md-btn--flat md-btn--text md-text--disabled md-inline-block\\">...</button><button type=\\"button\\" class=\\"md-btn md-btn--flat md-btn--text md-pointer--hover md-text md-inline-block\\"><div class=\\"md-ink-container\\"></div>250</button><button title=\\"resuts.pagination.next_page\\" type=\\"button\\" class=\\"md-btn md-btn--flat md-btn--text md-pointer--hover md-text md-inline-block\\"><div class=\\"md-ink-container\\"></div> &gt;&gt; </button></div>"`;

exports[`Search Form Test component snapshot loading results 1`] = `null`;

exports[`Search Form Test component snapshot loading results without results 1`] = `null`;
