// Jest Snapshot v1, https://goo.gl/fbAQLP

exports[`UserSettings Test UserSettings component snapshot 1`] = `"<div id=\\"settingsUser\\"><div class=\\"header md-grid\\"><i class=\\"md-icon material-icons\\">person</i><span>account.value</span><button id=\\"userSettingsCloseButton\\" type=\\"button\\" class=\\"md-btn md-btn--icon md-pointer--hover md-text--theme-primary md-ink--primary md-inline-block close-btn btn--no-background\\"><div class=\\"md-ink-container\\"></div><i class=\\"md-icon material-icons md-text--inherit\\">clear</i></button></div><div class=\\"settings-section\\"><div class=\\"section-title\\">account.settings</div><div class=\\"section-content md-grid md-grid--stacked\\"><div id=\\"settingsUserLanguageSelect-menu\\" aria-haspopup=\\"true\\" aria-expanded=\\"false\\" class=\\"md-layover md-layover--simplified md-inline-block md-menu-container md-menu--select-field md-cell select\\"><div class=\\"md-select-field__toggle\\"><label for=\\"settingsUserLanguageSelect\\" class=\\"md-floating-label md-floating-label--floating md-text--secondary\\">account.language.value</label><div id=\\"settingsUserLanguageSelect-toggle\\" role=\\"listbox\\" tabindex=\\"0\\" aria-pressed=\\"false\\" class=\\"md-paper md-paper--0 md-fake-btn md-pointer--hover md-fake-btn--no-outline md-select-field md-text\\"><div class=\\"md-icon-separator md-text-field md-text-field--floating-margin md-select-field--text-field\\"><span class=\\"md-icon-text\\">account.language.en</span><i class=\\"md-icon material-icons\\">arrow_drop_down</i></div><hr class=\\"md-divider md-divider--text-field md-divider--expand-from-left md-divider--select-field\\"><input type=\\"hidden\\" id=\\"settingsUserLanguageSelect\\" value=\\"en\\"></div></div></div><div id=\\"settingsUserLocaleSelect-menu\\" aria-haspopup=\\"true\\" aria-expanded=\\"false\\" class=\\"md-layover md-layover--simplified md-inline-block md-menu-container md-menu--select-field md-cell select\\"><div class=\\"md-select-field__toggle\\"><label for=\\"settingsUserLocaleSelect\\" class=\\"md-floating-label md-floating-label--floating md-text--secondary\\">account.locale.value</label><div id=\\"settingsUserLocaleSelect-toggle\\" role=\\"listbox\\" tabindex=\\"0\\" aria-pressed=\\"false\\" class=\\"md-paper md-paper--0 md-fake-btn md-pointer--hover md-fake-btn--no-outline md-select-field md-text\\"><div class=\\"md-icon-separator md-text-field md-text-field--floating-margin md-select-field--text-field\\"><span class=\\"md-icon-text\\">account.locale.en-GB</span><i class=\\"md-icon material-icons\\">arrow_drop_down</i></div><hr class=\\"md-divider md-divider--text-field md-divider--expand-from-left md-divider--select-field\\"><input type=\\"hidden\\" id=\\"settingsUserLocaleSelect\\" value=\\"en-GB\\"></div></div></div><div id=\\"settingsUserTimezoneSelect-menu\\" aria-haspopup=\\"true\\" aria-expanded=\\"false\\" class=\\"md-layover md-layover--simplified md-inline-block md-menu-container md-menu--select-field md-cell select\\"><div class=\\"md-select-field__toggle\\"><label for=\\"settingsUserTimezoneSelect\\" class=\\"md-floating-label md-floating-label--inactive md-floating-label--inactive-sized md-text--secondary\\">account.timezone</label><div id=\\"settingsUserTimezoneSelect-toggle\\" role=\\"listbox\\" tabindex=\\"0\\" aria-pressed=\\"false\\" class=\\"md-paper md-paper--0 md-fake-btn md-pointer--hover md-fake-btn--no-outline md-select-field\\"><div class=\\"md-icon-separator md-text-field md-text-field--floating-margin md-select-field--text-field\\"><span class=\\"md-icon-text\\"></span><i class=\\"md-icon material-icons\\">arrow_drop_down</i></div><hr class=\\"md-divider md-divider--text-field md-divider--expand-from-left md-divider--select-field\\"><input type=\\"hidden\\" id=\\"settingsUserTimezoneSelect\\" value=\\"UTC\\"></div></div></div><div class=\\"buttons-container md-grid\\"><button id=\\"settingsUserCancelButton\\" type=\\"button\\" class=\\"md-btn md-btn--flat md-btn--text md-pointer--hover md-text md-inline-block btn--no-background btn--red-ink\\"><div class=\\"md-ink-container\\"></div>filters.period.custom.dialog.cancel</button><button id=\\"settingsUserSaveButton\\" type=\\"button\\" class=\\"md-btn md-btn--raised md-btn--text md-pointer--hover md-text md-inline-block btn--green-ink\\"><div class=\\"md-ink-container\\"></div><div class=\\"md-icon-separator\\"><i class=\\"md-icon material-icons md-text--inherit\\">save</i><span class=\\"md-icon-text\\">filters.period.custom.dialog.ok</span></div></button></div></div></div><div class=\\"settings-section\\"><div class=\\"section-title\\">account.facebook_accounts.title</div><div class=\\"section-content md-grid md-grid--stacked\\"><div><div class=\\"facebook-account md-grid\\"><img src=\\"http://fakeurl.com\\" alt=\\"\\"><div class=\\"name\\">facebook name</div><button type=\\"button\\" class=\\"md-btn md-btn--flat md-btn--text md-pointer--hover md-text md-inline-block\\"><div class=\\"md-ink-container\\"></div>account.instagram_accounts.unlink</button></div><div><div class=\\"connected-instagrams-text\\">account.instagram_accounts.title</div><div class=\\"instagram-account md-grid\\"><img src=\\"http://fakeurl.com\\" alt=\\"\\"><div class=\\"name\\">Instagram name - insta-user</div><button type=\\"button\\" class=\\"md-btn md-btn--flat md-btn--text md-pointer--hover md-text md-inline-block\\"><div class=\\"md-ink-container\\"></div> account.instagram_accounts.unlink</button></div></div></div><div class=\\"add-facebook-account\\"><a href=\\"https://localhost:5000/facebook/connect?fromUrl=http%3A%2F%2Flocalhost%2F\\"><button id=\\"settingsUserAddFacebookButton\\" type=\\"button\\" class=\\"md-btn md-btn--icon md-pointer--hover md-inline-block\\"><div class=\\"md-ink-container\\"></div><i class=\\"md-icon material-icons md-text--inherit\\">add</i></button></a></div></div></div></div>"`;

exports[`UserSettings Test UserSettings component without facebookAccounts 1`] = `"<div id=\\"settingsUser\\"><div class=\\"header md-grid\\"><i class=\\"md-icon material-icons\\">person</i><span>account.value</span><button id=\\"userSettingsCloseButton\\" type=\\"button\\" class=\\"md-btn md-btn--icon md-pointer--hover md-text--theme-primary md-ink--primary md-inline-block close-btn btn--no-background\\"><div class=\\"md-ink-container\\"></div><i class=\\"md-icon material-icons md-text--inherit\\">clear</i></button></div><svg id=\\"settingsUserProgress\\" role=\\"progressbar\\" aria-valuemin=\\"0\\" aria-valuemax=\\"100\\" class=\\"md-progress md-progress--circular md-block-centered md-progress--circular-indeterminate\\" width=\\"24\\" height=\\"24\\" viewBox=\\"0 0 66 66\\"><circle class=\\"md-circular-progress-path md-circular-progress-path--animated\\" stroke-width=\\"6\\" stroke-linecap=\\"round\\" cx=\\"33\\" cy=\\"33\\" r=\\"30\\"></circle></svg></div>"`;

exports[`UserSettings Test UserSettings component without timezones 1`] = `"<div id=\\"settingsUser\\"><div class=\\"header md-grid\\"><i class=\\"md-icon material-icons\\">person</i><span>account.value</span><button id=\\"userSettingsCloseButton\\" type=\\"button\\" class=\\"md-btn md-btn--icon md-pointer--hover md-text--theme-primary md-ink--primary md-inline-block close-btn btn--no-background\\"><div class=\\"md-ink-container\\"></div><i class=\\"md-icon material-icons md-text--inherit\\">clear</i></button></div><div class=\\"settings-section\\"><div class=\\"section-title\\">account.settings</div><div class=\\"section-content md-grid md-grid--stacked\\"><div id=\\"settingsUserLanguageSelect-menu\\" aria-haspopup=\\"true\\" aria-expanded=\\"false\\" class=\\"md-layover md-layover--simplified md-inline-block md-menu-container md-menu--select-field md-cell select\\"><div class=\\"md-select-field__toggle\\"><label for=\\"settingsUserLanguageSelect\\" class=\\"md-floating-label md-floating-label--floating md-text--secondary\\">account.language.value</label><div id=\\"settingsUserLanguageSelect-toggle\\" role=\\"listbox\\" tabindex=\\"0\\" aria-pressed=\\"false\\" class=\\"md-paper md-paper--0 md-fake-btn md-pointer--hover md-fake-btn--no-outline md-select-field md-text\\"><div class=\\"md-icon-separator md-text-field md-text-field--floating-margin md-select-field--text-field\\"><span class=\\"md-icon-text\\">account.language.en</span><i class=\\"md-icon material-icons\\">arrow_drop_down</i></div><hr class=\\"md-divider md-divider--text-field md-divider--expand-from-left md-divider--select-field\\"><input type=\\"hidden\\" id=\\"settingsUserLanguageSelect\\" value=\\"en\\"></div></div></div><div id=\\"settingsUserLocaleSelect-menu\\" aria-haspopup=\\"true\\" aria-expanded=\\"false\\" class=\\"md-layover md-layover--simplified md-inline-block md-menu-container md-menu--select-field md-cell select\\"><div class=\\"md-select-field__toggle\\"><label for=\\"settingsUserLocaleSelect\\" class=\\"md-floating-label md-floating-label--floating md-text--secondary\\">account.locale.value</label><div id=\\"settingsUserLocaleSelect-toggle\\" role=\\"listbox\\" tabindex=\\"0\\" aria-pressed=\\"false\\" class=\\"md-paper md-paper--0 md-fake-btn md-pointer--hover md-fake-btn--no-outline md-select-field md-text\\"><div class=\\"md-icon-separator md-text-field md-text-field--floating-margin md-select-field--text-field\\"><span class=\\"md-icon-text\\">account.locale.en-GB</span><i class=\\"md-icon material-icons\\">arrow_drop_down</i></div><hr class=\\"md-divider md-divider--text-field md-divider--expand-from-left md-divider--select-field\\"><input type=\\"hidden\\" id=\\"settingsUserLocaleSelect\\" value=\\"en-GB\\"></div></div></div><div id=\\"settingsUserTimezoneSelect-menu\\" aria-haspopup=\\"true\\" aria-expanded=\\"false\\" class=\\"md-layover md-layover--simplified md-inline-block md-menu-container md-menu--select-field md-cell select\\"><div class=\\"md-select-field__toggle\\"><label for=\\"settingsUserTimezoneSelect\\" class=\\"md-floating-label md-floating-label--inactive md-floating-label--inactive-sized md-text--secondary\\">account.timezone</label><div id=\\"settingsUserTimezoneSelect-toggle\\" role=\\"listbox\\" tabindex=\\"0\\" aria-pressed=\\"false\\" class=\\"md-paper md-paper--0 md-fake-btn md-pointer--hover md-fake-btn--no-outline md-select-field\\"><div class=\\"md-icon-separator md-text-field md-text-field--floating-margin md-select-field--text-field\\"><span class=\\"md-icon-text\\"></span><i class=\\"md-icon material-icons\\">arrow_drop_down</i></div><hr class=\\"md-divider md-divider--text-field md-divider--expand-from-left md-divider--select-field\\"><input type=\\"hidden\\" id=\\"settingsUserTimezoneSelect\\" value=\\"UTC\\"></div></div></div><div class=\\"buttons-container md-grid\\"><button id=\\"settingsUserCancelButton\\" type=\\"button\\" class=\\"md-btn md-btn--flat md-btn--text md-pointer--hover md-text md-inline-block btn--no-background btn--red-ink\\"><div class=\\"md-ink-container\\"></div>filters.period.custom.dialog.cancel</button><button id=\\"settingsUserSaveButton\\" type=\\"button\\" class=\\"md-btn md-btn--raised md-btn--text md-pointer--hover md-text md-inline-block btn--green-ink\\"><div class=\\"md-ink-container\\"></div><div class=\\"md-icon-separator\\"><i class=\\"md-icon material-icons md-text--inherit\\">save</i><span class=\\"md-icon-text\\">filters.period.custom.dialog.ok</span></div></button></div></div></div><div class=\\"settings-section\\"><div class=\\"section-title\\">account.facebook_accounts.title</div><div class=\\"section-content md-grid md-grid--stacked\\"><div><div class=\\"facebook-account md-grid\\"><img src=\\"http://fakeurl.com\\" alt=\\"\\"><div class=\\"name\\">facebook name</div><button type=\\"button\\" class=\\"md-btn md-btn--flat md-btn--text md-pointer--hover md-text md-inline-block\\"><div class=\\"md-ink-container\\"></div>account.instagram_accounts.unlink</button></div><div><div class=\\"connected-instagrams-text\\">account.instagram_accounts.title</div><div class=\\"instagram-account md-grid\\"><img src=\\"http://fakeurl.com\\" alt=\\"\\"><div class=\\"name\\">Instagram name - insta-user</div><button type=\\"button\\" class=\\"md-btn md-btn--flat md-btn--text md-pointer--hover md-text md-inline-block\\"><div class=\\"md-ink-container\\"></div> account.instagram_accounts.unlink</button></div></div></div><div class=\\"add-facebook-account\\"><a href=\\"https://localhost:5000/facebook/connect?fromUrl=http%3A%2F%2Flocalhost%2F\\"><button id=\\"settingsUserAddFacebookButton\\" type=\\"button\\" class=\\"md-btn md-btn--icon md-pointer--hover md-inline-block\\"><div class=\\"md-ink-container\\"></div><i class=\\"md-icon material-icons md-text--inherit\\">add</i></button></a></div></div></div></div>"`;

exports[`UserSettings Test deauthorize instagram dialog opened but cancelled 1`] = `"<div id=\\"settingsUser\\"><div class=\\"header md-grid\\"><i class=\\"md-icon material-icons\\">person</i><span>account.value</span><button id=\\"userSettingsCloseButton\\" type=\\"button\\" class=\\"md-btn md-btn--icon md-pointer--hover md-text--theme-primary md-ink--primary md-inline-block close-btn btn--no-background\\"><div class=\\"md-ink-container\\"></div><i class=\\"md-icon material-icons md-text--inherit\\">clear</i></button></div><div class=\\"settings-section\\"><div class=\\"section-title\\">account.settings</div><div class=\\"section-content md-grid md-grid--stacked\\"><div id=\\"settingsUserLanguageSelect-menu\\" aria-haspopup=\\"true\\" aria-expanded=\\"false\\" class=\\"md-layover md-layover--simplified md-inline-block md-menu-container md-menu--select-field md-cell select\\"><div class=\\"md-select-field__toggle\\"><label for=\\"settingsUserLanguageSelect\\" class=\\"md-floating-label md-floating-label--floating md-text--secondary\\">account.language.value</label><div id=\\"settingsUserLanguageSelect-toggle\\" role=\\"listbox\\" tabindex=\\"0\\" aria-pressed=\\"false\\" class=\\"md-paper md-paper--0 md-fake-btn md-pointer--hover md-fake-btn--no-outline md-select-field md-text\\"><div class=\\"md-icon-separator md-text-field md-text-field--floating-margin md-select-field--text-field\\"><span class=\\"md-icon-text\\">account.language.en</span><i class=\\"md-icon material-icons\\">arrow_drop_down</i></div><hr class=\\"md-divider md-divider--text-field md-divider--expand-from-left md-divider--select-field\\"><input type=\\"hidden\\" id=\\"settingsUserLanguageSelect\\" value=\\"en\\"></div></div></div><div id=\\"settingsUserLocaleSelect-menu\\" aria-haspopup=\\"true\\" aria-expanded=\\"false\\" class=\\"md-layover md-layover--simplified md-inline-block md-menu-container md-menu--select-field md-cell select\\"><div class=\\"md-select-field__toggle\\"><label for=\\"settingsUserLocaleSelect\\" class=\\"md-floating-label md-floating-label--floating md-text--secondary\\">account.locale.value</label><div id=\\"settingsUserLocaleSelect-toggle\\" role=\\"listbox\\" tabindex=\\"0\\" aria-pressed=\\"false\\" class=\\"md-paper md-paper--0 md-fake-btn md-pointer--hover md-fake-btn--no-outline md-select-field md-text\\"><div class=\\"md-icon-separator md-text-field md-text-field--floating-margin md-select-field--text-field\\"><span class=\\"md-icon-text\\">account.locale.en-GB</span><i class=\\"md-icon material-icons\\">arrow_drop_down</i></div><hr class=\\"md-divider md-divider--text-field md-divider--expand-from-left md-divider--select-field\\"><input type=\\"hidden\\" id=\\"settingsUserLocaleSelect\\" value=\\"en-GB\\"></div></div></div><div id=\\"settingsUserTimezoneSelect-menu\\" aria-haspopup=\\"true\\" aria-expanded=\\"false\\" class=\\"md-layover md-layover--simplified md-inline-block md-menu-container md-menu--select-field md-cell select\\"><div class=\\"md-select-field__toggle\\"><label for=\\"settingsUserTimezoneSelect\\" class=\\"md-floating-label md-floating-label--inactive md-floating-label--inactive-sized md-text--secondary\\">account.timezone</label><div id=\\"settingsUserTimezoneSelect-toggle\\" role=\\"listbox\\" tabindex=\\"0\\" aria-pressed=\\"false\\" class=\\"md-paper md-paper--0 md-fake-btn md-pointer--hover md-fake-btn--no-outline md-select-field\\"><div class=\\"md-icon-separator md-text-field md-text-field--floating-margin md-select-field--text-field\\"><span class=\\"md-icon-text\\"></span><i class=\\"md-icon material-icons\\">arrow_drop_down</i></div><hr class=\\"md-divider md-divider--text-field md-divider--expand-from-left md-divider--select-field\\"><input type=\\"hidden\\" id=\\"settingsUserTimezoneSelect\\" value=\\"UTC\\"></div></div></div><div class=\\"buttons-container md-grid\\"><button id=\\"settingsUserCancelButton\\" type=\\"button\\" class=\\"md-btn md-btn--flat md-btn--text md-pointer--hover md-text md-inline-block btn--no-background btn--red-ink\\"><div class=\\"md-ink-container\\"></div>filters.period.custom.dialog.cancel</button><button id=\\"settingsUserSaveButton\\" type=\\"button\\" class=\\"md-btn md-btn--raised md-btn--text md-pointer--hover md-text md-inline-block btn--green-ink\\"><div class=\\"md-ink-container\\"></div><div class=\\"md-icon-separator\\"><i class=\\"md-icon material-icons md-text--inherit\\">save</i><span class=\\"md-icon-text\\">filters.period.custom.dialog.ok</span></div></button></div></div></div><div class=\\"settings-section\\"><div class=\\"section-title\\">account.facebook_accounts.title</div><div class=\\"section-content md-grid md-grid--stacked\\"><div><div class=\\"facebook-account md-grid\\"><img src=\\"http://fakeurl.com\\" alt=\\"\\"><div class=\\"name\\">facebook name</div><button type=\\"button\\" class=\\"md-btn md-btn--flat md-btn--text md-pointer--hover md-text md-inline-block\\"><div class=\\"md-ink-container\\"></div>account.instagram_accounts.unlink</button></div><div><div class=\\"connected-instagrams-text\\">account.instagram_accounts.title</div><div class=\\"instagram-account md-grid\\"><img src=\\"http://fakeurl.com\\" alt=\\"\\"><div class=\\"name\\">Instagram name - insta-user</div><button type=\\"button\\" class=\\"md-btn md-btn--flat md-btn--text md-pointer--hover md-text md-inline-block\\"><div class=\\"md-ink-container\\"></div> account.instagram_accounts.unlink</button></div></div></div><div class=\\"add-facebook-account\\"><a href=\\"https://localhost:5000/facebook/connect?fromUrl=http%3A%2F%2Flocalhost%2F\\"><button id=\\"settingsUserAddFacebookButton\\" type=\\"button\\" class=\\"md-btn md-btn--icon md-pointer--hover md-inline-block\\"><div class=\\"md-ink-container\\"></div><i class=\\"md-icon material-icons md-text--inherit\\">add</i></button></a></div></div></div></div>"`;
