// Jest Snapshot v1, https://goo.gl/fbAQLP

exports[`FocusFeedDuplicateFeedDialog Component snapshot 1`] = `"<div id=\\"focusFeedDuplicateFeed\\"><span class=\\"md-dialog-container md-overlay md-overlay--active md-pointer--hover launchmetrics-simple-dialog\\" tabindex=\\"-1\\"><div aria-labelledby=\\"launchmetrics-dialog\\" id=\\"focusFeedDuplicateFeedDialog\\" role=\\"dialog\\" class=\\"md-paper md-paper--5 md-dialog md-dialog--centered md-background--card\\"><section class=\\"md-dialog-content\\"><span aria-hidden=\\"true\\"></span><div class=\\"dialog-container\\"><div class=\\"dialog-header md-grid\\"><div class=\\"dialog-text\\">feed.form.duplicate.dialog.title</div></div><div class=\\"dialog-content\\"><div class=\\"md-text-field-container md-full-width md-text-field-container--input\\"><label for=\\"focusFeedDuplicateFeedDialogFeedName\\" class=\\"md-floating-label md-floating-label--floating md-text--secondary\\">feed.form.duplicate.feed_name.label</label><input type=\\"text\\" value=\\"feed.form.duplicate.feed_name.valuefeed-name\\" id=\\"focusFeedDuplicateFeedDialogFeedName\\" class=\\"md-text-field md-text-field--floating-margin md-full-width md-text\\"/><hr class=\\"md-divider md-divider--text-field md-divider--expand-from-left\\"/></div><div id=\\"focusFeedDuplicateFeedDialogFocusSelect-menu\\" aria-haspopup=\\"true\\" aria-expanded=\\"false\\" class=\\"md-layover md-layover--simplified md-full-width md-menu-container md-menu--select-field\\"><div class=\\"md-select-field__toggle\\"><label for=\\"focusFeedDuplicateFeedDialogFocusSelect\\" class=\\"md-floating-label md-floating-label--inactive md-floating-label--inactive-sized md-text--secondary\\">focus.value</label><div id=\\"focusFeedDuplicateFeedDialogFocusSelect-toggle\\" role=\\"listbox\\" tabindex=\\"0\\" aria-pressed=\\"false\\" class=\\"md-paper md-paper--0 md-fake-btn md-pointer--hover md-fake-btn--no-outline md-select-field\\"><div class=\\"md-icon-separator md-text-field md-text-field--floating-margin md-select-field--text-field\\"><span class=\\"md-icon-text\\"></span><i class=\\"md-icon material-icons\\">arrow_drop_down</i></div><hr class=\\"md-divider md-divider--text-field md-divider--expand-from-left md-divider--select-field\\"/><input type=\\"hidden\\" id=\\"focusFeedDuplicateFeedDialogFocusSelect\\" value=\\"focus-id\\"/></div></div></div></div><div class=\\"dialog-footer md-grid \\"><button id=\\"launchmetricsDialogCancelBtn\\" type=\\"button\\" class=\\"md-btn md-btn--flat md-btn--text md-pointer--hover md-text md-inline-block btn--grey btn--no-background\\"><div class=\\"md-ink-container\\"></div>form.cancel</button><button id=\\"launchmetricsDialogAcceptBtn\\" type=\\"button\\" class=\\"md-btn md-btn--flat md-btn--text md-pointer--hover md-text md-inline-block btn--green btn--no-background\\"><div class=\\"md-ink-container\\"></div>form.accept</button></div></div></section></div></span></div>"`;

exports[`FocusFeedDuplicateFeedDialog Component snapshot with duplicated feed id 1`] = `"<div id=\\"focusFeedDuplicateFeed\\"><span class=\\"md-dialog-container md-overlay md-overlay--active md-pointer--hover launchmetrics-simple-dialog\\" tabindex=\\"-1\\"><div aria-labelledby=\\"launchmetrics-dialog\\" id=\\"focusFeedDuplicateFeedDialog\\" role=\\"dialog\\" class=\\"md-paper md-paper--5 md-dialog md-dialog--centered md-background--card\\"><section class=\\"md-dialog-content\\"><span aria-hidden=\\"true\\"></span><div class=\\"dialog-container\\"><div class=\\"dialog-header md-grid\\"><div class=\\"dialog-text\\">feed.form.duplicate.dialog.title</div></div><div class=\\"dialog-content\\"><div>feed.form.duplicate.dupped_ok</div><div><a href=\\"/focus/focus-id/feed/dup-feed-id\\">feed.form.duplicate.go_to_new_feed</a></div></div><div class=\\"dialog-footer md-grid center-buttons\\"><button id=\\"launchmetricsDialogAcceptBtn\\" type=\\"button\\" class=\\"md-btn md-btn--flat md-btn--text md-pointer--hover md-text md-inline-block btn--green btn--no-background\\"><div class=\\"md-ink-container\\"></div>form.accept</button></div></div></section></div></span></div>"`;

exports[`FocusFeedDuplicateFeedDialog Component snapshot with focusList null 1`] = `null`;

exports[`FocusFeedDuplicateFeedDialog Component snapshot with loading duplicated feed 1`] = `"<div id=\\"focusFeedDuplicateFeed\\"><span class=\\"md-dialog-container md-overlay md-overlay--active md-pointer--hover launchmetrics-simple-dialog\\" tabindex=\\"-1\\"><div aria-labelledby=\\"launchmetrics-dialog\\" id=\\"focusFeedDuplicateFeedDialog\\" role=\\"dialog\\" class=\\"md-paper md-paper--5 md-dialog md-dialog--centered md-background--card\\"><section class=\\"md-dialog-content\\"><span aria-hidden=\\"true\\"></span><div class=\\"dialog-container\\"><div class=\\"dialog-header md-grid\\"><div class=\\"dialog-text\\">feed.form.duplicate.dialog.title</div></div><div class=\\"dialog-content\\"><svg id=\\"focusFeedDuplicateFeedDialogLoading\\" role=\\"progressbar\\" aria-valuemin=\\"0\\" aria-valuemax=\\"100\\" class=\\"md-progress md-progress--circular md-block-centered md-progress--circular-indeterminate\\" width=\\"30\\" height=\\"30\\" viewBox=\\"0 0 66 66\\"><circle class=\\"md-circular-progress-path md-circular-progress-path--animated\\" stroke-width=\\"6\\" stroke-linecap=\\"round\\" cx=\\"33\\" cy=\\"33\\" r=\\"30\\"></circle></svg></div><div class=\\"dialog-footer md-grid \\"><button id=\\"launchmetricsDialogCancelBtn\\" type=\\"button\\" class=\\"md-btn md-btn--flat md-btn--text md-pointer--hover md-text md-inline-block btn--grey btn--no-background\\"><div class=\\"md-ink-container\\"></div>form.cancel</button><button id=\\"launchmetricsDialogAcceptBtn\\" type=\\"button\\" class=\\"md-btn md-btn--flat md-btn--text md-pointer--hover md-text md-inline-block btn--green btn--no-background\\"><div class=\\"md-ink-container\\"></div>form.accept</button></div></div></section></div></span></div>"`;
