// Jest Snapshot v1, https://goo.gl/fbAQLP

exports[`FocusList Empty focus list snapshot 1`] = `"<div id=\\"focusList\\"><div class=\\"focus-list-toolbar\\"><div class=\\"focus-list-title\\">focus.insight_focus</div></div><div class=\\"focus-list-table\\"><table><thead><tr><th></th><th>focus.name</th><th>focus.allowed_users</th><th>focus.online_feeds</th><th>focus.social_feeds</th><th>focus.print_feeds</th></tr></thead><tbody></tbody></table></div></div>"`;

exports[`FocusList Focus list loading snapshot 1`] = `"<div id=\\"focusList\\"><div class=\\"focus-list-toolbar\\"><div class=\\"focus-list-title\\">focus.insight_focus</div></div><div class=\\"focus-list-table\\"><table><thead><tr><th></th><th>focus.name</th><th>focus.allowed_users</th><th>focus.online_feeds</th><th>focus.social_feeds</th><th>focus.print_feeds</th></tr></thead></table><svg id=\\"focusListLoading\\" role=\\"progressbar\\" aria-valuemin=\\"0\\" aria-valuemax=\\"100\\" class=\\"md-progress md-progress--circular md-block-centered md-progress--circular-indeterminate\\" width=\\"30\\" height=\\"30\\" viewBox=\\"0 0 66 66\\"><circle class=\\"md-circular-progress-path md-circular-progress-path--animated\\" stroke-width=\\"6\\" stroke-linecap=\\"round\\" cx=\\"33\\" cy=\\"33\\" r=\\"30\\"></circle></svg></div></div>"`;

exports[`FocusList Focus list snapshot 1`] = `"<div id=\\"focusList\\"><div class=\\"focus-list-toolbar\\"><div class=\\"focus-list-title\\">focus.insight_focus</div></div><div class=\\"focus-list-table\\"><table><thead><tr><th></th><th>focus.name</th><th>focus.allowed_users</th><th>focus.online_feeds</th><th>focus.social_feeds</th><th>focus.print_feeds</th></tr></thead><tbody><tr><td class=\\"focus-list-options\\" data-title=\\"\\"><div class=\\"min-height\\"><div id=\\"focusListMenufocus-id-1\\" aria-haspopup=\\"true\\" aria-expanded=\\"false\\" class=\\"md-layover md-layover--simplified md-inline-block md-menu-container\\"><button id=\\"focusListMenufocus-id-1-toggle\\" type=\\"button\\" class=\\"md-btn md-btn--icon md-pointer--hover md-inline-block btn--no-background btn--no-ink\\"><div class=\\"md-ink-container\\"></div><i class=\\"md-icon material-icons md-text--inherit\\">more_vert</i></button></div></div></td><td class=\\"focus-list-content bold\\" data-title=\\"focus.name:\\"><div class=\\"min-height\\"><a href=\\"https://localhost:5000/focus/focus-id-1\\"><span>focus-name-1</span></a></div></td><td class=\\"focus-list-content\\" data-title=\\"focus.allowed_users:\\"><div class=\\"focus-list-list\\"><div class=\\"min-height\\"><span>User Name</span></div><div class=\\"min-height\\"><span>Name 2 User 2</span></div></div></td><td class=\\"focus-list-content\\" data-title=\\"focus.online_feeds:\\"><div class=\\"focus-list-list\\"><div class=\\"min-height online-feed \\"><div id=\\"focusListMenuFeedfeed-id-1\\" aria-haspopup=\\"true\\" aria-expanded=\\"false\\" class=\\"md-layover md-layover--simplified md-inline-block md-menu-container\\"><button id=\\"focusListMenuFeedfeed-id-1-toggle\\" type=\\"button\\" class=\\"md-btn md-btn--flat md-btn--text md-pointer--hover md-text md-inline-block btn--no-background btn--no-ink\\"><div class=\\"md-ink-container\\"></div><i class=\\"md-icon material-icons\\">check</i><span>feed-name-1</span></button></div></div><div class=\\"min-height online-feed disabled\\"><div id=\\"focusListMenuFeedfeed-id-2\\" aria-haspopup=\\"true\\" aria-expanded=\\"false\\" class=\\"md-layover md-layover--simplified md-inline-block md-menu-container\\"><button id=\\"focusListMenuFeedfeed-id-2-toggle\\" type=\\"button\\" class=\\"md-btn md-btn--flat md-btn--text md-pointer--hover md-text md-inline-block btn--no-background btn--no-ink\\"><div class=\\"md-ink-container\\"></div><i class=\\"md-icon material-icons\\">check</i><span>feed-name-2</span></button></div></div></div></td><td class=\\"focus-list-content\\" data-title=\\"focus.social_feeds:\\"><div class=\\"focus-list-list\\"><div class=\\"min-height social-feed \\"><div id=\\"focusListMenuFeedfeed-id-3\\" aria-haspopup=\\"true\\" aria-expanded=\\"false\\" class=\\"md-layover md-layover--simplified md-inline-block md-menu-container\\"><button id=\\"focusListMenuFeedfeed-id-3-toggle\\" type=\\"button\\" class=\\"md-btn md-btn--flat md-btn--text md-pointer--hover md-text md-inline-block btn--no-background btn--no-ink\\"><div class=\\"md-ink-container\\"></div><i class=\\"md-icon material-icons\\">check</i><span>feed-name-3</span></button></div></div><div class=\\"min-height social-feed disabled\\"><div id=\\"focusListMenuFeedfeed-id-4\\" aria-haspopup=\\"true\\" aria-expanded=\\"false\\" class=\\"md-layover md-layover--simplified md-inline-block md-menu-container\\"><button id=\\"focusListMenuFeedfeed-id-4-toggle\\" type=\\"button\\" class=\\"md-btn md-btn--flat md-btn--text md-pointer--hover md-text md-inline-block btn--no-background btn--no-ink\\"><div class=\\"md-ink-container\\"></div><i class=\\"md-icon material-icons\\">check</i><span>feed-name-4</span></button></div></div></div></td><td class=\\"focus-list-content\\" data-title=\\"focus.print_feeds:\\"><div class=\\"focus-list-list\\"><div class=\\"min-height print-feed \\"><a href=\\"/article?feedFilters=feed-id-5\\"><i class=\\"md-icon material-icons\\">check</i><span>feed-name-5</span></a></div><div class=\\"min-height print-feed disabled\\"><div id=\\"focusListMenuFeedfeed-id-6\\" aria-haspopup=\\"true\\" aria-expanded=\\"false\\" class=\\"md-layover md-layover--simplified md-inline-block md-menu-container\\"><button id=\\"focusListMenuFeedfeed-id-6-toggle\\" type=\\"button\\" class=\\"md-btn md-btn--flat md-btn--text md-pointer--hover md-text md-inline-block btn--no-background btn--no-ink\\"><div class=\\"md-ink-container\\"></div><i class=\\"md-icon material-icons\\">check</i><span>feed-name-6</span></button></div></div></div></td></tr><tr><td class=\\"focus-list-options\\" data-title=\\"\\"><div class=\\"min-height\\"><div id=\\"focusListMenufocus-id-2\\" aria-haspopup=\\"true\\" aria-expanded=\\"false\\" class=\\"md-layover md-layover--simplified md-inline-block md-menu-container\\"><button id=\\"focusListMenufocus-id-2-toggle\\" type=\\"button\\" class=\\"md-btn md-btn--icon md-pointer--hover md-inline-block btn--no-background btn--no-ink\\"><div class=\\"md-ink-container\\"></div><i class=\\"md-icon material-icons md-text--inherit\\">more_vert</i></button></div></div></td><td class=\\"focus-list-content bold\\" data-title=\\"focus.name:\\"><div class=\\"min-height\\"><a href=\\"https://localhost:5000/focus/focus-id-2\\"><span>focus-name-2</span></a></div></td><td class=\\"focus-list-content\\" data-title=\\"focus.allowed_users:\\"><div class=\\"focus-list-list\\"><div class=\\"min-height\\"><span>User Name</span></div><div class=\\"min-height\\"><span>Name 2 User 2</span></div></div></td><td class=\\"focus-list-content\\" data-title=\\"focus.online_feeds:\\"><div class=\\"focus-list-list\\"><div class=\\"min-height only-phone\\">-</div></div></td><td class=\\"focus-list-content\\" data-title=\\"focus.social_feeds:\\"><div class=\\"focus-list-list\\"><div class=\\"min-height only-phone\\">-</div></div></td><td class=\\"focus-list-content\\" data-title=\\"focus.print_feeds:\\"><div class=\\"focus-list-list\\"><div class=\\"min-height only-phone\\">-</div></div></td></tr></tbody></table></div></div>"`;

exports[`FocusList Focus list user without print permissions snapshot 1`] = `"<div id=\\"focusList\\"><div class=\\"focus-list-toolbar\\"><div class=\\"focus-list-title\\">focus.insight_focus</div></div><div class=\\"focus-list-table\\"><table><thead><tr><th></th><th>focus.name</th><th>focus.online_feeds</th><th>focus.social_feeds</th><th>focus.print_feeds</th></tr></thead></table><svg id=\\"focusListLoading\\" role=\\"progressbar\\" aria-valuemin=\\"0\\" aria-valuemax=\\"100\\" class=\\"md-progress md-progress--circular md-block-centered md-progress--circular-indeterminate\\" width=\\"30\\" height=\\"30\\" viewBox=\\"0 0 66 66\\"><circle class=\\"md-circular-progress-path md-circular-progress-path--animated\\" stroke-width=\\"6\\" stroke-linecap=\\"round\\" cx=\\"33\\" cy=\\"33\\" r=\\"30\\"></circle></svg></div></div>"`;

exports[`FocusList Focus list without focus users 1`] = `"<div id=\\"focusList\\"><div class=\\"focus-list-toolbar\\"><div class=\\"focus-list-title\\">focus.insight_focus</div></div><div class=\\"focus-list-table\\"><table><thead><tr><th></th><th>focus.name</th><th>focus.allowed_users</th><th>focus.online_feeds</th><th>focus.social_feeds</th><th>focus.print_feeds</th></tr></thead><tbody><tr><td class=\\"focus-list-options\\" data-title=\\"\\"><div class=\\"min-height\\"><div id=\\"focusListMenufocus-id-1\\" aria-haspopup=\\"true\\" aria-expanded=\\"false\\" class=\\"md-layover md-layover--simplified md-inline-block md-menu-container\\"><button id=\\"focusListMenufocus-id-1-toggle\\" type=\\"button\\" class=\\"md-btn md-btn--icon md-pointer--hover md-inline-block btn--no-background btn--no-ink\\"><div class=\\"md-ink-container\\"></div><i class=\\"md-icon material-icons md-text--inherit\\">more_vert</i></button></div></div></td><td class=\\"focus-list-content bold\\" data-title=\\"focus.name:\\"><div class=\\"min-height\\"><a href=\\"https://localhost:5000/focus/focus-id-1\\"><span>focus-name-1</span></a></div></td><td class=\\"focus-list-content\\" data-title=\\"focus.allowed_users:\\"><div class=\\"focus-list-list\\"></div><div class=\\"min-height only-phone\\">-</div></td><td class=\\"focus-list-content\\" data-title=\\"focus.online_feeds:\\"><div class=\\"focus-list-list\\"><div class=\\"min-height online-feed \\"><div id=\\"focusListMenuFeedfeed-id-1\\" aria-haspopup=\\"true\\" aria-expanded=\\"false\\" class=\\"md-layover md-layover--simplified md-inline-block md-menu-container\\"><button id=\\"focusListMenuFeedfeed-id-1-toggle\\" type=\\"button\\" class=\\"md-btn md-btn--flat md-btn--text md-pointer--hover md-text md-inline-block btn--no-background btn--no-ink\\"><div class=\\"md-ink-container\\"></div><i class=\\"md-icon material-icons\\">check</i><span>feed-name-1</span></button></div></div><div class=\\"min-height online-feed disabled\\"><div id=\\"focusListMenuFeedfeed-id-2\\" aria-haspopup=\\"true\\" aria-expanded=\\"false\\" class=\\"md-layover md-layover--simplified md-inline-block md-menu-container\\"><button id=\\"focusListMenuFeedfeed-id-2-toggle\\" type=\\"button\\" class=\\"md-btn md-btn--flat md-btn--text md-pointer--hover md-text md-inline-block btn--no-background btn--no-ink\\"><div class=\\"md-ink-container\\"></div><i class=\\"md-icon material-icons\\">check</i><span>feed-name-2</span></button></div></div></div></td><td class=\\"focus-list-content\\" data-title=\\"focus.social_feeds:\\"><div class=\\"focus-list-list\\"><div class=\\"min-height social-feed \\"><div id=\\"focusListMenuFeedfeed-id-3\\" aria-haspopup=\\"true\\" aria-expanded=\\"false\\" class=\\"md-layover md-layover--simplified md-inline-block md-menu-container\\"><button id=\\"focusListMenuFeedfeed-id-3-toggle\\" type=\\"button\\" class=\\"md-btn md-btn--flat md-btn--text md-pointer--hover md-text md-inline-block btn--no-background btn--no-ink\\"><div class=\\"md-ink-container\\"></div><i class=\\"md-icon material-icons\\">check</i><span>feed-name-3</span></button></div></div><div class=\\"min-height social-feed disabled\\"><div id=\\"focusListMenuFeedfeed-id-4\\" aria-haspopup=\\"true\\" aria-expanded=\\"false\\" class=\\"md-layover md-layover--simplified md-inline-block md-menu-container\\"><button id=\\"focusListMenuFeedfeed-id-4-toggle\\" type=\\"button\\" class=\\"md-btn md-btn--flat md-btn--text md-pointer--hover md-text md-inline-block btn--no-background btn--no-ink\\"><div class=\\"md-ink-container\\"></div><i class=\\"md-icon material-icons\\">check</i><span>feed-name-4</span></button></div></div></div></td><td class=\\"focus-list-content\\" data-title=\\"focus.print_feeds:\\"><div class=\\"focus-list-list\\"><div class=\\"min-height print-feed \\"><a href=\\"/article?feedFilters=feed-id-5\\"><i class=\\"md-icon material-icons\\">check</i><span>feed-name-5</span></a></div><div class=\\"min-height print-feed disabled\\"><div id=\\"focusListMenuFeedfeed-id-6\\" aria-haspopup=\\"true\\" aria-expanded=\\"false\\" class=\\"md-layover md-layover--simplified md-inline-block md-menu-container\\"><button id=\\"focusListMenuFeedfeed-id-6-toggle\\" type=\\"button\\" class=\\"md-btn md-btn--flat md-btn--text md-pointer--hover md-text md-inline-block btn--no-background btn--no-ink\\"><div class=\\"md-ink-container\\"></div><i class=\\"md-icon material-icons\\">check</i><span>feed-name-6</span></button></div></div></div></td></tr><tr><td class=\\"focus-list-options\\" data-title=\\"\\"><div class=\\"min-height\\"><div id=\\"focusListMenufocus-id-2\\" aria-haspopup=\\"true\\" aria-expanded=\\"false\\" class=\\"md-layover md-layover--simplified md-inline-block md-menu-container\\"><button id=\\"focusListMenufocus-id-2-toggle\\" type=\\"button\\" class=\\"md-btn md-btn--icon md-pointer--hover md-inline-block btn--no-background btn--no-ink\\"><div class=\\"md-ink-container\\"></div><i class=\\"md-icon material-icons md-text--inherit\\">more_vert</i></button></div></div></td><td class=\\"focus-list-content bold\\" data-title=\\"focus.name:\\"><div class=\\"min-height\\"><a href=\\"https://localhost:5000/focus/focus-id-2\\"><span>focus-name-2</span></a></div></td><td class=\\"focus-list-content\\" data-title=\\"focus.allowed_users:\\"><div class=\\"focus-list-list\\"><div class=\\"min-height\\"><span>User Name</span></div><div class=\\"min-height\\"><span>Name 2 User 2</span></div></div></td><td class=\\"focus-list-content\\" data-title=\\"focus.online_feeds:\\"><div class=\\"focus-list-list\\"><div class=\\"min-height only-phone\\">-</div></div></td><td class=\\"focus-list-content\\" data-title=\\"focus.social_feeds:\\"><div class=\\"focus-list-list\\"><div class=\\"min-height only-phone\\">-</div></div></td><td class=\\"focus-list-content\\" data-title=\\"focus.print_feeds:\\"><div class=\\"focus-list-list\\"><div class=\\"min-height only-phone\\">-</div></div></td></tr></tbody></table></div></div>"`;

exports[`FocusList Focus list without manage users permisions 1`] = `"<div id=\\"focusList\\"><div class=\\"focus-list-toolbar\\"><div class=\\"focus-list-title\\">focus.insight_focus</div></div><div class=\\"focus-list-table\\"><table><thead><tr><th></th><th>focus.name</th><th>focus.online_feeds</th><th>focus.social_feeds</th><th>focus.print_feeds</th></tr></thead><tbody><tr><td class=\\"focus-list-options\\" data-title=\\"\\"><div class=\\"min-height\\"></div></td><td class=\\"focus-list-content bold\\" data-title=\\"focus.name:\\"><div class=\\"min-height\\"><a href=\\"https://localhost:5000/focus/focus-id-1\\"><span>focus-name-1</span></a></div></td><td class=\\"focus-list-content\\" data-title=\\"focus.online_feeds:\\"><div class=\\"focus-list-list\\"><div class=\\"min-height online-feed \\"><div id=\\"focusListMenuFeedfeed-id-1\\" aria-haspopup=\\"true\\" aria-expanded=\\"false\\" class=\\"md-layover md-layover--simplified md-inline-block md-menu-container\\"><button id=\\"focusListMenuFeedfeed-id-1-toggle\\" type=\\"button\\" class=\\"md-btn md-btn--flat md-btn--text md-pointer--hover md-text md-inline-block btn--no-background btn--no-ink\\"><div class=\\"md-ink-container\\"></div><i class=\\"md-icon material-icons\\">check</i><span>feed-name-1</span></button></div></div><div class=\\"min-height online-feed disabled\\"><div id=\\"focusListMenuFeedfeed-id-2\\" aria-haspopup=\\"true\\" aria-expanded=\\"false\\" class=\\"md-layover md-layover--simplified md-inline-block md-menu-container\\"><button id=\\"focusListMenuFeedfeed-id-2-toggle\\" type=\\"button\\" class=\\"md-btn md-btn--flat md-btn--text md-pointer--hover md-text md-inline-block btn--no-background btn--no-ink\\"><div class=\\"md-ink-container\\"></div><i class=\\"md-icon material-icons\\">check</i><span>feed-name-2</span></button></div></div></div></td><td class=\\"focus-list-content\\" data-title=\\"focus.social_feeds:\\"><div class=\\"focus-list-list\\"><div class=\\"min-height social-feed \\"><div id=\\"focusListMenuFeedfeed-id-3\\" aria-haspopup=\\"true\\" aria-expanded=\\"false\\" class=\\"md-layover md-layover--simplified md-inline-block md-menu-container\\"><button id=\\"focusListMenuFeedfeed-id-3-toggle\\" type=\\"button\\" class=\\"md-btn md-btn--flat md-btn--text md-pointer--hover md-text md-inline-block btn--no-background btn--no-ink\\"><div class=\\"md-ink-container\\"></div><i class=\\"md-icon material-icons\\">check</i><span>feed-name-3</span></button></div></div><div class=\\"min-height social-feed disabled\\"><div id=\\"focusListMenuFeedfeed-id-4\\" aria-haspopup=\\"true\\" aria-expanded=\\"false\\" class=\\"md-layover md-layover--simplified md-inline-block md-menu-container\\"><button id=\\"focusListMenuFeedfeed-id-4-toggle\\" type=\\"button\\" class=\\"md-btn md-btn--flat md-btn--text md-pointer--hover md-text md-inline-block btn--no-background btn--no-ink\\"><div class=\\"md-ink-container\\"></div><i class=\\"md-icon material-icons\\">check</i><span>feed-name-4</span></button></div></div></div></td><td class=\\"focus-list-content\\" data-title=\\"focus.print_feeds:\\"><div class=\\"focus-list-list\\"><div class=\\"min-height print-feed \\"><a href=\\"/article?feedFilters=feed-id-5\\"><i class=\\"md-icon material-icons\\">check</i><span>feed-name-5</span></a></div><div class=\\"min-height print-feed disabled\\"><div id=\\"focusListMenuFeedfeed-id-6\\" aria-haspopup=\\"true\\" aria-expanded=\\"false\\" class=\\"md-layover md-layover--simplified md-inline-block md-menu-container\\"><button id=\\"focusListMenuFeedfeed-id-6-toggle\\" type=\\"button\\" class=\\"md-btn md-btn--flat md-btn--text md-pointer--hover md-text md-inline-block btn--no-background btn--no-ink\\"><div class=\\"md-ink-container\\"></div><i class=\\"md-icon material-icons\\">check</i><span>feed-name-6</span></button></div></div></div></td></tr><tr><td class=\\"focus-list-options\\" data-title=\\"\\"><div class=\\"min-height\\"></div></td><td class=\\"focus-list-content bold\\" data-title=\\"focus.name:\\"><div class=\\"min-height\\"><a href=\\"https://localhost:5000/focus/focus-id-2\\"><span>focus-name-2</span></a></div></td><td class=\\"focus-list-content\\" data-title=\\"focus.online_feeds:\\"><div class=\\"focus-list-list\\"><div class=\\"min-height only-phone\\">-</div></div></td><td class=\\"focus-list-content\\" data-title=\\"focus.social_feeds:\\"><div class=\\"focus-list-list\\"><div class=\\"min-height only-phone\\">-</div></div></td><td class=\\"focus-list-content\\" data-title=\\"focus.print_feeds:\\"><div class=\\"focus-list-list\\"><div class=\\"min-height only-phone\\">-</div></div></td></tr></tbody></table></div></div>"`;

exports[`FocusList Focus list without manage users permisions but with feed print manage permission 1`] = `"<div id=\\"focusList\\"><div class=\\"focus-list-toolbar\\"><div class=\\"focus-list-title\\">focus.insight_focus</div></div><div class=\\"focus-list-table\\"><table><thead><tr><th></th><th>focus.name</th><th>focus.online_feeds</th><th>focus.social_feeds</th><th>focus.print_feeds</th></tr></thead><tbody><tr><td class=\\"focus-list-options\\" data-title=\\"\\"><div class=\\"min-height\\"></div></td><td class=\\"focus-list-content bold\\" data-title=\\"focus.name:\\"><div class=\\"min-height\\"><a href=\\"https://localhost:5000/focus/focus-id-1\\"><span>focus-name-1</span></a></div></td><td class=\\"focus-list-content\\" data-title=\\"focus.online_feeds:\\"><div class=\\"focus-list-list\\"><div class=\\"min-height online-feed \\"><div id=\\"focusListMenuFeedfeed-id-1\\" aria-haspopup=\\"true\\" aria-expanded=\\"false\\" class=\\"md-layover md-layover--simplified md-inline-block md-menu-container\\"><button id=\\"focusListMenuFeedfeed-id-1-toggle\\" type=\\"button\\" class=\\"md-btn md-btn--flat md-btn--text md-pointer--hover md-text md-inline-block btn--no-background btn--no-ink\\"><div class=\\"md-ink-container\\"></div><i class=\\"md-icon material-icons\\">check</i><span>feed-name-1</span></button></div></div><div class=\\"min-height online-feed disabled\\"><div id=\\"focusListMenuFeedfeed-id-2\\" aria-haspopup=\\"true\\" aria-expanded=\\"false\\" class=\\"md-layover md-layover--simplified md-inline-block md-menu-container\\"><button id=\\"focusListMenuFeedfeed-id-2-toggle\\" type=\\"button\\" class=\\"md-btn md-btn--flat md-btn--text md-pointer--hover md-text md-inline-block btn--no-background btn--no-ink\\"><div class=\\"md-ink-container\\"></div><i class=\\"md-icon material-icons\\">check</i><span>feed-name-2</span></button></div></div></div></td><td class=\\"focus-list-content\\" data-title=\\"focus.social_feeds:\\"><div class=\\"focus-list-list\\"><div class=\\"min-height social-feed \\"><div id=\\"focusListMenuFeedfeed-id-3\\" aria-haspopup=\\"true\\" aria-expanded=\\"false\\" class=\\"md-layover md-layover--simplified md-inline-block md-menu-container\\"><button id=\\"focusListMenuFeedfeed-id-3-toggle\\" type=\\"button\\" class=\\"md-btn md-btn--flat md-btn--text md-pointer--hover md-text md-inline-block btn--no-background btn--no-ink\\"><div class=\\"md-ink-container\\"></div><i class=\\"md-icon material-icons\\">check</i><span>feed-name-3</span></button></div></div><div class=\\"min-height social-feed disabled\\"><div id=\\"focusListMenuFeedfeed-id-4\\" aria-haspopup=\\"true\\" aria-expanded=\\"false\\" class=\\"md-layover md-layover--simplified md-inline-block md-menu-container\\"><button id=\\"focusListMenuFeedfeed-id-4-toggle\\" type=\\"button\\" class=\\"md-btn md-btn--flat md-btn--text md-pointer--hover md-text md-inline-block btn--no-background btn--no-ink\\"><div class=\\"md-ink-container\\"></div><i class=\\"md-icon material-icons\\">check</i><span>feed-name-4</span></button></div></div></div></td><td class=\\"focus-list-content\\" data-title=\\"focus.print_feeds:\\"><div class=\\"focus-list-list\\"><div class=\\"min-height print-feed \\"><a href=\\"/article?feedFilters=feed-id-5\\"><i class=\\"md-icon material-icons\\">check</i><span>feed-name-5</span></a></div><div class=\\"min-height print-feed disabled\\"><div id=\\"focusListMenuFeedfeed-id-6\\" aria-haspopup=\\"true\\" aria-expanded=\\"false\\" class=\\"md-layover md-layover--simplified md-inline-block md-menu-container\\"><button id=\\"focusListMenuFeedfeed-id-6-toggle\\" type=\\"button\\" class=\\"md-btn md-btn--flat md-btn--text md-pointer--hover md-text md-inline-block btn--no-background btn--no-ink\\"><div class=\\"md-ink-container\\"></div><i class=\\"md-icon material-icons\\">check</i><span>feed-name-6</span></button></div></div></div></td></tr><tr><td class=\\"focus-list-options\\" data-title=\\"\\"><div class=\\"min-height\\"></div></td><td class=\\"focus-list-content bold\\" data-title=\\"focus.name:\\"><div class=\\"min-height\\"><a href=\\"https://localhost:5000/focus/focus-id-2\\"><span>focus-name-2</span></a></div></td><td class=\\"focus-list-content\\" data-title=\\"focus.online_feeds:\\"><div class=\\"focus-list-list\\"><div class=\\"min-height only-phone\\">-</div></div></td><td class=\\"focus-list-content\\" data-title=\\"focus.social_feeds:\\"><div class=\\"focus-list-list\\"><div class=\\"min-height only-phone\\">-</div></div></td><td class=\\"focus-list-content\\" data-title=\\"focus.print_feeds:\\"><div class=\\"focus-list-list\\"><div class=\\"min-height only-phone\\">-</div></div></td></tr></tbody></table></div></div>"`;

exports[`FocusList Null focus list snapshot 1`] = `"<div id=\\"focusList\\"><div class=\\"focus-list-toolbar\\"><div class=\\"focus-list-title\\">focus.insight_focus</div></div><div class=\\"focus-list-table\\"><table><thead><tr><th></th><th>focus.name</th><th>focus.allowed_users</th><th>focus.online_feeds</th><th>focus.social_feeds</th><th>focus.print_feeds</th></tr></thead></table></div></div>"`;
