// Jest Snapshot v1, https://goo.gl/fbAQLP

exports[`<ArticleInsert> Accept documents on select_found_documents set state to insert_document 1`] = `"<span class=\\"md-dialog-container md-overlay md-overlay--active\\" tabindex=\\"-1\\"><div aria-describedby=\\"articleInsertDocumentDialog\\" id=\\"articleInsertDocumentDialog\\" role=\\"dialog\\" aria-labelledby=\\"articleInsertDocumentDialog-title\\" class=\\"md-paper md-paper--5 md-dialog md-dialog--centered md-background--card\\"><h2 id=\\"articleInsertDocumentDialog-title\\" class=\\"md-title md-title--dialog\\">insert_article.modal.title</h2><section class=\\"md-dialog-content md-dialog-content--padded scrollable\\"><span aria-hidden=\\"true\\"></span><div class=\\"insert-document-dialog-content\\"></div></section><footer class=\\"md-dialog-footer md-dialog-footer--stacked\\"><button id=\\"insertDocumentDialogCancelBtn\\" type=\\"button\\" class=\\"md-btn md-btn--flat md-btn--text md-pointer--hover md-text md-inline-block md-btn--dialog\\"><div class=\\"md-ink-container\\"></div>form.cancel</button><button id=\\"insertDocumentDialogBackBtn\\" type=\\"button\\" class=\\"md-btn md-btn--flat md-btn--text md-pointer--hover md-text md-inline-block md-btn--dialog\\"><div class=\\"md-ink-container\\"></div>form.back</button><button id=\\"insertDocumentDialogAcceptBtn\\" type=\\"button\\" class=\\"md-btn md-btn--flat md-btn--text md-pointer--hover md-text md-inline-block md-btn--dialog\\"><div class=\\"md-ink-container\\"></div>form.accept</button></footer></div></span>"`;

exports[`<ArticleInsert> Article Insert back button click 1`] = `"<span class=\\"md-dialog-container md-overlay md-overlay--active\\" tabindex=\\"-1\\"><div aria-describedby=\\"articleInsertDocumentDialog\\" id=\\"articleInsertDocumentDialog\\" role=\\"dialog\\" aria-labelledby=\\"articleInsertDocumentDialog-title\\" class=\\"md-paper md-paper--5 md-dialog md-dialog--centered md-background--card\\"><h2 id=\\"articleInsertDocumentDialog-title\\" class=\\"md-title md-title--dialog\\">insert_article.modal.title</h2><section class=\\"md-dialog-content md-dialog-content--padded scrollable\\"><span aria-hidden=\\"true\\"></span><div class=\\"insert-document-dialog-content\\"></div></section><footer class=\\"md-dialog-footer md-dialog-footer--stacked\\"><button id=\\"insertDocumentDialogCancelBtn\\" type=\\"button\\" class=\\"md-btn md-btn--flat md-btn--text md-pointer--hover md-text md-inline-block md-btn--dialog\\"><div class=\\"md-ink-container\\"></div>form.cancel</button><button id=\\"insertDocumentDialogBackBtn\\" type=\\"button\\" class=\\"md-btn md-btn--flat md-btn--text md-pointer--hover md-text md-inline-block md-btn--dialog\\"><div class=\\"md-ink-container\\"></div>form.back</button><button id=\\"insertDocumentDialogAcceptBtn\\" type=\\"button\\" class=\\"md-btn md-btn--flat md-btn--text md-pointer--hover md-text md-inline-block md-btn--dialog\\"><div class=\\"md-ink-container\\"></div>form.accept</button></footer></div></span>"`;

exports[`<ArticleInsert> Article Insert buttons in FILL_FORM step 1`] = `"<span class=\\"md-dialog-container md-overlay md-overlay--active\\" tabindex=\\"-1\\"><div aria-describedby=\\"articleInsertDocumentDialog\\" id=\\"articleInsertDocumentDialog\\" role=\\"dialog\\" aria-labelledby=\\"articleInsertDocumentDialog-title\\" class=\\"md-paper md-paper--5 md-dialog md-dialog--centered md-background--card fill-form-step\\"><h2 id=\\"articleInsertDocumentDialog-title\\" class=\\"md-title md-title--dialog\\">insert_article.modal.title</h2><section class=\\"md-dialog-content md-dialog-content--padded scrollable\\"><span aria-hidden=\\"true\\"></span><div class=\\"insert-document-dialog-content\\"></div></section><footer class=\\"md-dialog-footer md-dialog-footer--stacked\\"><button id=\\"insertDocumentDialogCancelBtn\\" type=\\"button\\" class=\\"md-btn md-btn--flat md-btn--text md-pointer--hover md-text md-inline-block md-btn--dialog\\"><div class=\\"md-ink-container\\"></div>form.cancel</button><button id=\\"insertDocumentDialogBackBtn\\" type=\\"button\\" class=\\"md-btn md-btn--flat md-btn--text md-pointer--hover md-text md-inline-block md-btn--dialog\\"><div class=\\"md-ink-container\\"></div>form.back</button><button id=\\"insertDocumentDialogAcceptBtn\\" type=\\"button\\" class=\\"md-btn md-btn--flat md-btn--text md-pointer--hover md-text md-inline-block md-btn--dialog\\"><div class=\\"md-ink-container\\"></div>form.accept</button></footer></div></span>"`;

exports[`<ArticleInsert> Article Insert buttons in SELECT_FEED step 1`] = `"<span class=\\"md-dialog-container md-overlay md-overlay--active\\" tabindex=\\"-1\\"><div aria-describedby=\\"articleInsertDocumentDialog\\" id=\\"articleInsertDocumentDialog\\" role=\\"dialog\\" aria-labelledby=\\"articleInsertDocumentDialog-title\\" class=\\"md-paper md-paper--5 md-dialog md-dialog--centered md-background--card\\"><h2 id=\\"articleInsertDocumentDialog-title\\" class=\\"md-title md-title--dialog\\">insert_article.modal.title</h2><section class=\\"md-dialog-content md-dialog-content--padded\\"><span aria-hidden=\\"true\\"></span><div class=\\"insert-document-dialog-content\\"><div id=\\"articleInsertDocumentDialogSelectFeed\\"><div id=\\"insertDocumentDialogSelectFeed-menu\\" aria-haspopup=\\"true\\" aria-expanded=\\"false\\" class=\\"md-layover md-layover--simplified md-full-width md-menu-container md-menu--select-field select-field\\"><div class=\\"md-select-field__toggle\\"><label for=\\"insertDocumentDialogSelectFeed\\" class=\\"md-floating-label md-floating-label--inactive md-floating-label--inactive-sized md-text--secondary\\">feed.value</label><div id=\\"insertDocumentDialogSelectFeed-toggle\\" role=\\"listbox\\" tabindex=\\"0\\" aria-pressed=\\"false\\" class=\\"md-paper md-paper--0 md-fake-btn md-pointer--hover md-fake-btn--no-outline md-select-field\\"><div class=\\"md-icon-separator md-text-field md-text-field--floating-margin md-select-field--text-field\\"><span class=\\"md-icon-text\\"></span><i class=\\"md-icon material-icons\\">arrow_drop_down</i></div><hr class=\\"md-divider md-divider--text-field md-divider--expand-from-left md-divider--select-field\\"><input type=\\"hidden\\" id=\\"insertDocumentDialogSelectFeed\\" value=\\"\\"></div></div></div><div class=\\"md-text-field-container md-full-width md-text-field-container--input text-field\\"><label for=\\"insertDocumentDialogUrlInput\\" class=\\"md-floating-label md-floating-label--inactive md-floating-label--inactive-sized md-text--secondary\\">Url</label><input id=\\"insertDocumentDialogUrlInput\\" type=\\"text\\" class=\\"md-text-field md-text-field--floating-margin md-full-width md-text\\" value=\\"\\"><hr class=\\"md-divider md-divider--text-field md-divider--expand-from-left\\"></div></div></div></section><footer class=\\"md-dialog-footer md-dialog-footer--stacked\\"><button id=\\"insertDocumentDialogCancelBtn\\" type=\\"button\\" class=\\"md-btn md-btn--flat md-btn--text md-pointer--hover md-text md-inline-block md-btn--dialog\\"><div class=\\"md-ink-container\\"></div>form.cancel</button><button id=\\"insertDocumentDialogNextBtn\\" type=\\"button\\" disabled=\\"\\" class=\\"md-btn md-btn--flat md-btn--text md-text--disabled md-inline-block md-btn--dialog\\">form.next</button></footer></div></span>"`;

exports[`<ArticleInsert> Article Insert buttons in SELECT_FOUND_DOCUMENTS step 1`] = `"<span class=\\"md-dialog-container md-overlay md-overlay--active\\" tabindex=\\"-1\\"><div aria-describedby=\\"articleInsertDocumentDialog\\" id=\\"articleInsertDocumentDialog\\" role=\\"dialog\\" aria-labelledby=\\"articleInsertDocumentDialog-title\\" class=\\"md-paper md-paper--5 md-dialog md-dialog--centered md-background--card\\"><h2 id=\\"articleInsertDocumentDialog-title\\" class=\\"md-title md-title--dialog\\">insert_article.modal.title</h2><section class=\\"md-dialog-content md-dialog-content--padded scrollable\\"><span aria-hidden=\\"true\\"></span><div class=\\"insert-document-dialog-content\\"></div></section><footer class=\\"md-dialog-footer md-dialog-footer--stacked\\"><button id=\\"insertDocumentDialogCancelBtn\\" type=\\"button\\" class=\\"md-btn md-btn--flat md-btn--text md-pointer--hover md-text md-inline-block md-btn--dialog\\"><div class=\\"md-ink-container\\"></div>form.cancel</button><button id=\\"insertDocumentDialogBackBtn\\" type=\\"button\\" class=\\"md-btn md-btn--flat md-btn--text md-pointer--hover md-text md-inline-block md-btn--dialog\\"><div class=\\"md-ink-container\\"></div>form.back</button><button id=\\"insertDocumentDialogAcceptBtn\\" type=\\"button\\" class=\\"md-btn md-btn--flat md-btn--text md-pointer--hover md-text md-inline-block md-btn--dialog\\"><div class=\\"md-ink-container\\"></div>form.accept</button></footer></div></span>"`;

exports[`<ArticleInsert> Article Insert buttons with wrong step 1`] = `"<span class=\\"md-dialog-container md-overlay md-overlay--active\\" tabindex=\\"-1\\"><div aria-describedby=\\"articleInsertDocumentDialog\\" id=\\"articleInsertDocumentDialog\\" role=\\"dialog\\" aria-labelledby=\\"articleInsertDocumentDialog-title\\" class=\\"md-paper md-paper--5 md-dialog md-dialog--centered md-background--card\\"><h2 id=\\"articleInsertDocumentDialog-title\\" class=\\"md-title md-title--dialog\\">insert_article.modal.title</h2><section class=\\"md-dialog-content md-dialog-content--padded scrollable\\"><span aria-hidden=\\"true\\"></span><div class=\\"insert-document-dialog-content\\"></div></section><footer class=\\"md-dialog-footer md-dialog-footer--stacked\\"><button id=\\"insertDocumentDialogCancelBtn\\" type=\\"button\\" class=\\"md-btn md-btn--flat md-btn--text md-pointer--hover md-text md-inline-block md-btn--dialog\\"><div class=\\"md-ink-container\\"></div>form.cancel</button></footer></div></span>"`;

exports[`<ArticleInsert> Article Insert by default with focus list 1`] = `"<span class=\\"md-dialog-container md-overlay md-overlay--active\\" tabindex=\\"-1\\"><div aria-describedby=\\"articleInsertDocumentDialog\\" id=\\"articleInsertDocumentDialog\\" role=\\"dialog\\" aria-labelledby=\\"articleInsertDocumentDialog-title\\" class=\\"md-paper md-paper--5 md-dialog md-dialog--centered md-background--card\\"><h2 id=\\"articleInsertDocumentDialog-title\\" class=\\"md-title md-title--dialog\\">insert_article.modal.title</h2><section class=\\"md-dialog-content md-dialog-content--padded\\"><span aria-hidden=\\"true\\"></span><div class=\\"insert-document-dialog-content\\"><div id=\\"articleInsertDocumentDialogSelectFeed\\"><div id=\\"insertDocumentDialogSelectFeed-menu\\" aria-haspopup=\\"true\\" aria-expanded=\\"false\\" class=\\"md-layover md-layover--simplified md-full-width md-menu-container md-menu--select-field select-field\\"><div class=\\"md-select-field__toggle\\"><label for=\\"insertDocumentDialogSelectFeed\\" class=\\"md-floating-label md-floating-label--inactive md-floating-label--inactive-sized md-text--secondary\\">feed.value</label><div id=\\"insertDocumentDialogSelectFeed-toggle\\" role=\\"listbox\\" tabindex=\\"0\\" aria-pressed=\\"false\\" class=\\"md-paper md-paper--0 md-fake-btn md-pointer--hover md-fake-btn--no-outline md-select-field\\"><div class=\\"md-icon-separator md-text-field md-text-field--floating-margin md-select-field--text-field\\"><span class=\\"md-icon-text\\"></span><i class=\\"md-icon material-icons\\">arrow_drop_down</i></div><hr class=\\"md-divider md-divider--text-field md-divider--expand-from-left md-divider--select-field\\"><input type=\\"hidden\\" id=\\"insertDocumentDialogSelectFeed\\" value=\\"\\"></div></div></div><div class=\\"md-text-field-container md-full-width md-text-field-container--input text-field\\"><label for=\\"insertDocumentDialogUrlInput\\" class=\\"md-floating-label md-floating-label--inactive md-floating-label--inactive-sized md-text--secondary\\">Url</label><input id=\\"insertDocumentDialogUrlInput\\" type=\\"text\\" class=\\"md-text-field md-text-field--floating-margin md-full-width md-text\\" value=\\"\\"><hr class=\\"md-divider md-divider--text-field md-divider--expand-from-left\\"></div></div></div></section><footer class=\\"md-dialog-footer md-dialog-footer--stacked\\"><button id=\\"insertDocumentDialogCancelBtn\\" type=\\"button\\" class=\\"md-btn md-btn--flat md-btn--text md-pointer--hover md-text md-inline-block md-btn--dialog\\"><div class=\\"md-ink-container\\"></div>form.cancel</button><button id=\\"insertDocumentDialogNextBtn\\" type=\\"button\\" disabled=\\"\\" class=\\"md-btn md-btn--flat md-btn--text md-text--disabled md-inline-block md-btn--dialog\\">form.next</button></footer></div></span>"`;

exports[`<ArticleInsert> Article Insert by default without focus list 1`] = `"<span class=\\"md-dialog-container md-overlay md-overlay--active\\" tabindex=\\"-1\\"><div aria-describedby=\\"articleInsertDocumentDialog\\" id=\\"articleInsertDocumentDialog\\" role=\\"dialog\\" aria-labelledby=\\"articleInsertDocumentDialog-title\\" class=\\"md-paper md-paper--5 md-dialog md-dialog--centered md-background--card\\"><h2 id=\\"articleInsertDocumentDialog-title\\" class=\\"md-title md-title--dialog\\">insert_article.modal.title</h2><section class=\\"md-dialog-content md-dialog-content--padded\\"><span aria-hidden=\\"true\\"></span><div class=\\"insert-document-dialog-content\\"><div id=\\"articleInsertDocumentDialogSelectFeed\\"><div id=\\"insertDocumentDialogSelectFeed-menu\\" aria-haspopup=\\"true\\" aria-expanded=\\"false\\" class=\\"md-layover md-layover--simplified md-full-width md-menu-container md-menu--select-field select-field\\"><div class=\\"md-select-field__toggle\\"><label for=\\"insertDocumentDialogSelectFeed\\" class=\\"md-floating-label md-floating-label--inactive md-floating-label--inactive-sized md-text--secondary\\">feed.value</label><div id=\\"insertDocumentDialogSelectFeed-toggle\\" role=\\"listbox\\" tabindex=\\"0\\" aria-pressed=\\"false\\" class=\\"md-paper md-paper--0 md-fake-btn md-pointer--hover md-fake-btn--no-outline md-select-field\\"><div class=\\"md-icon-separator md-text-field md-text-field--floating-margin md-select-field--text-field\\"><span class=\\"md-icon-text\\"></span><i class=\\"md-icon material-icons\\">arrow_drop_down</i></div><hr class=\\"md-divider md-divider--text-field md-divider--expand-from-left md-divider--select-field\\"><input type=\\"hidden\\" id=\\"insertDocumentDialogSelectFeed\\" value=\\"\\"></div></div></div><div class=\\"md-text-field-container md-full-width md-text-field-container--input text-field\\"><label for=\\"insertDocumentDialogUrlInput\\" class=\\"md-floating-label md-floating-label--inactive md-floating-label--inactive-sized md-text--secondary\\">Url</label><input id=\\"insertDocumentDialogUrlInput\\" type=\\"text\\" class=\\"md-text-field md-text-field--floating-margin md-full-width md-text\\" value=\\"\\"><hr class=\\"md-divider md-divider--text-field md-divider--expand-from-left\\"></div></div></div></section><footer class=\\"md-dialog-footer md-dialog-footer--stacked\\"><button id=\\"insertDocumentDialogCancelBtn\\" type=\\"button\\" class=\\"md-btn md-btn--flat md-btn--text md-pointer--hover md-text md-inline-block md-btn--dialog\\"><div class=\\"md-ink-container\\"></div>form.cancel</button><button id=\\"insertDocumentDialogNextBtn\\" type=\\"button\\" disabled=\\"\\" class=\\"md-btn md-btn--flat md-btn--text md-text--disabled md-inline-block md-btn--dialog\\">form.next</button></footer></div></span>"`;

exports[`<ArticleInsert> Article Insert cancel button click 1`] = `"<span class=\\"md-dialog-container md-overlay md-overlay--active\\" tabindex=\\"-1\\"><div aria-describedby=\\"articleInsertDocumentDialog\\" id=\\"articleInsertDocumentDialog\\" role=\\"dialog\\" aria-labelledby=\\"articleInsertDocumentDialog-title\\" class=\\"md-paper md-paper--5 md-dialog md-dialog--centered md-background--card\\"><h2 id=\\"articleInsertDocumentDialog-title\\" class=\\"md-title md-title--dialog\\">insert_article.modal.title</h2><section class=\\"md-dialog-content md-dialog-content--padded\\"><span aria-hidden=\\"true\\"></span><div class=\\"insert-document-dialog-content\\"><div id=\\"articleInsertDocumentDialogSelectFeed\\"><div id=\\"insertDocumentDialogSelectFeed-menu\\" aria-haspopup=\\"true\\" aria-expanded=\\"false\\" class=\\"md-layover md-layover--simplified md-full-width md-menu-container md-menu--select-field select-field\\"><div class=\\"md-select-field__toggle\\"><label for=\\"insertDocumentDialogSelectFeed\\" class=\\"md-floating-label md-floating-label--inactive md-floating-label--inactive-sized md-text--secondary\\">feed.value</label><div id=\\"insertDocumentDialogSelectFeed-toggle\\" role=\\"listbox\\" tabindex=\\"0\\" aria-pressed=\\"false\\" class=\\"md-paper md-paper--0 md-fake-btn md-pointer--hover md-fake-btn--no-outline md-select-field\\"><div class=\\"md-icon-separator md-text-field md-text-field--floating-margin md-select-field--text-field\\"><span class=\\"md-icon-text\\"></span><i class=\\"md-icon material-icons\\">arrow_drop_down</i></div><hr class=\\"md-divider md-divider--text-field md-divider--expand-from-left md-divider--select-field\\"><input type=\\"hidden\\" id=\\"insertDocumentDialogSelectFeed\\" value=\\"\\"></div></div></div><div class=\\"md-text-field-container md-full-width md-text-field-container--input text-field\\"><label for=\\"insertDocumentDialogUrlInput\\" class=\\"md-floating-label md-floating-label--inactive md-floating-label--inactive-sized md-text--secondary\\">Url</label><input id=\\"insertDocumentDialogUrlInput\\" type=\\"text\\" class=\\"md-text-field md-text-field--floating-margin md-full-width md-text\\" value=\\"\\"><hr class=\\"md-divider md-divider--text-field md-divider--expand-from-left\\"></div></div></div></section><footer class=\\"md-dialog-footer md-dialog-footer--stacked\\"><button id=\\"insertDocumentDialogCancelBtn\\" type=\\"button\\" class=\\"md-btn md-btn--flat md-btn--text md-pointer--hover md-text md-inline-block md-btn--dialog\\"><div class=\\"md-ink-container\\"></div>form.cancel</button><button id=\\"insertDocumentDialogNextBtn\\" type=\\"button\\" disabled=\\"\\" class=\\"md-btn md-btn--flat md-btn--text md-text--disabled md-inline-block md-btn--dialog\\">form.next</button></footer></div></span>"`;

exports[`<ArticleInsert> Article Insert next button click 1`] = `"<span class=\\"md-dialog-container md-overlay md-overlay--active\\" tabindex=\\"-1\\"><div aria-describedby=\\"articleInsertDocumentDialog\\" id=\\"articleInsertDocumentDialog\\" role=\\"dialog\\" aria-labelledby=\\"articleInsertDocumentDialog-title\\" class=\\"md-paper md-paper--5 md-dialog md-dialog--centered md-background--card\\"><h2 id=\\"articleInsertDocumentDialog-title\\" class=\\"md-title md-title--dialog\\">insert_article.modal.title</h2><section class=\\"md-dialog-content md-dialog-content--padded\\"><span aria-hidden=\\"true\\"></span><div class=\\"insert-document-dialog-content\\"><div id=\\"articleInsertDocumentDialogSelectFeed\\"><div id=\\"insertDocumentDialogSelectFeed-menu\\" aria-haspopup=\\"true\\" aria-expanded=\\"false\\" class=\\"md-layover md-layover--simplified md-full-width md-menu-container md-menu--select-field select-field\\"><div class=\\"md-select-field__toggle\\"><label for=\\"insertDocumentDialogSelectFeed\\" class=\\"md-floating-label md-floating-label--floating md-text--secondary\\">feed.value</label><div id=\\"insertDocumentDialogSelectFeed-toggle\\" role=\\"listbox\\" tabindex=\\"0\\" aria-pressed=\\"false\\" class=\\"md-paper md-paper--0 md-fake-btn md-pointer--hover md-fake-btn--no-outline md-select-field md-text\\"><div class=\\"md-icon-separator md-text-field md-text-field--floating-margin md-select-field--text-field\\"><span class=\\"md-icon-text\\">feed-name-1 (type.online)</span><i class=\\"md-icon material-icons\\">arrow_drop_down</i></div><hr class=\\"md-divider md-divider--text-field md-divider--expand-from-left md-divider--select-field\\"><input type=\\"hidden\\" id=\\"insertDocumentDialogSelectFeed\\" value=\\"feed-id-1\\"></div></div></div><div class=\\"md-text-field-container md-full-width md-text-field-container--input text-field\\"><label for=\\"insertDocumentDialogUrlInput\\" class=\\"md-floating-label md-floating-label--floating md-text--secondary\\">Url</label><input id=\\"insertDocumentDialogUrlInput\\" type=\\"text\\" class=\\"md-text-field md-text-field--floating-margin md-full-width md-text\\" value=\\"http://gironafc.cat\\"><hr class=\\"md-divider md-divider--text-field md-divider--expand-from-left\\"></div></div></div></section><footer class=\\"md-dialog-footer md-dialog-footer--stacked\\"><button id=\\"insertDocumentDialogCancelBtn\\" type=\\"button\\" class=\\"md-btn md-btn--flat md-btn--text md-pointer--hover md-text md-inline-block md-btn--dialog\\"><div class=\\"md-ink-container\\"></div>form.cancel</button><button id=\\"insertDocumentDialogNextBtn\\" type=\\"button\\" class=\\"md-btn md-btn--flat md-btn--text md-pointer--hover md-text md-inline-block md-btn--dialog\\"><div class=\\"md-ink-container\\"></div>form.next</button></footer></div></span>"`;

exports[`<ArticleInsert> Article Insert on hide Dialog event 1`] = `"<span class=\\"md-dialog-container md-overlay md-overlay--active\\" tabindex=\\"-1\\"><div aria-describedby=\\"articleInsertDocumentDialog\\" id=\\"articleInsertDocumentDialog\\" role=\\"dialog\\" aria-labelledby=\\"articleInsertDocumentDialog-title\\" class=\\"md-paper md-paper--5 md-dialog md-dialog--centered md-background--card\\"><h2 id=\\"articleInsertDocumentDialog-title\\" class=\\"md-title md-title--dialog\\">insert_article.modal.title</h2><section class=\\"md-dialog-content md-dialog-content--padded\\"><span aria-hidden=\\"true\\"></span><div class=\\"insert-document-dialog-content\\"><div id=\\"articleInsertDocumentDialogSelectFeed\\"><div id=\\"insertDocumentDialogSelectFeed-menu\\" aria-haspopup=\\"true\\" aria-expanded=\\"false\\" class=\\"md-layover md-layover--simplified md-full-width md-menu-container md-menu--select-field select-field\\"><div class=\\"md-select-field__toggle\\"><label for=\\"insertDocumentDialogSelectFeed\\" class=\\"md-floating-label md-floating-label--inactive md-floating-label--inactive-sized md-text--secondary\\">feed.value</label><div id=\\"insertDocumentDialogSelectFeed-toggle\\" role=\\"listbox\\" tabindex=\\"0\\" aria-pressed=\\"false\\" class=\\"md-paper md-paper--0 md-fake-btn md-pointer--hover md-fake-btn--no-outline md-select-field\\"><div class=\\"md-icon-separator md-text-field md-text-field--floating-margin md-select-field--text-field\\"><span class=\\"md-icon-text\\"></span><i class=\\"md-icon material-icons\\">arrow_drop_down</i></div><hr class=\\"md-divider md-divider--text-field md-divider--expand-from-left md-divider--select-field\\"><input type=\\"hidden\\" id=\\"insertDocumentDialogSelectFeed\\" value=\\"\\"></div></div></div><div class=\\"md-text-field-container md-full-width md-text-field-container--input text-field\\"><label for=\\"insertDocumentDialogUrlInput\\" class=\\"md-floating-label md-floating-label--inactive md-floating-label--inactive-sized md-text--secondary\\">Url</label><input id=\\"insertDocumentDialogUrlInput\\" type=\\"text\\" class=\\"md-text-field md-text-field--floating-margin md-full-width md-text\\" value=\\"\\"><hr class=\\"md-divider md-divider--text-field md-divider--expand-from-left\\"></div></div></div></section><footer class=\\"md-dialog-footer md-dialog-footer--stacked\\"><button id=\\"insertDocumentDialogCancelBtn\\" type=\\"button\\" class=\\"md-btn md-btn--flat md-btn--text md-pointer--hover md-text md-inline-block md-btn--dialog\\"><div class=\\"md-ink-container\\"></div>form.cancel</button><button id=\\"insertDocumentDialogNextBtn\\" type=\\"button\\" disabled=\\"\\" class=\\"md-btn md-btn--flat md-btn--text md-text--disabled md-inline-block md-btn--dialog\\">form.next</button></footer></div></span>"`;

exports[`<ArticleInsert> Article Insert only with feed selected 1`] = `"<span class=\\"md-dialog-container md-overlay md-overlay--active\\" tabindex=\\"-1\\"><div aria-describedby=\\"articleInsertDocumentDialog\\" id=\\"articleInsertDocumentDialog\\" role=\\"dialog\\" aria-labelledby=\\"articleInsertDocumentDialog-title\\" class=\\"md-paper md-paper--5 md-dialog md-dialog--centered md-background--card\\"><h2 id=\\"articleInsertDocumentDialog-title\\" class=\\"md-title md-title--dialog\\">insert_article.modal.title</h2><section class=\\"md-dialog-content md-dialog-content--padded\\"><span aria-hidden=\\"true\\"></span><div class=\\"insert-document-dialog-content\\"><div id=\\"articleInsertDocumentDialogSelectFeed\\"><div id=\\"insertDocumentDialogSelectFeed-menu\\" aria-haspopup=\\"true\\" aria-expanded=\\"false\\" class=\\"md-layover md-layover--simplified md-full-width md-menu-container md-menu--select-field select-field\\"><div class=\\"md-select-field__toggle\\"><label for=\\"insertDocumentDialogSelectFeed\\" class=\\"md-floating-label md-floating-label--floating md-text--secondary\\">feed.value</label><div id=\\"insertDocumentDialogSelectFeed-toggle\\" role=\\"listbox\\" tabindex=\\"0\\" aria-pressed=\\"false\\" class=\\"md-paper md-paper--0 md-fake-btn md-pointer--hover md-fake-btn--no-outline md-select-field md-text\\"><div class=\\"md-icon-separator md-text-field md-text-field--floating-margin md-select-field--text-field\\"><span class=\\"md-icon-text\\">feed-name-1 (type.online)</span><i class=\\"md-icon material-icons\\">arrow_drop_down</i></div><hr class=\\"md-divider md-divider--text-field md-divider--expand-from-left md-divider--select-field\\"><input type=\\"hidden\\" id=\\"insertDocumentDialogSelectFeed\\" value=\\"feed-id-1\\"></div></div></div><div class=\\"md-text-field-container md-full-width md-text-field-container--input text-field\\"><label for=\\"insertDocumentDialogUrlInput\\" class=\\"md-floating-label md-floating-label--inactive md-floating-label--inactive-sized md-text--secondary\\">Url</label><input id=\\"insertDocumentDialogUrlInput\\" type=\\"text\\" class=\\"md-text-field md-text-field--floating-margin md-full-width md-text\\" value=\\"\\"><hr class=\\"md-divider md-divider--text-field md-divider--expand-from-left\\"></div></div></div></section><footer class=\\"md-dialog-footer md-dialog-footer--stacked\\"><button id=\\"insertDocumentDialogCancelBtn\\" type=\\"button\\" class=\\"md-btn md-btn--flat md-btn--text md-pointer--hover md-text md-inline-block md-btn--dialog\\"><div class=\\"md-ink-container\\"></div>form.cancel</button><button id=\\"insertDocumentDialogNextBtn\\" type=\\"button\\" disabled=\\"\\" class=\\"md-btn md-btn--flat md-btn--text md-text--disabled md-inline-block md-btn--dialog\\">form.next</button></footer></div></span>"`;

exports[`<ArticleInsert> Article Insert only with invalid url 1`] = `"<span class=\\"md-dialog-container md-overlay md-overlay--active\\" tabindex=\\"-1\\"><div aria-describedby=\\"articleInsertDocumentDialog\\" id=\\"articleInsertDocumentDialog\\" role=\\"dialog\\" aria-labelledby=\\"articleInsertDocumentDialog-title\\" class=\\"md-paper md-paper--5 md-dialog md-dialog--centered md-background--card\\"><h2 id=\\"articleInsertDocumentDialog-title\\" class=\\"md-title md-title--dialog\\">insert_article.modal.title</h2><section class=\\"md-dialog-content md-dialog-content--padded\\"><span aria-hidden=\\"true\\"></span><div class=\\"insert-document-dialog-content\\"><div id=\\"articleInsertDocumentDialogSelectFeed\\"><div id=\\"insertDocumentDialogSelectFeed-menu\\" aria-haspopup=\\"true\\" aria-expanded=\\"false\\" class=\\"md-layover md-layover--simplified md-full-width md-menu-container md-menu--select-field select-field\\"><div class=\\"md-select-field__toggle\\"><label for=\\"insertDocumentDialogSelectFeed\\" class=\\"md-floating-label md-floating-label--inactive md-floating-label--inactive-sized md-text--secondary\\">feed.value</label><div id=\\"insertDocumentDialogSelectFeed-toggle\\" role=\\"listbox\\" tabindex=\\"0\\" aria-pressed=\\"false\\" class=\\"md-paper md-paper--0 md-fake-btn md-pointer--hover md-fake-btn--no-outline md-select-field\\"><div class=\\"md-icon-separator md-text-field md-text-field--floating-margin md-select-field--text-field\\"><span class=\\"md-icon-text\\"></span><i class=\\"md-icon material-icons\\">arrow_drop_down</i></div><hr class=\\"md-divider md-divider--text-field md-divider--expand-from-left md-divider--select-field\\"><input type=\\"hidden\\" id=\\"insertDocumentDialogSelectFeed\\" value=\\"\\"></div></div></div><div class=\\"md-text-field-container md-full-width md-text-field-container--input text-field\\"><label for=\\"insertDocumentDialogUrlInput\\" class=\\"md-floating-label md-floating-label--floating md-text--error\\">Url</label><input id=\\"insertDocumentDialogUrlInput\\" type=\\"text\\" class=\\"md-text-field md-text-field--floating-margin md-full-width md-text\\" value=\\"badurl.bad.\\"><hr class=\\"md-divider md-divider--text-field md-divider--expand-from-left md-divider--text-field-error\\"><div class=\\"md-text-field-message-container md-full-width md-text--error\\"><div aria-hidden=\\"false\\" class=\\"md-text-field-message md-text-field-message--active\\">bad_error</div></div></div></div></div></section><footer class=\\"md-dialog-footer md-dialog-footer--stacked\\"><button id=\\"insertDocumentDialogCancelBtn\\" type=\\"button\\" class=\\"md-btn md-btn--flat md-btn--text md-pointer--hover md-text md-inline-block md-btn--dialog\\"><div class=\\"md-ink-container\\"></div>form.cancel</button><button id=\\"insertDocumentDialogNextBtn\\" type=\\"button\\" disabled=\\"\\" class=\\"md-btn md-btn--flat md-btn--text md-text--disabled md-inline-block md-btn--dialog\\">form.next</button></footer></div></span>"`;

exports[`<ArticleInsert> Article Insert only with valid url 1`] = `"<span class=\\"md-dialog-container md-overlay md-overlay--active\\" tabindex=\\"-1\\"><div aria-describedby=\\"articleInsertDocumentDialog\\" id=\\"articleInsertDocumentDialog\\" role=\\"dialog\\" aria-labelledby=\\"articleInsertDocumentDialog-title\\" class=\\"md-paper md-paper--5 md-dialog md-dialog--centered md-background--card\\"><h2 id=\\"articleInsertDocumentDialog-title\\" class=\\"md-title md-title--dialog\\">insert_article.modal.title</h2><section class=\\"md-dialog-content md-dialog-content--padded\\"><span aria-hidden=\\"true\\"></span><div class=\\"insert-document-dialog-content\\"><div id=\\"articleInsertDocumentDialogSelectFeed\\"><div id=\\"insertDocumentDialogSelectFeed-menu\\" aria-haspopup=\\"true\\" aria-expanded=\\"false\\" class=\\"md-layover md-layover--simplified md-full-width md-menu-container md-menu--select-field select-field\\"><div class=\\"md-select-field__toggle\\"><label for=\\"insertDocumentDialogSelectFeed\\" class=\\"md-floating-label md-floating-label--inactive md-floating-label--inactive-sized md-text--secondary\\">feed.value</label><div id=\\"insertDocumentDialogSelectFeed-toggle\\" role=\\"listbox\\" tabindex=\\"0\\" aria-pressed=\\"false\\" class=\\"md-paper md-paper--0 md-fake-btn md-pointer--hover md-fake-btn--no-outline md-select-field\\"><div class=\\"md-icon-separator md-text-field md-text-field--floating-margin md-select-field--text-field\\"><span class=\\"md-icon-text\\"></span><i class=\\"md-icon material-icons\\">arrow_drop_down</i></div><hr class=\\"md-divider md-divider--text-field md-divider--expand-from-left md-divider--select-field\\"><input type=\\"hidden\\" id=\\"insertDocumentDialogSelectFeed\\" value=\\"\\"></div></div></div><div class=\\"md-text-field-container md-full-width md-text-field-container--input text-field\\"><label for=\\"insertDocumentDialogUrlInput\\" class=\\"md-floating-label md-floating-label--floating md-text--secondary\\">Url</label><input id=\\"insertDocumentDialogUrlInput\\" type=\\"text\\" class=\\"md-text-field md-text-field--floating-margin md-full-width md-text\\" value=\\"http://gironafc.cat\\"><hr class=\\"md-divider md-divider--text-field md-divider--expand-from-left\\"></div></div></div></section><footer class=\\"md-dialog-footer md-dialog-footer--stacked\\"><button id=\\"insertDocumentDialogCancelBtn\\" type=\\"button\\" class=\\"md-btn md-btn--flat md-btn--text md-pointer--hover md-text md-inline-block md-btn--dialog\\"><div class=\\"md-ink-container\\"></div>form.cancel</button><button id=\\"insertDocumentDialogNextBtn\\" type=\\"button\\" disabled=\\"\\" class=\\"md-btn md-btn--flat md-btn--text md-text--disabled md-inline-block md-btn--dialog\\">form.next</button></footer></div></span>"`;

exports[`<ArticleInsert> Article Insert with selected feed and valid url 1`] = `"<span class=\\"md-dialog-container md-overlay md-overlay--active\\" tabindex=\\"-1\\"><div aria-describedby=\\"articleInsertDocumentDialog\\" id=\\"articleInsertDocumentDialog\\" role=\\"dialog\\" aria-labelledby=\\"articleInsertDocumentDialog-title\\" class=\\"md-paper md-paper--5 md-dialog md-dialog--centered md-background--card\\"><h2 id=\\"articleInsertDocumentDialog-title\\" class=\\"md-title md-title--dialog\\">insert_article.modal.title</h2><section class=\\"md-dialog-content md-dialog-content--padded\\"><span aria-hidden=\\"true\\"></span><div class=\\"insert-document-dialog-content\\"><div id=\\"articleInsertDocumentDialogSelectFeed\\"><div id=\\"insertDocumentDialogSelectFeed-menu\\" aria-haspopup=\\"true\\" aria-expanded=\\"false\\" class=\\"md-layover md-layover--simplified md-full-width md-menu-container md-menu--select-field select-field\\"><div class=\\"md-select-field__toggle\\"><label for=\\"insertDocumentDialogSelectFeed\\" class=\\"md-floating-label md-floating-label--floating md-text--secondary\\">feed.value</label><div id=\\"insertDocumentDialogSelectFeed-toggle\\" role=\\"listbox\\" tabindex=\\"0\\" aria-pressed=\\"false\\" class=\\"md-paper md-paper--0 md-fake-btn md-pointer--hover md-fake-btn--no-outline md-select-field md-text\\"><div class=\\"md-icon-separator md-text-field md-text-field--floating-margin md-select-field--text-field\\"><span class=\\"md-icon-text\\">feed-name-1 (type.online)</span><i class=\\"md-icon material-icons\\">arrow_drop_down</i></div><hr class=\\"md-divider md-divider--text-field md-divider--expand-from-left md-divider--select-field\\"><input type=\\"hidden\\" id=\\"insertDocumentDialogSelectFeed\\" value=\\"feed-id-1\\"></div></div></div><div class=\\"md-text-field-container md-full-width md-text-field-container--input text-field\\"><label for=\\"insertDocumentDialogUrlInput\\" class=\\"md-floating-label md-floating-label--floating md-text--secondary\\">Url</label><input id=\\"insertDocumentDialogUrlInput\\" type=\\"text\\" class=\\"md-text-field md-text-field--floating-margin md-full-width md-text\\" value=\\"http://gironafc.cat\\"><hr class=\\"md-divider md-divider--text-field md-divider--expand-from-left\\"></div></div></div></section><footer class=\\"md-dialog-footer md-dialog-footer--stacked\\"><button id=\\"insertDocumentDialogCancelBtn\\" type=\\"button\\" class=\\"md-btn md-btn--flat md-btn--text md-pointer--hover md-text md-inline-block md-btn--dialog\\"><div class=\\"md-ink-container\\"></div>form.cancel</button><button id=\\"insertDocumentDialogNextBtn\\" type=\\"button\\" class=\\"md-btn md-btn--flat md-btn--text md-pointer--hover md-text md-inline-block md-btn--dialog\\"><div class=\\"md-ink-container\\"></div>form.next</button></footer></div></span>"`;

exports[`<ArticleInsert> Article insert should not display any form 1`] = `"<div class=\\"insert-document-dialog-content\\"></div>"`;
