// Jest Snapshot v1, https://goo.gl/fbAQLP

exports[`FocusFeedHeader Component focus on name input 1`] = `"<div id=\\"focusFeedHeader\\"><div class=\\"focus-basic-info\\"><button id=\\"focusFeedToggleDrawerBtn\\" type=\\"button\\" class=\\"md-btn md-btn--icon md-pointer--hover md-inline-block\\"><div class=\\"md-ink-container\\"></div><i class=\\"md-icon material-icons md-text--inherit\\">filter_list</i></button><div class=\\"focus-name-link\\">focus.value: <a href=\\"/focus/focus-id-1\\">focus-name-1</a></div><i class=\\"md-icon material-icons\\">chevron_right</i><span>focus.social_feed: </span><div class=\\"md-text-field-container md-inline-block md-text-field-container--input focus-feed-header-edit-name\\"><label for=\\"focusFeedHeaderEditName\\" class=\\"md-floating-label md-floating-label--floating md-text--secondary\\">name</label><input id=\\"focusFeedHeaderEditName\\" placeholder=\\"name\\" type=\\"text\\" class=\\"md-text-field md-text-field--floating-margin md-text\\" value=\\"feed-name\\"><hr class=\\"md-divider md-divider--text-field md-divider--expand-from-center\\"></div></div><div class=\\"focus-options\\"><div class=\\"md-selection-control-container md-switch-container\\"><input id=\\"focusFeedHeaderToggleFeedEnabled\\" type=\\"checkbox\\" class=\\"md-selection-control-input\\" name=\\"focusFeedHeaderToggleFeedEnabled\\" aria-hidden=\\"true\\" value=\\"\\" checked=\\"\\"><label for=\\"focusFeedHeaderToggleFeedEnabled\\" class=\\"md-selection-control-label md-pointer--hover md-text\\"><span id=\\"focusFeedHeaderToggleFeedEnabled-label\\">feed.status.active</span><div class=\\"md-switch-track md-pointer--hover md-switch-track--on\\"><div aria-labelledby=\\"focusFeedHeaderToggleFeedEnabled-label\\" role=\\"checkbox\\" aria-checked=\\"true\\" class=\\"md-fake-btn md-pointer--hover md-fake-btn--no-outline md-switch-thumb md-switch-thumb--on\\" tabindex=\\"0\\" aria-pressed=\\"false\\"><div class=\\"md-ink-container md-ink-container--2x\\"></div></div></div></label></div><div class=\\"menu-options\\"><div class=\\"menu-options-save\\"><button id=\\"focusFeedHeaderSaveFeedBtn\\" type=\\"button\\" class=\\"md-btn md-btn--flat md-btn--text md-pointer--hover md-text md-inline-block\\"><div class=\\"md-ink-container\\"></div><div class=\\"md-icon-separator\\"><i class=\\"md-icon material-icons md-text--inherit\\">save</i><span class=\\"md-icon-text\\">feed.form.save</span></div></button></div><div class=\\"menu-options-dropdown\\"><div id=\\"focusFeedHeaderDropdownMenu\\" aria-haspopup=\\"true\\" aria-expanded=\\"false\\" class=\\"md-layover md-layover--simplified md-inline-block md-menu-container\\"><button id=\\"focusFeedHeaderShowDrowpdownMenuBtn\\" type=\\"button\\" class=\\"md-btn md-btn--flat md-btn--text md-pointer--hover md-text md-inline-block\\"><div class=\\"md-ink-container\\"></div><div class=\\"md-icon-separator\\"><i class=\\"md-icon material-icons md-text--inherit\\">arrow_drop_down</i><div class=\\"md-icon-separator md-icon-text\\"><span class=\\"md-icon-text\\"></span></div></div></button></div></div></div><div class=\\"menu-options-responsive\\"><div id=\\"focusFeedHeaderDropdownMenuResponsive\\" aria-haspopup=\\"true\\" aria-expanded=\\"false\\" class=\\"md-layover md-layover--simplified md-inline-block md-menu-container\\"><button id=\\"focusFeedHeaderShowDrowpdownMenuResponsiveBtn\\" type=\\"button\\" class=\\"md-btn md-btn--flat md-btn--text md-pointer--hover md-text md-inline-block\\"><div class=\\"md-ink-container\\"></div><div class=\\"md-icon-separator\\"><i class=\\"md-icon material-icons md-text--inherit\\">more_vert</i><div class=\\"md-icon-separator md-icon-text\\"><span class=\\"md-icon-text\\"></span></div></div></button></div></div></div></div>"`;

exports[`FocusFeedHeader Component snapshot 1`] = `"<div id=\\"focusFeedHeader\\"><div class=\\"focus-basic-info\\"><button id=\\"focusFeedToggleDrawerBtn\\" type=\\"button\\" class=\\"md-btn md-btn--icon md-pointer--hover md-inline-block\\"><div class=\\"md-ink-container\\"></div><i class=\\"md-icon material-icons md-text--inherit\\">filter_list</i></button><div class=\\"focus-name-link\\">focus.value: <a href=\\"/focus/focus-id-1\\">focus-name-1</a></div><i class=\\"md-icon material-icons\\">chevron_right</i><span>focus.social_feed: </span><div class=\\"edit-name-handler\\"><span>feed-name</span><i class=\\"md-icon material-icons\\">edit</i></div></div><div class=\\"focus-options\\"><div class=\\"md-selection-control-container md-switch-container\\"><input type=\\"checkbox\\" id=\\"focusFeedHeaderToggleFeedEnabled\\" checked=\\"\\" class=\\"md-selection-control-input\\" name=\\"focusFeedHeaderToggleFeedEnabled\\" aria-hidden=\\"true\\"/><label for=\\"focusFeedHeaderToggleFeedEnabled\\" class=\\"md-selection-control-label md-pointer--hover md-text\\"><span id=\\"focusFeedHeaderToggleFeedEnabled-label\\">feed.status.active</span><div class=\\"md-switch-track md-pointer--hover md-switch-track--on\\"><div aria-labelledby=\\"focusFeedHeaderToggleFeedEnabled-label\\" role=\\"checkbox\\" aria-checked=\\"true\\" class=\\"md-fake-btn md-pointer--hover md-fake-btn--no-outline md-switch-thumb md-switch-thumb--on\\" tabindex=\\"0\\" aria-pressed=\\"false\\"><div class=\\"md-ink-container md-ink-container--2x\\"></div></div></div></label></div><div class=\\"menu-options\\"><div class=\\"menu-options-save\\"><button id=\\"focusFeedHeaderSaveFeedBtn\\" type=\\"button\\" class=\\"md-btn md-btn--flat md-btn--text md-pointer--hover md-text md-inline-block\\"><div class=\\"md-ink-container\\"></div><div class=\\"md-icon-separator\\"><i class=\\"md-icon material-icons md-text--inherit\\">save</i><span class=\\"md-icon-text\\">feed.form.save</span></div></button></div><div class=\\"menu-options-dropdown\\"><div id=\\"focusFeedHeaderDropdownMenu\\" aria-haspopup=\\"true\\" aria-expanded=\\"false\\" class=\\"md-layover md-layover--simplified md-inline-block md-menu-container\\"><button id=\\"focusFeedHeaderShowDrowpdownMenuBtn\\" type=\\"button\\" class=\\"md-btn md-btn--flat md-btn--text md-pointer--hover md-text md-inline-block\\"><div class=\\"md-ink-container\\"></div><div class=\\"md-icon-separator\\"><i class=\\"md-icon material-icons md-text--inherit\\">arrow_drop_down</i><div class=\\"md-icon-separator md-icon-text\\"><span class=\\"md-icon-text\\"></span></div></div></button></div></div></div><div class=\\"menu-options-responsive\\"><div id=\\"focusFeedHeaderDropdownMenuResponsive\\" aria-haspopup=\\"true\\" aria-expanded=\\"false\\" class=\\"md-layover md-layover--simplified md-inline-block md-menu-container\\"><button id=\\"focusFeedHeaderShowDrowpdownMenuResponsiveBtn\\" type=\\"button\\" class=\\"md-btn md-btn--flat md-btn--text md-pointer--hover md-text md-inline-block\\"><div class=\\"md-ink-container\\"></div><div class=\\"md-icon-separator\\"><i class=\\"md-icon material-icons md-text--inherit\\">more_vert</i><div class=\\"md-icon-separator md-icon-text\\"><span class=\\"md-icon-text\\"></span></div></div></button></div></div></div></div>"`;

exports[`FocusFeedHeader Component snapshot while fetching data 1`] = `"<div id=\\"focusFeedHeader\\"></div>"`;

exports[`FocusFeedHeader Component snapshot with edit name loading 1`] = `"<div id=\\"focusFeedHeader\\"><div class=\\"focus-basic-info\\"><button id=\\"focusFeedToggleDrawerBtn\\" type=\\"button\\" class=\\"md-btn md-btn--icon md-pointer--hover md-inline-block\\"><div class=\\"md-ink-container\\"></div><i class=\\"md-icon material-icons md-text--inherit\\">filter_list</i></button><div class=\\"focus-name-link\\">focus.value: <a href=\\"/focus/focus-id-1\\">focus-name-1</a></div><i class=\\"md-icon material-icons\\">chevron_right</i><span>focus.social_feed: </span><svg id=\\"focusFeedHeaderSavingFeedLoading\\" role=\\"progressbar\\" aria-valuemin=\\"0\\" aria-valuemax=\\"100\\" class=\\"md-progress md-progress--circular md-block-centered md-progress--circular-indeterminate\\" width=\\"18\\" height=\\"18\\" viewBox=\\"0 0 66 66\\"><circle class=\\"md-circular-progress-path md-circular-progress-path--animated\\" stroke-width=\\"6\\" stroke-linecap=\\"round\\" cx=\\"33\\" cy=\\"33\\" r=\\"30\\"></circle></svg></div><div class=\\"focus-options\\"><div class=\\"md-selection-control-container md-switch-container\\"><input type=\\"checkbox\\" id=\\"focusFeedHeaderToggleFeedEnabled\\" checked=\\"\\" class=\\"md-selection-control-input\\" name=\\"focusFeedHeaderToggleFeedEnabled\\" aria-hidden=\\"true\\"/><label for=\\"focusFeedHeaderToggleFeedEnabled\\" class=\\"md-selection-control-label md-pointer--hover md-text\\"><span id=\\"focusFeedHeaderToggleFeedEnabled-label\\">feed.status.active</span><div class=\\"md-switch-track md-pointer--hover md-switch-track--on\\"><div aria-labelledby=\\"focusFeedHeaderToggleFeedEnabled-label\\" role=\\"checkbox\\" aria-checked=\\"true\\" class=\\"md-fake-btn md-pointer--hover md-fake-btn--no-outline md-switch-thumb md-switch-thumb--on\\" tabindex=\\"0\\" aria-pressed=\\"false\\"><div class=\\"md-ink-container md-ink-container--2x\\"></div></div></div></label></div><div class=\\"menu-options\\"><div class=\\"menu-options-save\\"><button id=\\"focusFeedHeaderSaveFeedBtn\\" type=\\"button\\" class=\\"md-btn md-btn--flat md-btn--text md-pointer--hover md-text md-inline-block\\"><div class=\\"md-ink-container\\"></div><div class=\\"md-icon-separator\\"><i class=\\"md-icon material-icons md-text--inherit\\">save</i><span class=\\"md-icon-text\\">feed.form.save</span></div></button></div><div class=\\"menu-options-dropdown\\"><div id=\\"focusFeedHeaderDropdownMenu\\" aria-haspopup=\\"true\\" aria-expanded=\\"false\\" class=\\"md-layover md-layover--simplified md-inline-block md-menu-container\\"><button id=\\"focusFeedHeaderShowDrowpdownMenuBtn\\" type=\\"button\\" class=\\"md-btn md-btn--flat md-btn--text md-pointer--hover md-text md-inline-block\\"><div class=\\"md-ink-container\\"></div><div class=\\"md-icon-separator\\"><i class=\\"md-icon material-icons md-text--inherit\\">arrow_drop_down</i><div class=\\"md-icon-separator md-icon-text\\"><span class=\\"md-icon-text\\"></span></div></div></button></div></div></div><div class=\\"menu-options-responsive\\"><div id=\\"focusFeedHeaderDropdownMenuResponsive\\" aria-haspopup=\\"true\\" aria-expanded=\\"false\\" class=\\"md-layover md-layover--simplified md-inline-block md-menu-container\\"><button id=\\"focusFeedHeaderShowDrowpdownMenuResponsiveBtn\\" type=\\"button\\" class=\\"md-btn md-btn--flat md-btn--text md-pointer--hover md-text md-inline-block\\"><div class=\\"md-ink-container\\"></div><div class=\\"md-icon-separator\\"><i class=\\"md-icon material-icons md-text--inherit\\">more_vert</i><div class=\\"md-icon-separator md-icon-text\\"><span class=\\"md-icon-text\\"></span></div></div></button></div></div></div></div>"`;

exports[`FocusFeedHeader Component snapshot with feed disabled 1`] = `"<div id=\\"focusFeedHeader\\"><div class=\\"focus-basic-info\\"><button id=\\"focusFeedToggleDrawerBtn\\" type=\\"button\\" class=\\"md-btn md-btn--icon md-pointer--hover md-inline-block\\"><div class=\\"md-ink-container\\"></div><i class=\\"md-icon material-icons md-text--inherit\\">filter_list</i></button><div class=\\"focus-name-link\\">focus.value: <a href=\\"/focus/focus-id-1\\">focus-name-1</a></div><i class=\\"md-icon material-icons\\">chevron_right</i><span>focus.social_feed: </span><div class=\\"edit-name-handler\\"><span>feed-name</span><i class=\\"md-icon material-icons\\">edit</i></div></div><div class=\\"focus-options\\"><div class=\\"md-selection-control-container md-switch-container\\"><input type=\\"checkbox\\" id=\\"focusFeedHeaderToggleFeedEnabled\\" class=\\"md-selection-control-input\\" name=\\"focusFeedHeaderToggleFeedEnabled\\" aria-hidden=\\"true\\"/><label for=\\"focusFeedHeaderToggleFeedEnabled\\" class=\\"md-selection-control-label md-pointer--hover md-text\\"><span id=\\"focusFeedHeaderToggleFeedEnabled-label\\">feed.status.inactive</span><div class=\\"md-switch-track md-pointer--hover md-switch-track--off\\"><div aria-labelledby=\\"focusFeedHeaderToggleFeedEnabled-label\\" role=\\"checkbox\\" aria-checked=\\"false\\" class=\\"md-fake-btn md-pointer--hover md-fake-btn--no-outline md-switch-thumb md-switch-thumb--off\\" tabindex=\\"0\\" aria-pressed=\\"false\\"><div class=\\"md-ink-container md-ink-container--2x\\"></div></div></div></label></div><div class=\\"menu-options\\"><div class=\\"menu-options-save\\"><button id=\\"focusFeedHeaderSaveFeedBtn\\" type=\\"button\\" class=\\"md-btn md-btn--flat md-btn--text md-pointer--hover md-text md-inline-block\\"><div class=\\"md-ink-container\\"></div><div class=\\"md-icon-separator\\"><i class=\\"md-icon material-icons md-text--inherit\\">save</i><span class=\\"md-icon-text\\">feed.form.save</span></div></button></div><div class=\\"menu-options-dropdown\\"><div id=\\"focusFeedHeaderDropdownMenu\\" aria-haspopup=\\"true\\" aria-expanded=\\"false\\" class=\\"md-layover md-layover--simplified md-inline-block md-menu-container\\"><button id=\\"focusFeedHeaderShowDrowpdownMenuBtn\\" type=\\"button\\" class=\\"md-btn md-btn--flat md-btn--text md-pointer--hover md-text md-inline-block\\"><div class=\\"md-ink-container\\"></div><div class=\\"md-icon-separator\\"><i class=\\"md-icon material-icons md-text--inherit\\">arrow_drop_down</i><div class=\\"md-icon-separator md-icon-text\\"><span class=\\"md-icon-text\\"></span></div></div></button></div></div></div><div class=\\"menu-options-responsive\\"><div id=\\"focusFeedHeaderDropdownMenuResponsive\\" aria-haspopup=\\"true\\" aria-expanded=\\"false\\" class=\\"md-layover md-layover--simplified md-inline-block md-menu-container\\"><button id=\\"focusFeedHeaderShowDrowpdownMenuResponsiveBtn\\" type=\\"button\\" class=\\"md-btn md-btn--flat md-btn--text md-pointer--hover md-text md-inline-block\\"><div class=\\"md-ink-container\\"></div><div class=\\"md-icon-separator\\"><i class=\\"md-icon material-icons md-text--inherit\\">more_vert</i><div class=\\"md-icon-separator md-icon-text\\"><span class=\\"md-icon-text\\"></span></div></div></button></div></div></div></div>"`;

exports[`FocusFeedHeader Component snapshot with save feed loading 1`] = `"<div id=\\"focusFeedHeader\\"></div>"`;

exports[`FocusFeedHeader Component snapshot with show feed duplicate dialog 1`] = `
"<div id=\\"focusFeedHeader\\">
  <div className=\\"focus-basic-info\\">
    <withInk(withTooltip(Button)) id=\\"focusFeedToggleDrawerBtn\\" icon={true} onClick={[Function: onClick]} inkTransitionOverlap={150} inkTransitionEnterTimeout={450} inkTransitionLeaveTimeout={300}>
      filter_list
    </withInk(withTooltip(Button))>
    <div className=\\"focus-name-link\\">
      focus.value
      : 
      <a href=\\"/focus/focus-id-1\\">
        focus-name-1
      </a>
    </div>
    <FontIcon iconClassName=\\"material-icons\\">
      chevron_right
    </FontIcon>
    <span>
      focus.social_feed
      : 
    </span>
    <div className=\\"edit-name-handler\\" onClick={[Function: onClick]}>
      <span>
        feed-name
      </span>
      <FontIcon iconClassName=\\"material-icons\\">
        edit
      </FontIcon>
    </div>
  </div>
  <div className=\\"focus-options\\">
    <SelectionControl id=\\"focusFeedHeaderToggleFeedEnabled\\" type=\\"switch\\" label=\\"feed.status.active\\" name=\\"focusFeedHeaderToggleFeedEnabled\\" checked={true} labelBefore={true} onChange={[Function: onChange]} checkedCheckboxIcon={{...}} uncheckedCheckboxIcon={{...}} checkedRadioIcon={{...}} uncheckedRadioIcon={{...}} />
    <div className=\\"menu-options\\">
      <div className=\\"menu-options-save\\">
        <withInk(withTooltip(Button)) id=\\"focusFeedHeaderSaveFeedBtn\\" flat={true} iconEl={{...}} onClick={[Function: onClick]} inkTransitionOverlap={150} inkTransitionEnterTimeout={450} inkTransitionLeaveTimeout={300}>
          feed.form.save
        </withInk(withTooltip(Button))>
      </div>
      <div className=\\"menu-options-dropdown\\">
        <DropdownMenu id=\\"focusFeedHeaderDropdownMenu\\" position=\\"br\\" menuItems={{...}} defaultVisible={false} repositionOnScroll={true} repositionOnResize={false}>
          <withInk(withTooltip(Button)) id=\\"focusFeedHeaderShowDrowpdownMenuBtn\\" flat={true} iconEl={{...}} inkTransitionOverlap={150} inkTransitionEnterTimeout={450} inkTransitionLeaveTimeout={300}>
            <IconSeparator label=\\"\\" component=\\"div\\" />
          </withInk(withTooltip(Button))>
        </DropdownMenu>
      </div>
    </div>
    <div className=\\"menu-options-responsive\\">
      <DropdownMenu id=\\"focusFeedHeaderDropdownMenuResponsive\\" position=\\"br\\" menuItems={{...}} defaultVisible={false} repositionOnScroll={true} repositionOnResize={false}>
        <withInk(withTooltip(Button)) id=\\"focusFeedHeaderShowDrowpdownMenuResponsiveBtn\\" flat={true} iconEl={{...}} inkTransitionOverlap={150} inkTransitionEnterTimeout={450} inkTransitionLeaveTimeout={300}>
          <IconSeparator label=\\"\\" component=\\"div\\" />
        </withInk(withTooltip(Button))>
      </DropdownMenu>
    </div>
  </div>
  <Connect(FocusFeedDuplicateFeedDialog) />
</div>"
`;

exports[`FocusFeedHeader Component with edit name enabled 1`] = `"<div id=\\"focusFeedHeader\\"><div class=\\"focus-basic-info\\"><button id=\\"focusFeedToggleDrawerBtn\\" type=\\"button\\" class=\\"md-btn md-btn--icon md-pointer--hover md-inline-block\\"><div class=\\"md-ink-container\\"></div><i class=\\"md-icon material-icons md-text--inherit\\">filter_list</i></button><div class=\\"focus-name-link\\">focus.value: <a href=\\"/focus/focus-id-1\\">focus-name-1</a></div><i class=\\"md-icon material-icons\\">chevron_right</i><span>focus.social_feed: </span><div class=\\"md-text-field-container md-inline-block md-text-field-container--input focus-feed-header-edit-name\\"><label for=\\"focusFeedHeaderEditName\\" class=\\"md-floating-label md-floating-label--floating md-text--secondary\\">name</label><input type=\\"text\\" value=\\"name\\" id=\\"focusFeedHeaderEditName\\" placeholder=\\"name\\" class=\\"md-text-field md-text-field--floating-margin md-text\\"/><hr class=\\"md-divider md-divider--text-field md-divider--expand-from-center\\"/></div></div><div class=\\"focus-options\\"><div class=\\"md-selection-control-container md-switch-container\\"><input type=\\"checkbox\\" id=\\"focusFeedHeaderToggleFeedEnabled\\" checked=\\"\\" class=\\"md-selection-control-input\\" name=\\"focusFeedHeaderToggleFeedEnabled\\" aria-hidden=\\"true\\"/><label for=\\"focusFeedHeaderToggleFeedEnabled\\" class=\\"md-selection-control-label md-pointer--hover md-text\\"><span id=\\"focusFeedHeaderToggleFeedEnabled-label\\">feed.status.active</span><div class=\\"md-switch-track md-pointer--hover md-switch-track--on\\"><div aria-labelledby=\\"focusFeedHeaderToggleFeedEnabled-label\\" role=\\"checkbox\\" aria-checked=\\"true\\" class=\\"md-fake-btn md-pointer--hover md-fake-btn--no-outline md-switch-thumb md-switch-thumb--on\\" tabindex=\\"0\\" aria-pressed=\\"false\\"><div class=\\"md-ink-container md-ink-container--2x\\"></div></div></div></label></div><div class=\\"menu-options\\"><div class=\\"menu-options-save\\"><button id=\\"focusFeedHeaderSaveFeedBtn\\" type=\\"button\\" class=\\"md-btn md-btn--flat md-btn--text md-pointer--hover md-text md-inline-block\\"><div class=\\"md-ink-container\\"></div><div class=\\"md-icon-separator\\"><i class=\\"md-icon material-icons md-text--inherit\\">save</i><span class=\\"md-icon-text\\">feed.form.save</span></div></button></div><div class=\\"menu-options-dropdown\\"><div id=\\"focusFeedHeaderDropdownMenu\\" aria-haspopup=\\"true\\" aria-expanded=\\"false\\" class=\\"md-layover md-layover--simplified md-inline-block md-menu-container\\"><button id=\\"focusFeedHeaderShowDrowpdownMenuBtn\\" type=\\"button\\" class=\\"md-btn md-btn--flat md-btn--text md-pointer--hover md-text md-inline-block\\"><div class=\\"md-ink-container\\"></div><div class=\\"md-icon-separator\\"><i class=\\"md-icon material-icons md-text--inherit\\">arrow_drop_down</i><div class=\\"md-icon-separator md-icon-text\\"><span class=\\"md-icon-text\\"></span></div></div></button></div></div></div><div class=\\"menu-options-responsive\\"><div id=\\"focusFeedHeaderDropdownMenuResponsive\\" aria-haspopup=\\"true\\" aria-expanded=\\"false\\" class=\\"md-layover md-layover--simplified md-inline-block md-menu-container\\"><button id=\\"focusFeedHeaderShowDrowpdownMenuResponsiveBtn\\" type=\\"button\\" class=\\"md-btn md-btn--flat md-btn--text md-pointer--hover md-text md-inline-block\\"><div class=\\"md-ink-container\\"></div><div class=\\"md-icon-separator\\"><i class=\\"md-icon material-icons md-text--inherit\\">more_vert</i><div class=\\"md-icon-separator md-icon-text\\"><span class=\\"md-icon-text\\"></span></div></div></button></div></div></div></div>"`;
